Component: ARM Compiler 5.05 update 2 (build 169) Tool: armlink [4d0f33]

==============================================================================

Section Cross References

    startup_stm32f10x_hd.o(RESET) refers to startup_stm32f10x_hd.o(STACK) for __initial_sp
    startup_stm32f10x_hd.o(RESET) refers to startup_stm32f10x_hd.o(.text) for Reset_Handler
    startup_stm32f10x_hd.o(RESET) refers to stm32f10x_it.o(.text) for NMI_Handler
    startup_stm32f10x_hd.o(RESET) refers to exti.o(.text) for EXTI0_IRQHandler
    startup_stm32f10x_hd.o(.text) refers to system_stm32f10x.o(.text) for SystemInit
    startup_stm32f10x_hd.o(.text) refers to entry.o(.ARM.Collect$$$$00000000) for __main
    system_stm32f10x.o(.text) refers to system_stm32f10x.o(.data) for SystemCoreClock
    stm32f10x_adc.o(.text) refers to stm32f10x_rcc.o(.text) for RCC_APB2PeriphResetCmd
    stm32f10x_bkp.o(.text) refers to stm32f10x_rcc.o(.text) for RCC_BackupResetCmd
    stm32f10x_can.o(.text) refers to stm32f10x_rcc.o(.text) for RCC_APB1PeriphResetCmd
    stm32f10x_cec.o(.text) refers to stm32f10x_rcc.o(.text) for RCC_APB1PeriphResetCmd
    stm32f10x_dac.o(.text) refers to stm32f10x_rcc.o(.text) for RCC_APB1PeriphResetCmd
    stm32f10x_gpio.o(.text) refers to stm32f10x_rcc.o(.text) for RCC_APB2PeriphResetCmd
    stm32f10x_i2c.o(.text) refers to stm32f10x_rcc.o(.text) for RCC_APB1PeriphResetCmd
    stm32f10x_pwr.o(.text) refers to stm32f10x_rcc.o(.text) for RCC_APB1PeriphResetCmd
    stm32f10x_rcc.o(.text) refers to stm32f10x_rcc.o(.data) for APBAHBPrescTable
    stm32f10x_spi.o(.text) refers to stm32f10x_rcc.o(.text) for RCC_APB2PeriphResetCmd
    stm32f10x_tim.o(.text) refers to stm32f10x_rcc.o(.text) for RCC_APB2PeriphResetCmd
    stm32f10x_usart.o(.text) refers to stm32f10x_rcc.o(.text) for RCC_APB2PeriphResetCmd
    stm32f10x_wwdg.o(.text) refers to stm32f10x_rcc.o(.text) for RCC_APB1PeriphResetCmd
    main.o(.text) refers to bsp_led.o(.text) for LED_GPIO_Config
    main.o(.text) refers to bsp_usart.o(.text) for USART_Config
    main.o(.text) refers to bsp_usart3.o(.text) for USART_Config3
    main.o(.text) refers to uart4.o(.text) for UART_Config4
    main.o(.text) refers to bsp_systick.o(.text) for SysTick_Init
    main.o(.text) refers to key.o(.text) for KEY_Init
    main.o(.text) refers to exti.o(.text) for EXTIX_Init
    main.o(.text) refers to tim1.o(.text) for TIM1_Init
    main.o(.text) refers to tim8.o(.text) for TIM8_Init
    main.o(.text) refers to bjdjt.o(.text) for BJDJT_GPIO_Config
    main.o(.text) refers to bjdj.o(.text) for BJDJ_GPIO_Config
    main.o(.text) refers to tim6.o(.text) for TIM6_Init
    main.o(.text) refers to encodertim3.o(.text) for TIM3_DCmotor_ENCODER_Init
    main.o(.text) refers to tim4.o(.text) for IncPIDInit
    main.o(.text) refers to stm32f10x_tim.o(.text) for TIM_SetCompare1
    main.o(.text) refers to openmv.o(.text) for openmvData
    main.o(.text) refers to tim8.o(.bss) for Steer
    stm32f10x_it.o(.text) refers to bsp_systick.o(.text) for TimingDelay_Decrement
    stm32f10x_it.o(.text) refers to stm32f10x_usart.o(.text) for USART_GetITStatus
    stm32f10x_it.o(.text) refers to bsp_usart.o(.text) for Usart_SendByte
    stm32f10x_it.o(.text) refers to stm32f10x_tim.o(.text) for TIM_GetITStatus
    stm32f10x_it.o(.text) refers to microstepdriver.o(.data) for status
    stm32f10x_it.o(.text) refers to bsp_usart.o(.data) for UART_RxPtr
    stm32f10x_it.o(.text) refers to bsp_usart.o(.bss) for UART_RxBuffer
    stm32f10x_it.o(.text) refers to stm32f10x_it.o(.data) for rxtx_mode
    stm32f10x_it.o(.text) refers to bsp_usart3.o(.bss) for UART_RxBuffer3
    stm32f10x_it.o(.text) refers to ultrasonic.o(.bss) for ultrasonic1
    stm32f10x_it.o(.text) refers to tim4.o(.text) for Stop_it
    stm32f10x_it.o(.text) refers to encodertim3.o(.data) for CaptureNumberA1
    bsp_led.o(.text) refers to stm32f10x_rcc.o(.text) for RCC_APB2PeriphClockCmd
    bsp_led.o(.text) refers to stm32f10x_gpio.o(.text) for GPIO_Init
    bsp_usart.o(.text) refers to misc.o(.text) for NVIC_PriorityGroupConfig
    bsp_usart.o(.text) refers to stm32f10x_rcc.o(.text) for RCC_APB2PeriphClockCmd
    bsp_usart.o(.text) refers to stm32f10x_gpio.o(.text) for GPIO_Init
    bsp_usart.o(.text) refers to stm32f10x_usart.o(.text) for USART_Init
    bsp_usart.o(.text) refers to bsp_usart.o(.data) for UART_RxPtr
    bsp_usart.o(.text) refers to bsp_usart.o(.bss) for UART_RxBuffer
    bsp_usart3.o(.text) refers to misc.o(.text) for NVIC_PriorityGroupConfig
    bsp_usart3.o(.text) refers to stm32f10x_rcc.o(.text) for RCC_APB2PeriphClockCmd
    bsp_usart3.o(.text) refers to stm32f10x_gpio.o(.text) for GPIO_Init
    bsp_usart3.o(.text) refers to stm32f10x_usart.o(.text) for USART_Init
    bsp_usart3.o(.text) refers to bsp_usart3.o(.data) for UART_RxPtr3
    bsp_usart3.o(.text) refers to bsp_usart3.o(.bss) for UART_RxBuffer3
    beep.o(.text) refers to stm32f10x_rcc.o(.text) for RCC_APB2PeriphClockCmd
[...]
    printf7.o(i.__0vprintf$7) refers to bsp_usart.o(.text) for fputc
    printf7.o(i.__0vprintf$7) refers to stdout.o(.data) for __stdout
    printf7.o(i.__0vsnprintf$7) refers to printf7.o(i._printf_core) for _printf_core
    printf7.o(i.__0vsnprintf$7) refers to printf7.o(i._snputc) for _snputc
    printf7.o(i.__0vsprintf$7) refers to printf7.o(i._printf_core) for _printf_core
    printf7.o(i.__0vsprintf$7) refers to printf7.o(i._sputc) for _sputc
    printf7.o(i._printf_core) refers to printf7.o(i._printf_pre_padding) for _printf_pre_padding
    printf7.o(i._printf_core) refers to uldiv.o(.text) for __aeabi_uldivmod
    printf7.o(i._printf_core) refers to printf7.o(i._printf_post_padding) for _printf_post_padding
    printf8.o(i.__0fprintf$8) refers to printf8.o(i._printf_core) for _printf_core
    printf8.o(i.__0fprintf$8) refers to bsp_usart.o(.text) for fputc
    printf8.o(i.__0printf$8) refers to printf8.o(i._printf_core) for _printf_core
    printf8.o(i.__0printf$8) refers to bsp_usart.o(.text) for fputc
    printf8.o(i.__0printf$8) refers to stdout.o(.data) for __stdout
    printf8.o(i.__0snprintf$8) refers to printf8.o(i._printf_core) for _printf_core
    printf8.o(i.__0snprintf$8) refers to printf8.o(i._snputc) for _snputc
    printf8.o(i.__0sprintf$8) refers to printf8.o(i._printf_core) for _printf_core
    printf8.o(i.__0sprintf$8) refers to printf8.o(i._sputc) for _sputc
    printf8.o(i.__0vfprintf$8) refers to printf8.o(i._printf_core) for _printf_core
    printf8.o(i.__0vfprintf$8) refers to bsp_usart.o(.text) for fputc
    printf8.o(i.__0vprintf$8) refers to printf8.o(i._printf_core) for _printf_core
    printf8.o(i.__0vprintf$8) refers to bsp_usart.o(.text) for fputc
    printf8.o(i.__0vprintf$8) refers to stdout.o(.data) for __stdout
    printf8.o(i.__0vsnprintf$8) refers to printf8.o(i._printf_core) for _printf_core
    printf8.o(i.__0vsnprintf$8) refers to printf8.o(i._snputc) for _snputc
    printf8.o(i.__0vsprintf$8) refers to printf8.o(i._printf_core) for _printf_core
    printf8.o(i.__0vsprintf$8) refers to printf8.o(i._sputc) for _sputc
    printf8.o(i._printf_core) refers to printf8.o(i._printf_pre_padding) for _printf_pre_padding
    printf8.o(i._printf_core) refers to uldiv.o(.text) for __aeabi_uldivmod
    printf8.o(i._printf_core) refers to printf8.o(i._printf_post_padding) for _printf_post_padding
    printfa.o(i.__0fprintf) refers (Special) to iusefp.o(.text) for __I$use$fp
    printfa.o(i.__0fprintf) refers to printfa.o(i._printf_core) for _printf_core
    printfa.o(i.__0fprintf) refers to bsp_usart.o(.text) for fputc
    printfa.o(i.__0printf) refers (Special) to iusefp.o(.text) for __I$use$fp
    printfa.o(i.__0printf) refers to printfa.o(i._printf_core) for _printf_core
    printfa.o(i.__0printf) refers to bsp_usart.o(.text) for fputc
    printfa.o(i.__0printf) refers to stdout.o(.data) for __stdout
    printfa.o(i.__0snprintf) refers (Special) to iusefp.o(.text) for __I$use$fp
    printfa.o(i.__0snprintf) refers to printfa.o(i._printf_core) for _printf_core
    printfa.o(i.__0snprintf) refers to printfa.o(i._snputc) for _snputc
    printfa.o(i.__0sprintf) refers (Special) to iusefp.o(.text) for __I$use$fp
    printfa.o(i.__0sprintf) refers to printfa.o(i._printf_core) for _printf_core
    printfa.o(i.__0sprintf) refers to printfa.o(i._sputc) for _sputc
    printfa.o(i.__0vfprintf) refers (Special) to iusefp.o(.text) for __I$use$fp
    printfa.o(i.__0vfprintf) refers to printfa.o(i._printf_core) for _printf_core
    printfa.o(i.__0vfprintf) refers to bsp_usart.o(.text) for fputc
    printfa.o(i.__0vprintf) refers (Special) to iusefp.o(.text) for __I$use$fp
    printfa.o(i.__0vprintf) refers to printfa.o(i._printf_core) for _printf_core
    printfa.o(i.__0vprintf) refers to bsp_usart.o(.text) for fputc
    printfa.o(i.__0vprintf) refers to stdout.o(.data) for __stdout
    printfa.o(i.__0vsnprintf) refers (Special) to iusefp.o(.text) for __I$use$fp
    printfa.o(i.__0vsnprintf) refers to printfa.o(i._printf_core) for _printf_core
    printfa.o(i.__0vsnprintf) refers to printfa.o(i._snputc) for _snputc
    printfa.o(i.__0vsprintf) refers (Special) to iusefp.o(.text) for __I$use$fp
    printfa.o(i.__0vsprintf) refers to printfa.o(i._printf_core) for _printf_core
    printfa.o(i.__0vsprintf) refers to printfa.o(i._sputc) for _sputc
    printfa.o(i._fp_digits) refers (Special) to iusefp.o(.text) for __I$use$fp
    printfa.o(i._fp_digits) refers to dmul.o(.text) for __aeabi_dmul
    printfa.o(i._fp_digits) refers to ddiv.o(.text) for __aeabi_ddiv
    printfa.o(i._fp_digits) refers to cdrcmple.o(.text) for __aeabi_cdrcmple
    printfa.o(i._fp_digits) refers to dadd.o(.text) for __aeabi_dadd
    printfa.o(i._fp_digits) refers to dfixul.o(.text) for __aeabi_d2ulz
    printfa.o(i._fp_digits) refers to uldiv.o(.text) for __aeabi_uldivmod
    printfa.o(i._printf_core) refers (Special) to iusefp.o(.text) for __I$use$fp
    printfa.o(i._printf_core) refers to printfa.o(i._printf_pre_padding) for _printf_pre_padding
    printfa.o(i._printf_core) refers to uldiv.o(.text) for __aeabi_uldivmod
    printfa.o(i._printf_core) refers to printfa.o(i._printf_post_padding) for _printf_post_padding
    printfa.o(i._printf_core) refers to printfa.o(i._fp_digits) for _fp_digits
    printfa.o(i._printf_core) refers to uidiv.o(.text) for __aeabi_uidivmod
    printfa.o(i._printf_post_padding) refers (Special) to iusefp.o(.text) for __I$use$fp
    printfa.o(i._printf_pre_padding) refers (Special) to iusefp.o(.text) for __I$use$fp
    printfa.o(i._snputc) refers (Special) to iusefp.o(.text) for __I$use$fp
    printfa.o(i._sputc) refers (Special) to iusefp.o(.text) for __I$use$fp
    atoi.o(.text) refers to errno.o(i.__aeabi_errno_addr) for __aeabi_errno_addr
    atoi.o(.text) refers to strtol.o(.text) for strtol
    fadd.o(.text) refers (Special) to iusefp.o(.text) for __I$use$fp
    fadd.o(.text) refers to fepilogue.o(.text) for _float_epilogue
    fmul.o(.text) refers (Special) to iusefp.o(.text) for __I$use$fp
    dadd.o(.text) refers (Special) to iusefp.o(.text) for __I$use$fp
    dadd.o(.text) refers to llshl.o(.text) for __aeabi_llsl
    dadd.o(.text) refers to llsshr.o(.text) for __aeabi_lasr
    dadd.o(.text) refers to depilogue.o(.text) for _double_epilogue
    dmul.o(.text) refers (Special) to iusefp.o(.text) for __I$use$fp
    dmul.o(.text) refers to depilogue.o(.text) for _double_epilogue
    ddiv.o(.text) refers (Special) to iusefp.o(.text) for __I$use$fp
    ddiv.o(.text) refers to depilogue.o(.text) for _double_round
    fflti.o(.text) refers (Special) to iusefp.o(.text) for __I$use$fp
    fflti.o(.text) refers to fepilogue.o(.text) for _float_epilogue
    dflti.o(.text) refers (Special) to iusefp.o(.text) for __I$use$fp
    dflti.o(.text) refers to depilogue.o(.text) for _double_epilogue
    dfltui.o(.text) refers (Special) to iusefp.o(.text) for __I$use$fp
    dfltui.o(.text) refers to depilogue.o(.text) for _double_epilogue
    ffixi.o(.text) refers (Special) to iusefp.o(.text) for __I$use$fp
    dfixi.o(.text) refers (Special) to iusefp.o(.text) for __I$use$fp
    dfixi.o(.text) refers to llushr.o(.text) for __aeabi_llsr
    dfixui.o(.text) refers (Special) to iusefp.o(.text) for __I$use$fp
    dfixui.o(.text) refers to llushr.o(.text) for __aeabi_llsr
    entry2.o(.ARM.Collect$$$$00000001) refers to entry2.o(.ARM.Collect$$$$00002712) for __lit__00000000
    entry2.o(.ARM.Collect$$$$00002712) refers to startup_stm32f10x_hd.o(STACK) for __initial_sp
    entry2.o(__vectab_stack_and_reset_area) refers to startup_stm32f10x_hd.o(STACK) for __initial_sp
    entry2.o(__vectab_stack_and_reset_area) refers to entry.o(.ARM.Collect$$$$00000000) for __main
    entry5.o(.ARM.Collect$$$$00000004) refers to init.o(.text) for __scatterload
    entry9a.o(.ARM.Collect$$$$0000000B) refers to main.o(.text) for main
    entry9b.o(.ARM.Collect$$$$0000000C) refers to main.o(.text) for main
    uldiv.o(.text) refers to llushr.o(.text) for __aeabi_llsr
    uldiv.o(.text) refers to llshl.o(.text) for __aeabi_llsl
    errno.o(i.__aeabi_errno_addr) refers to errno.o(.data) for .data
    errno.o(i.__read_errno) refers to errno.o(.data) for .data
    errno.o(i.__set_errno) refers to errno.o(.data) for .data
    strtol.o(.text) refers to ctype_o.o(.text) for __rt_ctype_table
    strtol.o(.text) refers to _strtoul.o(.text) for _strtoul
    strtol.o(.text) refers to errno.o(i.__aeabi_errno_addr) for __aeabi_errno_addr
    depilogue.o(.text) refers to llshl.o(.text) for __aeabi_llsl
    depilogue.o(.text) refers to llushr.o(.text) for __aeabi_llsr
    dsqrt.o(.text) refers to llushr.o(.text) for __aeabi_llsr
    dsqrt.o(.text) refers to depilogue.o(.text) for _double_round
    dfixul.o(.text) refers to llushr.o(.text) for __aeabi_llsr
    dfixul.o(.text) refers to llshl.o(.text) for __aeabi_llsl
    init.o(.text) refers to entry5.o(.ARM.Collect$$$$00000004) for __main_after_scatterload
    ctype_o.o(.text) refers to ctype_o.o(.constdata) for .constdata
    ctype_o.o(.constdata) refers to ctype_o.o(.constdata) for __ctype_table
    isalnum_o.o(.text) refers to ctype_o.o(.text) for __rt_ctype_table
    isalpha_o.o(.text) refers to ctype_o.o(.text) for __rt_ctype_table
    isblank_o.o(.text) refers to ctype_o.o(.constdata) for __ctype_table
    iscntrl_o.o(.text) refers to ctype_o.o(.text) for __rt_ctype_table
    isdigit_o.o(.text) refers to ctype_o.o(.text) for __rt_ctype_table
    isgraph_o.o(.text) refers to ctype_o.o(.text) for __rt_ctype_table
    islower_o.o(.text) refers to ctype_o.o(.text) for __rt_ctype_table
    isprint_o.o(.text) refers to ctype_o.o(.text) for __rt_ctype_table
    ispunct_o.o(.text) refers to ctype_o.o(.text) for __rt_ctype_table
    isspace_o.o(.text) refers to ctype_o.o(.text) for __rt_ctype_table
    isupper_o.o(.text) refers to ctype_o.o(.text) for __rt_ctype_table
    isxdigit_o.o(.text) refers to ctype_o.o(.text) for __rt_ctype_table
    _strtoul.o(.text) refers to _chval.o(.text) for _chval
    _strtoul.o(.text) refers to errno.o(i.__aeabi_errno_addr) for __aeabi_errno_addr


==============================================================================

Removing Unused input sections from the image.

    Removing startup_stm32f10x_hd.o(HEAP), (512 bytes).
    Removing core_cm3.o(.emb_text), (32 bytes).
    Removing stm32f10x_adc.o(.text), (1102 bytes).
    Removing stm32f10x_bkp.o(.text), (196 bytes).
    Removing stm32f10x_can.o(.text), (2544 bytes).
    Removing stm32f10x_cec.o(.text), (288 bytes).
    Removing stm32f10x_crc.o(.text), (72 bytes).
    Removing stm32f10x_dac.o(.text), (396 bytes).
    Removing stm32f10x_dbgmcu.o(.text), (48 bytes).
    Removing stm32f10x_dma.o(.text), (596 bytes).
    Removing stm32f10x_flash.o(.text), (1468 bytes).
    Removing stm32f10x_fsmc.o(.text), (1548 bytes).
    Removing stm32f10x_i2c.o(.text), (1028 bytes).
    Removing stm32f10x_pwr.o(.text), (204 bytes).
    Removing stm32f10x_iwdg.o(.text), (64 bytes).
    Removing stm32f10x_rtc.o(.text), (328 bytes).
    Removing stm32f10x_sdio.o(.text), (468 bytes).
    Removing stm32f10x_spi.o(.text), (780 bytes).
    Removing stm32f10x_wwdg.o(.text), (136 bytes).
    Removing beep.o(.text), (72 bytes).
    Removing openmv.o(.data), (4 bytes).
    Removing timer.o(.text), (280 bytes).
    Removing ultrasonic.o(.text), (828 bytes).
    Removing ultrasonic.o(.data), (4 bytes).
    Removing microstepdriver.o(.text), (884 bytes).
    Removing microstepdriver.o(.bss), (24 bytes).
    Removing microstepdriver.o(.conststring), (143 bytes).
    Removing msd_test.o(.text), (1740 bytes).
    Removing msd_test.o(.conststring), (494 bytes).
    Removing msd_test.o(.data), (20 bytes).
    Removing gesture.o(.text), (1196 bytes).
    Removing gesture.o(.constdata), (232 bytes).
    Removing lcd.o(.text), (19136 bytes).
    Removing lcd.o(.bss), (14 bytes).
    Removing lcd.o(.constdata), (6080 bytes).
    Removing lcd.o(.data), (4 bytes).
    Removing simulate.o(.text), (456 bytes).
    Removing dfltui.o(.text), (26 bytes).
    Removing dfixui.o(.text), (50 bytes).
    Removing dsqrt.o(.text), (162 bytes).
    Removing cdcmple.o(.text), (48 bytes).

41 unused section(s) (total 43707 bytes) removed from the image.

==============================================================================

Image Symbol Table

    Local Symbols

    Symbol Name                              Value     Ov Type        Size  Object(Section)

    ../clib/microlib/ctype/ctype.c           0x00000000   Number         0  isupper_o.o ABSOLUTE
    ../clib/microlib/ctype/ctype.c           0x00000000   Number         0  isxdigit_o.o ABSOLUTE
    ../clib/microlib/ctype/ctype.c           0x00000000   Number         0  ctype_o.o ABSOLUTE
    ../clib/microlib/ctype/ctype.c           0x00000000   Number         0  isalnum_o.o ABSOLUTE
    ../clib/microlib/ctype/ctype.c           0x00000000   Number         0  isalpha_o.o ABSOLUTE
    ../clib/microlib/ctype/ctype.c           0x00000000   Number         0  isblank_o.o ABSOLUTE
    ../clib/microlib/ctype/ctype.c           0x00000000   Number         0  islower_o.o ABSOLUTE
    ../clib/microlib/ctype/ctype.c           0x00000000   Number         0  iscntrl_o.o ABSOLUTE
    ../clib/microlib/ctype/ctype.c           0x00000000   Number         0  isgraph_o.o ABSOLUTE
    ../clib/microlib/ctype/ctype.c           0x00000000   Number         0  isdigit_o.o ABSOLUTE
    ../clib/microlib/ctype/ctype.c           0x00000000   Number         0  isprint_o.o ABSOLUTE
    ../clib/microlib/ctype/ctype.c           0x00000000   Number         0  ispunct_o.o ABSOLUTE
    ../clib/microlib/ctype/ctype.c           0x00000000   Number         0  isspace_o.o ABSOLUTE
    ../clib/microlib/division.c              0x00000000   Number         0  uldiv.o ABSOLUTE
    ../clib/microlib/division.c              0x00000000   Number         0  uidiv.o ABSOLUTE
    ../clib/microlib/errno.c                 0x00000000   Number         0  errno.o ABSOLUTE
    ../clib/microlib/init/entry.s            0x00000000   Number         0  entry11b.o ABSOLUTE
    ../clib/microlib/init/entry.s            0x00000000   Number         0  entry10a.o ABSOLUTE
    ../clib/microlib/init/entry.s            0x00000000   Number         0  entry9b.o ABSOLUTE
    ../clib/microlib/init/entry.s            0x00000000   Number         0  entry9a.o ABSOLUTE
    ../clib/microlib/init/entry.s            0x00000000   Number         0  entry11a.o ABSOLUTE
    ../clib/microlib/init/entry.s            0x00000000   Number         0  entry8a.o ABSOLUTE
    ../clib/microlib/init/entry.s            0x00000000   Number         0  entry7b.o ABSOLUTE
    ../clib/microlib/init/entry.s            0x00000000   Number         0  entry7a.o ABSOLUTE
    ../clib/microlib/init/entry.s            0x00000000   Number         0  entry2.o ABSOLUTE
    ../clib/microlib/init/entry.s            0x00000000   Number         0  entry5.o ABSOLUTE
    ../clib/microlib/init/entry.s            0x00000000   Number         0  entry8b.o ABSOLUTE
    ../clib/microlib/init/entry.s            0x00000000   Number         0  entry.o ABSOLUTE
    ../clib/microlib/init/entry.s            0x00000000   Number         0  entry10b.o ABSOLUTE
    ../clib/microlib/longlong.c              0x00000000   Number         0  llshl.o ABSOLUTE
    ../clib/microlib/longlong.c              0x00000000   Number         0  llsshr.o ABSOLUTE
    ../clib/microlib/longlong.c              0x00000000   Number         0  llushr.o ABSOLUTE
    ../clib/microlib/printf/printf.c         0x00000000   Number         0  printf6.o ABSOLUTE
    ../clib/microlib/printf/printf.c         0x00000000   Number         0  printf7.o ABSOLUTE
    ../clib/microlib/printf/printf.c         0x00000000   Number         0  printf1.o ABSOLUTE
    ../clib/microlib/printf/printf.c         0x00000000   Number         0  printf8.o ABSOLUTE
    ../clib/microlib/printf/printf.c         0x00000000   Number         0  printfa.o ABSOLUTE
    ../clib/microlib/printf/printf.c         0x00000000   Number         0  printf5.o ABSOLUTE
    ../clib/microlib/printf/printf.c         0x00000000   Number         0  printf0.o ABSOLUTE
    ../clib/microlib/printf/printf.c         0x00000000   Number         0  printf3.o ABSOLUTE
    ../clib/microlib/printf/printf.c         0x00000000   Number         0  printfb.o ABSOLUTE
    ../clib/microlib/printf/printf.c         0x00000000   Number         0  printf2.o ABSOLUTE
    ../clib/microlib/printf/printf.c         0x00000000   Number         0  printf4.o ABSOLUTE
    ../clib/microlib/printf/stubs.s          0x00000000   Number         0  stubs.o ABSOLUTE
    ../clib/microlib/stdio/streams.c         0x00000000   Number         0  stdout.o ABSOLUTE
    ../clib/microlib/stubs.s                 0x00000000   Number         0  iusefp.o ABSOLUTE
    ../clib/scanf.c                          0x00000000   Number         0  strtol.o ABSOLUTE
    ../clib/scanf.c                          0x00000000   Number         0  _chval.o ABSOLUTE
    ../clib/scanf.c                          0x00000000   Number         0  _strtoul.o ABSOLUTE
    ../clib/scanf.c                          0x00000000   Number         0  atoi.o ABSOLUTE
    ../fplib/microlib/fpadd.c                0x00000000   Number         0  dadd.o ABSOLUTE
    ../fplib/microlib/fpadd.c                0x00000000   Number         0  fadd.o ABSOLUTE
    ../fplib/microlib/fpdiv.c                0x00000000   Number         0  ddiv.o ABSOLUTE
    ../fplib/microlib/fpepilogue.c           0x00000000   Number         0  fepilogue.o ABSOLUTE
    ../fplib/microlib/fpepilogue.c           0x00000000   Number         0  depilogue.o ABSOLUTE
    ../fplib/microlib/fpfix.c                0x00000000   Number         0  ffixi.o ABSOLUTE
    ../fplib/microlib/fpfix.c                0x00000000   Number         0  dfixi.o ABSOLUTE
    ../fplib/microlib/fpfix.c                0x00000000   Number         0  dfixui.o ABSOLUTE
    ../fplib/microlib/fpfix.c                0x00000000   Number         0  dfixul.o ABSOLUTE
    ../fplib/microlib/fpflt.c                0x00000000   Number         0  fflti.o ABSOLUTE
    ../fplib/microlib/fpflt.c                0x00000000   Number         0  dflti.o ABSOLUTE
    ../fplib/microlib/fpflt.c                0x00000000   Number         0  dfltui.o ABSOLUTE
    ../fplib/microlib/fpmul.c                0x00000000   Number         0  fmul.o ABSOLUTE
    ../fplib/microlib/fpmul.c                0x00000000   Number         0  dmul.o ABSOLUTE
    ../fplib/microlib/fpsqrt.c               0x00000000   Number         0  dsqrt.o ABSOLUTE
    ../mathlib/sqrt.c                        0x00000000   Number         0  sqrt_x.o ABSOLUTE
    ../mathlib/sqrt.c                        0x00000000   Number         0  sqrt.o ABSOLUTE
    ..\..\Libraries\CMSIS\core_cm3.c         0x00000000   Number         0  core_cm3.o ABSOLUTE
    ..\..\Libraries\CMSIS\startup\startup_stm32f10x_hd.s 0x00000000   Number         0  startup_stm32f10x_hd.o ABSOLUTE
    ..\..\Libraries\CMSIS\system_stm32f10x.c 0x00000000   Number         0  system_stm32f10x.o ABSOLUTE
    ..\..\Libraries\FWlib\src\misc.c         0x00000000   Number         0  misc.o ABSOLUTE
    ..\..\Libraries\FWlib\src\stm32f10x_adc.c 0x00000000   Number         0  stm32f10x_adc.o ABSOLUTE
    ..\..\Libraries\FWlib\src\stm32f10x_bkp.c 0x00000000   Number         0  stm32f10x_bkp.o ABSOLUTE
    ..\..\Libraries\FWlib\src\stm32f10x_can.c 0x00000000   Number         0  stm32f10x_can.o ABSOLUTE
    ..\..\Libraries\FWlib\src\stm32f10x_cec.c 0x00000000   Number         0  stm32f10x_cec.o ABSOLUTE
    ..\..\Libraries\FWlib\src\stm32f10x_crc.c 0x00000000   Number         0  stm32f10x_crc.o ABSOLUTE
    ..\..\Libraries\FWlib\src\stm32f10x_dac.c 0x00000000   Number         0  stm32f10x_dac.o ABSOLUTE
    ..\..\Libraries\FWlib\src\stm32f10x_dbgmcu.c 0x00000000   Number         0  stm32f10x_dbgmcu.o ABSOLUTE
    ..\..\Libraries\FWlib\src\stm32f10x_dma.c 0x00000000   Number         0  stm32f10x_dma.o ABSOLUTE
    ..\..\Libraries\FWlib\src\stm32f10x_exti.c 0x00000000   Number         0  stm32f10x_exti.o ABSOLUTE
    ..\..\Libraries\FWlib\src\stm32f10x_flash.c 0x00000000   Number         0  stm32f10x_flash.o ABSOLUTE
    ..\..\Libraries\FWlib\src\stm32f10x_fsmc.c 0x00000000   Number         0  stm32f10x_fsmc.o ABSOLUTE
    ..\..\Libraries\FWlib\src\stm32f10x_gpio.c 0x00000000   Number         0  stm32f10x_gpio.o ABSOLUTE
    ..\..\Libraries\FWlib\src\stm32f10x_i2c.c 0x00000000   Number         0  stm32f10x_i2c.o ABSOLUTE
    ..\..\Libraries\FWlib\src\stm32f10x_iwdg.c 0x00000000   Number         0  stm32f10x_iwdg.o ABSOLUTE
    ..\..\Libraries\FWlib\src\stm32f10x_pwr.c 0x00000000   Number         0  stm32f10x_pwr.o ABSOLUTE
    ..\..\Libraries\FWlib\src\stm32f10x_rcc.c 0x00000000   Number         0  stm32f10x_rcc.o ABSOLUTE
    ..\..\Libraries\FWlib\src\stm32f10x_rtc.c 0x00000000   Number         0  stm32f10x_rtc.o ABSOLUTE
    ..\..\Libraries\FWlib\src\stm32f10x_sdio.c 0x00000000   Number         0  stm32f10x_sdio.o ABSOLUTE
    ..\..\Libraries\FWlib\src\stm32f10x_spi.c 0x00000000   Number         0  stm32f10x_spi.o ABSOLUTE
    ..\..\Libraries\FWlib\src\stm32f10x_tim.c 0x00000000   Number         0  stm32f10x_tim.o ABSOLUTE
    ..\..\Libraries\FWlib\src\stm32f10x_usart.c 0x00000000   Number         0  stm32f10x_usart.o ABSOLUTE
    ..\..\Libraries\FWlib\src\stm32f10x_wwdg.c 0x00000000   Number         0  stm32f10x_wwdg.o ABSOLUTE
    ..\..\User\Led\bsp_led.c                 0x00000000   Number         0  bsp_led.o ABSOLUTE
    ..\..\User\MSD\MSD_test.c                0x00000000   Number         0  msd_test.o ABSOLUTE
    ..\..\User\MSD\MicroStepDriver.c         0x00000000   Number         0  microstepdriver.o ABSOLUTE
    ..\..\User\TIM1.c                        0x00000000   Number         0  tim1.o ABSOLUTE
    ..\..\User\TIM4.c                        0x00000000   Number         0  tim4.o ABSOLUTE
    ..\..\User\TIM6.c                        0x00000000   Number         0  tim6.o ABSOLUTE
    ..\..\User\TIM8.c                        0x00000000   Number         0  tim8.o ABSOLUTE
    ..\..\User\beep.c                        0x00000000   Number         0  beep.o ABSOLUTE
    ..\..\User\bjdj.c                        0x00000000   Number         0  bjdj.o ABSOLUTE
    ..\..\User\bjdjt.c                       0x00000000   Number         0  bjdjt.o ABSOLUTE
    ..\..\User\bsp_SysTick.c                 0x00000000   Number         0  bsp_systick.o ABSOLUTE
    ..\..\User\encodertim3.c                 0x00000000   Number         0  encodertim3.o ABSOLUTE
    ..\..\User\exti.c                        0x00000000   Number         0  exti.o ABSOLUTE
    ..\..\User\gesture.c                     0x00000000   Number         0  gesture.o ABSOLUTE
    ..\..\User\key.c                         0x00000000   Number         0  key.o ABSOLUTE
    ..\..\User\lcd.c                         0x00000000   Number         0  lcd.o ABSOLUTE
    ..\..\User\main.c                        0x00000000   Number         0  main.o ABSOLUTE
    ..\..\User\openmv.c                      0x00000000   Number         0  openmv.o ABSOLUTE
    ..\..\User\simulate.c                    0x00000000   Number         0  simulate.o ABSOLUTE
    ..\..\User\stm32f10x_it.c                0x00000000   Number         0  stm32f10x_it.o ABSOLUTE
    ..\..\User\timer.c                       0x00000000   Number         0  timer.o ABSOLUTE
    ..\..\User\uart4.c                       0x00000000   Number         0  uart4.o ABSOLUTE
    ..\..\User\ultrasonic.c                  0x00000000   Number         0  ultrasonic.o ABSOLUTE
    ..\..\User\usart\bsp_usart.c             0x00000000   Number         0  bsp_usart.o ABSOLUTE
    ..\..\User\usart\bsp_usart3.c            0x00000000   Number         0  bsp_usart3.o ABSOLUTE
    ..\\..\\Libraries\\CMSIS\\core_cm3.c     0x00000000   Number         0  core_cm3.o ABSOLUTE
    cdcmple.s                                0x00000000   Number         0  cdcmple.o ABSOLUTE
    cdrcmple.s                               0x00000000   Number         0  cdrcmple.o ABSOLUTE
    dc.s                                     0x00000000   Number         0  dc.o ABSOLUTE
    handlers.s                               0x00000000   Number         0  handlers.o ABSOLUTE
    init.s                                   0x00000000   Number         0  init.o ABSOLUTE
    RESET                                    0x08000000   Section      304  startup_stm32f10x_hd.o(RESET)
    .ARM.Collect$$$$00000000                 0x08000130   Section        0  entry.o(.ARM.Collect$$$$00000000)
    .ARM.Collect$$$$00000001                 0x08000130   Section        4  entry2.o(.ARM.Collect$$$$00000001)
    .ARM.Collect$$$$00000004                 0x08000134   Section        4  entry5.o(.ARM.Collect$$$$00000004)
    .ARM.Collect$$$$00000008                 0x08000138   Section        0  entry7b.o(.ARM.Collect$$$$00000008)
    .ARM.Collect$$$$0000000A                 0x08000138   Section        0  entry8b.o(.ARM.Collect$$$$0000000A)
    .ARM.Collect$$$$0000000B                 0x08000138   Section        8  entry9a.o(.ARM.Collect$$$$0000000B)
    .ARM.Collect$$$$0000000D                 0x08000140   Section        0  entry10a.o(.ARM.Collect$$$$0000000D)
    .ARM.Collect$$$$0000000F                 0x08000140   Section        0  entry11a.o(.ARM.Collect$$$$0000000F)
    .ARM.Collect$$$$00002712                 0x08000140   Section        4  entry2.o(.ARM.Collect$$$$00002712)
    __lit__00000000                          0x08000140   Data           4  entry2.o(.ARM.Collect$$$$00002712)
    .text                                    0x08000144   Section       36  startup_stm32f10x_hd.o(.text)
    .text                                    0x08000168   Section        0  system_stm32f10x.o(.text)
    SetSysClockTo72                          0x08000169   Thumb Code   214  system_stm32f10x.o(.text)
    SetSysClock                              0x0800023f   Thumb Code     8  system_stm32f10x.o(.text)
    .text                                    0x08000348   Section        0  misc.o(.text)
    .text                                    0x08000424   Section        0  stm32f10x_exti.o(.text)
    .text                                    0x08000540   Section        0  stm32f10x_gpio.o(.text)
    .text                                    0x0800089c   Section        0  stm32f10x_rcc.o(.text)
    .text                                    0x08000c40   Section        0  stm32f10x_tim.o(.text)
    TI4_Config                               0x080010e7   Thumb Code   130  stm32f10x_tim.o(.text)
    TI3_Config                               0x0800117b   Thumb Code   122  stm32f10x_tim.o(.text)
    TI2_Config                               0x0800120f   Thumb Code   130  stm32f10x_tim.o(.text)
    TI1_Config                               0x080012a3   Thumb Code   108  stm32f10x_tim.o(.text)
    .text                                    0x08001a5c   Section        0  stm32f10x_usart.o(.text)
    .text                                    0x08001e64   Section        0  main.o(.text)
    .text                                    0x08001f28   Section        0  stm32f10x_it.o(.text)
    .text                                    0x0800266c   Section        0  bsp_led.o(.text)
    .text                                    0x080026bc   Section        0  bsp_usart.o(.text)
    NVIC_Configuration                       0x080026bd   Thumb Code    38  bsp_usart.o(.text)
    .text                                    0x08002878   Section        0  bsp_usart3.o(.text)
    NVIC_Configuration3                      0x08002879   Thumb Code    38  bsp_usart3.o(.text)
    .text                                    0x080029fc   Section        0  openmv.o(.text)
    .text                                    0x08002a5c   Section        0  bsp_systick.o(.text)
    .text                                    0x08002ba4   Section        0  tim6.o(.text)
    TIM6_NVIC_Config                         0x08002ba5   Thumb Code    42  tim6.o(.text)
    TIM6_Mode_Config                         0x08002bcf   Thumb Code    56  tim6.o(.text)
    .text                                    0x08002c18   Section        0  encodertim3.o(.text)
    ENCODER_TIM3_GPIO_Config                 0x08002c19   Thumb Code    88  encodertim3.o(.text)
    TIM3_NVIC_Configuration                  0x08002c71   Thumb Code    40  encodertim3.o(.text)
    ENCODER_TIM3_Configuration               0x08002c99   Thumb Code   176  encodertim3.o(.text)
    .text                                    0x08002d60   Section        0  tim4.o(.text)
    .text                                    0x080033c4   Section        0  key.o(.text)
    .text                                    0x080034cc   Section        0  tim1.o(.text)
    ADVANCE_TIM_GPIO_Config                  0x080034cd   Thumb Code    76  tim1.o(.text)
    ADVANCE_TIM_Mode_Config                  0x08003519   Thumb Code   146  tim1.o(.text)
    .text                                    0x080036cc   Section        0  exti.o(.text)
    NVIC_Configuration                       0x080036cd   Thumb Code   136  exti.o(.text)
    .text                                    0x08003978   Section        0  bjdjt.o(.text)
    .text                                    0x080039c0   Section        0  tim8.o(.text)
    ADVANCE_TIM_GPIO_Config                  0x08003a45   Thumb Code    68  tim8.o(.text)
    ADVANCE_TIM_Mode_Config                  0x08003a89   Thumb Code   192  tim8.o(.text)
    .text                                    0x08003c5c   Section        0  bjdj.o(.text)
    .text                                    0x08003cd8   Section        0  uart4.o(.text)
    NVIC_Configuration4                      0x08003cd9   Thumb Code    38  uart4.o(.text)
    .text                                    0x08003e5c   Section        0  fadd.o(.text)
    .text                                    0x08003f0c   Section        0  fmul.o(.text)
    .text                                    0x08003f70   Section        0  dadd.o(.text)
    .text                                    0x080040be   Section        0  dmul.o(.text)
    .text                                    0x080041a2   Section        0  ddiv.o(.text)
    .text                                    0x08004280   Section        0  fflti.o(.text)
    .text                                    0x08004292   Section        0  dflti.o(.text)
    .text                                    0x080042b4   Section        0  ffixi.o(.text)
    .text                                    0x080042e6   Section        0  dfixi.o(.text)
    .text                                    0x08004324   Section        0  uidiv.o(.text)
    .text                                    0x08004350   Section        0  uldiv.o(.text)
    .text                                    0x080043b2   Section        0  llshl.o(.text)
    .text                                    0x080043d0   Section        0  llushr.o(.text)
    .text                                    0x080043f0   Section        0  llsshr.o(.text)
    .text                                    0x08004414   Section        0  iusefp.o(.text)
    .text                                    0x08004414   Section        0  fepilogue.o(.text)
    .text                                    0x08004482   Section        0  depilogue.o(.text)
    .text                                    0x0800453c   Section        0  dfixul.o(.text)
    .text                                    0x0800456c   Section       48  cdrcmple.o(.text)
    .text                                    0x0800459c   Section       36  init.o(.text)
    i.__0printf                              0x080045c0   Section        0  printfa.o(i.__0printf)
    i.__scatterload_copy                     0x080045e0   Section       14  handlers.o(i.__scatterload_copy)
    i.__scatterload_null                     0x080045ee   Section        2  handlers.o(i.__scatterload_null)
    i.__scatterload_zeroinit                 0x080045f0   Section       14  handlers.o(i.__scatterload_zeroinit)
    i._fp_digits                             0x08004600   Section        0  printfa.o(i._fp_digits)
    _fp_digits                               0x08004601   Thumb Code   334  printfa.o(i._fp_digits)
    i._printf_core                           0x08004764   Section        0  printfa.o(i._printf_core)
    _printf_core                             0x08004765   Thumb Code  1744  printfa.o(i._printf_core)
    i._printf_post_padding                   0x08004e40   Section        0  printfa.o(i._printf_post_padding)
    _printf_post_padding                     0x08004e41   Thumb Code    36  printfa.o(i._printf_post_padding)
    i._printf_pre_padding                    0x08004e64   Section        0  printfa.o(i._printf_pre_padding)
    _printf_pre_padding                      0x08004e65   Thumb Code    46  printfa.o(i._printf_pre_padding)
    .data                                    0x20000000   Section       20  system_stm32f10x.o(.data)
    .data                                    0x20000014   Section       20  stm32f10x_rcc.o(.data)
    APBAHBPrescTable                         0x20000014   Data          16  stm32f10x_rcc.o(.data)
    ADCPrescTable                            0x20000024   Data           4  stm32f10x_rcc.o(.data)
    .data                                    0x20000028   Section       40  stm32f10x_it.o(.data)
    .data                                    0x20000050   Section        1  bsp_usart.o(.data)
    .data                                    0x20000051   Section        1  bsp_usart3.o(.data)
    .data                                    0x20000054   Section        4  bsp_systick.o(.data)
    TimingDelay                              0x20000054   Data           4  bsp_systick.o(.data)
    .data                                    0x20000058   Section       10  microstepdriver.o(.data)
    .data                                    0x20000064   Section       16  encodertim3.o(.data)
    .data                                    0x20000074   Section       16  tim4.o(.data)
    sptr1                                    0x20000074   Data           4  tim4.o(.data)
    sptr2                                    0x20000078   Data           4  tim4.o(.data)
    sptr3                                    0x2000007c   Data           4  tim4.o(.data)
    sptr4                                    0x20000080   Data           4  tim4.o(.data)
    .data                                    0x20000084   Section        1  key.o(.data)
    key_up                                   0x20000084   Data           1  key.o(.data)
    .data                                    0x20000088   Section        4  tim8.o(.data)
    .data                                    0x2000008c   Section        1  uart4.o(.data)
    .data                                    0x20000090   Section        4  stdout.o(.data)
    .bss                                     0x20000094   Section      256  bsp_usart.o(.bss)
    .bss                                     0x20000194   Section      256  bsp_usart3.o(.bss)
    .bss                                     0x20000294   Section       64  ultrasonic.o(.bss)
    .bss                                     0x200002d8   Section      224  tim4.o(.bss)
    .bss                                     0x200003b8   Section       32  tim8.o(.bss)
    .bss                                     0x200003d8   Section      256  uart4.o(.bss)
    STACK                                    0x200004d8   Section     1024  startup_stm32f10x_hd.o(STACK)

    Global Symbols

    Symbol Name                              Value     Ov Type        Size  Object(Section)

    BuildAttributes$$THM_ISAv4$P$D$K$B$S$PE$A:L22UL41UL21$X:L11$S22US41US21$IEEE1$IW$USESV6$~STKCKD$USESV7$~SHL$OTIME$ROPI$IEEEJ$EBA8$MICROLIB$REQ8$PRES8$EABIv2 0x00000000   Number         0  anon$$obj.o ABSOLUTE
    __ARM_use_no_argv                        0x00000000   Number         0  main.o ABSOLUTE
    _printf_a                                0x00000000   Number         0  stubs.o ABSOLUTE
    _printf_c                                0x00000000   Number         0  stubs.o ABSOLUTE
    _printf_charcount                        0x00000000   Number         0  stubs.o ABSOLUTE
    _printf_d                                0x00000000   Number         0  stubs.o ABSOLUTE
    _printf_e                                0x00000000   Number         0  stubs.o ABSOLUTE
    _printf_f                                0x00000000   Number         0  stubs.o ABSOLUTE
    _printf_flags                            0x00000000   Number         0  stubs.o ABSOLUTE
    _printf_fp_dec                           0x00000000   Number         0  stubs.o ABSOLUTE
    _printf_fp_hex                           0x00000000   Number         0  stubs.o ABSOLUTE
    _printf_g                                0x00000000   Number         0  stubs.o ABSOLUTE
    _printf_i                                0x00000000   Number         0  stubs.o ABSOLUTE
    _printf_int_dec                          0x00000000   Number         0  stubs.o ABSOLUTE
    _printf_l                                0x00000000   Number         0  stubs.o ABSOLUTE
    _printf_lc                               0x00000000   Number         0  stubs.o ABSOLUTE
    _printf_ll                               0x00000000   Number         0  stubs.o ABSOLUTE
    _printf_lld                              0x00000000   Number         0  stubs.o ABSOLUTE
    _printf_lli                              0x00000000   Number         0  stubs.o ABSOLUTE
    _printf_llo                              0x00000000   Number         0  stubs.o ABSOLUTE
    _printf_llu                              0x00000000   Number         0  stubs.o ABSOLUTE
    _printf_llx                              0x00000000   Number         0  stubs.o ABSOLUTE
    _printf_longlong_dec                     0x00000000   Number         0  stubs.o ABSOLUTE
    _printf_longlong_hex                     0x00000000   Number         0  stubs.o ABSOLUTE
    _printf_longlong_oct                     0x00000000   Number         0  stubs.o ABSOLUTE
    _printf_ls                               0x00000000   Number         0  stubs.o ABSOLUTE
    _printf_mbtowc                           0x00000000   Number         0  stubs.o ABSOLUTE
    _printf_n                                0x00000000   Number         0  stubs.o ABSOLUTE
    _printf_o                                0x00000000   Number         0  stubs.o ABSOLUTE
    _printf_p                                0x00000000   Number         0  stubs.o ABSOLUTE
    _printf_percent                          0x00000000   Number         0  stubs.o ABSOLUTE
    _printf_pre_padding                      0x00000000   Number         0  stubs.o ABSOLUTE
    _printf_return_value                     0x00000000   Number         0  stubs.o ABSOLUTE
    _printf_s                                0x00000000   Number         0  stubs.o ABSOLUTE
    _printf_sizespec                         0x00000000   Number         0  stubs.o ABSOLUTE
    _printf_str                              0x00000000   Number         0  stubs.o ABSOLUTE
    _printf_truncate_signed                  0x00000000   Number         0  stubs.o ABSOLUTE
    _printf_truncate_unsigned                0x00000000   Number         0  stubs.o ABSOLUTE
    _printf_u                                0x00000000   Number         0  stubs.o ABSOLUTE
    _printf_wc                               0x00000000   Number         0  stubs.o ABSOLUTE
    _printf_wctomb                           0x00000000   Number         0  stubs.o ABSOLUTE
    _printf_widthprec                        0x00000000   Number         0  stubs.o ABSOLUTE
    _printf_x                                0x00000000   Number         0  stubs.o ABSOLUTE
    __cpp_initialize__aeabi_                  - Undefined Weak Reference
    __cxa_finalize                            - Undefined Weak Reference
    __decompress                              - Undefined Weak Reference
    _clock_init                               - Undefined Weak Reference
    _microlib_exit                            - Undefined Weak Reference
    __Vectors_Size                           0x00000130   Number         0  startup_stm32f10x_hd.o ABSOLUTE
    __Vectors                                0x08000000   Data           4  startup_stm32f10x_hd.o(RESET)
    __Vectors_End                            0x08000130   Data           0  startup_stm32f10x_hd.o(RESET)
    __main                                   0x08000131   Thumb Code     0  entry.o(.ARM.Collect$$$$00000000)
    _main_stk                                0x08000131   Thumb Code     0  entry2.o(.ARM.Collect$$$$00000001)
    _main_scatterload                        0x08000135   Thumb Code     0  entry5.o(.ARM.Collect$$$$00000004)
    __main_after_scatterload                 0x08000139   Thumb Code     0  entry5.o(.ARM.Collect$$$$00000004)
    _main_clock                              0x08000139   Thumb Code     0  entry7b.o(.ARM.Collect$$$$00000008)
    _main_cpp_init                           0x08000139   Thumb Code     0  entry8b.o(.ARM.Collect$$$$0000000A)
    _main_init                               0x08000139   Thumb Code     0  entry9a.o(.ARM.Collect$$$$0000000B)
    __rt_final_cpp                           0x08000141   Thumb Code     0  entry10a.o(.ARM.Collect$$$$0000000D)
    __rt_final_exit                          0x08000141   Thumb Code     0  entry11a.o(.ARM.Collect$$$$0000000F)
    Reset_Handler                            0x08000145   Thumb Code     8  startup_stm32f10x_hd.o(.text)
    ADC1_2_IRQHandler                        0x0800015f   Thumb Code     0  startup_stm32f10x_hd.o(.text)
    ADC3_IRQHandler                          0x0800015f   Thumb Code     0  startup_stm32f10x_hd.o(.text)
    CAN1_RX1_IRQHandler                      0x0800015f   Thumb Code     0  startup_stm32f10x_hd.o(.text)
    CAN1_SCE_IRQHandler                      0x0800015f   Thumb Code     0  startup_stm32f10x_hd.o(.text)
    DMA1_Channel1_IRQHandler                 0x0800015f   Thumb Code     0  startup_stm32f10x_hd.o(.text)
    DMA1_Channel2_IRQHandler                 0x0800015f   Thumb Code     0  startup_stm32f10x_hd.o(.text)
    DMA1_Channel3_IRQHandler                 0x0800015f   Thumb Code     0  startup_stm32f10x_hd.o(.text)
    DMA1_Channel4_IRQHandler                 0x0800015f   Thumb Code     0  startup_stm32f10x_hd.o(.text)
    DMA1_Channel5_IRQHandler                 0x0800015f   Thumb Code     0  startup_stm32f10x_hd.o(.text)
    DMA1_Channel6_IRQHandler                 0x0800015f   Thumb Code     0  startup_stm32f10x_hd.o(.text)
    DMA1_Channel7_IRQHandler                 0x0800015f   Thumb Code     0  startup_stm32f10x_hd.o(.text)
    DMA2_Channel1_IRQHandler                 0x0800015f   Thumb Code     0  startup_stm32f10x_hd.o(.text)
    DMA2_Channel2_IRQHandler                 0x0800015f   Thumb Code     0  startup_stm32f10x_hd.o(.text)
    DMA2_Channel3_IRQHandler                 0x0800015f   Thumb Code     0  startup_stm32f10x_hd.o(.text)
    DMA2_Channel4_5_IRQHandler               0x0800015f   Thumb Code     0  startup_stm32f10x_hd.o(.text)
    EXTI15_10_IRQHandler                     0x0800015f   Thumb Code     0  startup_stm32f10x_hd.o(.text)
    EXTI1_IRQHandler                         0x0800015f   Thumb Code     0  startup_stm32f10x_hd.o(.text)
    EXTI9_5_IRQHandler                       0x0800015f   Thumb Code     0  startup_stm32f10x_hd.o(.text)
    FLASH_IRQHandler                         0x0800015f   Thumb Code     0  startup_stm32f10x_hd.o(.text)
    FSMC_IRQHandler                          0x0800015f   Thumb Code     0  startup_stm32f10x_hd.o(.text)
    I2C1_ER_IRQHandler                       0x0800015f   Thumb Code     0  startup_stm32f10x_hd.o(.text)
    I2C1_EV_IRQHandler                       0x0800015f   Thumb Code     0  startup_stm32f10x_hd.o(.text)
    I2C2_ER_IRQHandler                       0x0800015f   Thumb Code     0  startup_stm32f10x_hd.o(.text)
    I2C2_EV_IRQHandler                       0x0800015f   Thumb Code     0  startup_stm32f10x_hd.o(.text)
    PVD_IRQHandler                           0x0800015f   Thumb Code     0  startup_stm32f10x_hd.o(.text)
    RCC_IRQHandler                           0x0800015f   Thumb Code     0  startup_stm32f10x_hd.o(.text)
    RTCAlarm_IRQHandler                      0x0800015f   Thumb Code     0  startup_stm32f10x_hd.o(.text)
    RTC_IRQHandler                           0x0800015f   Thumb Code     0  startup_stm32f10x_hd.o(.text)
    SDIO_IRQHandler                          0x0800015f   Thumb Code     0  startup_stm32f10x_hd.o(.text)
    SPI1_IRQHandler                          0x0800015f   Thumb Code     0  startup_stm32f10x_hd.o(.text)
    SPI2_IRQHandler                          0x0800015f   Thumb Code     0  startup_stm32f10x_hd.o(.text)
    SPI3_IRQHandler                          0x0800015f   Thumb Code     0  startup_stm32f10x_hd.o(.text)
    TAMPER_IRQHandler                        0x0800015f   Thumb Code     0  startup_stm32f10x_hd.o(.text)
    TIM1_BRK_IRQHandler                      0x0800015f   Thumb Code     0  startup_stm32f10x_hd.o(.text)
    TIM1_CC_IRQHandler                       0x0800015f   Thumb Code     0  startup_stm32f10x_hd.o(.text)
    TIM1_TRG_COM_IRQHandler                  0x0800015f   Thumb Code     0  startup_stm32f10x_hd.o(.text)
    TIM5_IRQHandler                          0x0800015f   Thumb Code     0  startup_stm32f10x_hd.o(.text)
    TIM7_IRQHandler                          0x0800015f   Thumb Code     0  startup_stm32f10x_hd.o(.text)
    TIM8_BRK_IRQHandler                      0x0800015f   Thumb Code     0  startup_stm32f10x_hd.o(.text)
    TIM8_CC_IRQHandler                       0x0800015f   Thumb Code     0  startup_stm32f10x_hd.o(.text)
    TIM8_TRG_COM_IRQHandler                  0x0800015f   Thumb Code     0  startup_stm32f10x_hd.o(.text)
    TIM8_UP_IRQHandler                       0x0800015f   Thumb Code     0  startup_stm32f10x_hd.o(.text)
    UART5_IRQHandler                         0x0800015f   Thumb Code     0  startup_stm32f10x_hd.o(.text)
    USART2_IRQHandler                        0x0800015f   Thumb Code     0  startup_stm32f10x_hd.o(.text)
    USBWakeUp_IRQHandler                     0x0800015f   Thumb Code     0  startup_stm32f10x_hd.o(.text)
    USB_HP_CAN1_TX_IRQHandler                0x0800015f   Thumb Code     0  startup_stm32f10x_hd.o(.text)
    USB_LP_CAN1_RX0_IRQHandler               0x0800015f   Thumb Code     0  startup_stm32f10x_hd.o(.text)
    WWDG_IRQHandler                          0x0800015f   Thumb Code     0  startup_stm32f10x_hd.o(.text)
    SystemInit                               0x08000247   Thumb Code    78  system_stm32f10x.o(.text)
    SystemCoreClockUpdate                    0x08000295   Thumb Code   142  system_stm32f10x.o(.text)
    NVIC_PriorityGroupConfig                 0x08000349   Thumb Code    10  misc.o(.text)
    NVIC_Init                                0x08000353   Thumb Code   100  misc.o(.text)
    NVIC_SetVectorTable                      0x080003b7   Thumb Code    14  misc.o(.text)
    NVIC_SystemLPConfig                      0x080003c5   Thumb Code    34  misc.o(.text)
    SysTick_CLKSourceConfig                  0x080003e7   Thumb Code    40  misc.o(.text)
    EXTI_DeInit                              0x08000425   Thumb Code    28  stm32f10x_exti.o(.text)
    EXTI_Init                                0x08000441   Thumb Code   142  stm32f10x_exti.o(.text)
    EXTI_StructInit                          0x080004cf   Thumb Code    16  stm32f10x_exti.o(.text)
    EXTI_GenerateSWInterrupt                 0x080004df   Thumb Code    16  stm32f10x_exti.o(.text)
    EXTI_GetFlagStatus                       0x080004ef   Thumb Code    22  stm32f10x_exti.o(.text)
    EXTI_ClearFlag                           0x08000505   Thumb Code     8  stm32f10x_exti.o(.text)
    EXTI_GetITStatus                         0x0800050d   Thumb Code    34  stm32f10x_exti.o(.text)
    EXTI_ClearITPendingBit                   0x0800052f   Thumb Code     8  stm32f10x_exti.o(.text)
    GPIO_DeInit                              0x08000541   Thumb Code   172  stm32f10x_gpio.o(.text)
    GPIO_AFIODeInit                          0x080005ed   Thumb Code    20  stm32f10x_gpio.o(.text)
    GPIO_Init                                0x08000601   Thumb Code   278  stm32f10x_gpio.o(.text)
    GPIO_StructInit                          0x08000717   Thumb Code    16  stm32f10x_gpio.o(.text)
    GPIO_ReadInputDataBit                    0x08000727   Thumb Code    18  stm32f10x_gpio.o(.text)
    GPIO_ReadInputData                       0x08000739   Thumb Code     8  stm32f10x_gpio.o(.text)
    GPIO_ReadOutputDataBit                   0x08000741   Thumb Code    18  stm32f10x_gpio.o(.text)
    GPIO_ReadOutputData                      0x08000753   Thumb Code     8  stm32f10x_gpio.o(.text)
    GPIO_SetBits                             0x0800075b   Thumb Code     4  stm32f10x_gpio.o(.text)
    GPIO_ResetBits                           0x0800075f   Thumb Code     4  stm32f10x_gpio.o(.text)
    GPIO_WriteBit                            0x08000763   Thumb Code    10  stm32f10x_gpio.o(.text)
    GPIO_Write                               0x0800076d   Thumb Code     4  stm32f10x_gpio.o(.text)
    GPIO_PinLockConfig                       0x08000771   Thumb Code    18  stm32f10x_gpio.o(.text)
    GPIO_EventOutputConfig                   0x08000783   Thumb Code    26  stm32f10x_gpio.o(.text)
    GPIO_EventOutputCmd                      0x0800079d   Thumb Code     6  stm32f10x_gpio.o(.text)
    GPIO_PinRemapConfig                      0x080007a3   Thumb Code   138  stm32f10x_gpio.o(.text)
    GPIO_EXTILineConfig                      0x0800082d   Thumb Code    66  stm32f10x_gpio.o(.text)
    GPIO_ETH_MediaInterfaceConfig            0x0800086f   Thumb Code     8  stm32f10x_gpio.o(.text)
    RCC_DeInit                               0x0800089d   Thumb Code    64  stm32f10x_rcc.o(.text)
    RCC_HSEConfig                            0x080008dd   Thumb Code    70  stm32f10x_rcc.o(.text)
    RCC_GetFlagStatus                        0x08000923   Thumb Code    56  stm32f10x_rcc.o(.text)
    RCC_WaitForHSEStartUp                    0x0800095b   Thumb Code    56  stm32f10x_rcc.o(.text)
    RCC_AdjustHSICalibrationValue            0x08000993   Thumb Code    20  stm32f10x_rcc.o(.text)
    RCC_HSICmd                               0x080009a7   Thumb Code     6  stm32f10x_rcc.o(.text)
    RCC_PLLConfig                            0x080009ad   Thumb Code    24  stm32f10x_rcc.o(.text)
    RCC_PLLCmd                               0x080009c5   Thumb Code     6  stm32f10x_rcc.o(.text)
    RCC_SYSCLKConfig                         0x080009cb   Thumb Code    18  stm32f10x_rcc.o(.text)
    RCC_GetSYSCLKSource                      0x080009dd   Thumb Code    10  stm32f10x_rcc.o(.text)
    RCC_HCLKConfig                           0x080009e7   Thumb Code    18  stm32f10x_rcc.o(.text)
    RCC_PCLK1Config                          0x080009f9   Thumb Code    18  stm32f10x_rcc.o(.text)
    RCC_PCLK2Config                          0x08000a0b   Thumb Code    20  stm32f10x_rcc.o(.text)
    RCC_ITConfig                             0x08000a1f   Thumb Code    26  stm32f10x_rcc.o(.text)
    RCC_USBCLKConfig                         0x08000a39   Thumb Code     8  stm32f10x_rcc.o(.text)
    RCC_ADCCLKConfig                         0x08000a41   Thumb Code    18  stm32f10x_rcc.o(.text)
    RCC_LSEConfig                            0x08000a53   Thumb Code    50  stm32f10x_rcc.o(.text)
    RCC_LSICmd                               0x08000a85   Thumb Code     6  stm32f10x_rcc.o(.text)
    RCC_RTCCLKConfig                         0x08000a8b   Thumb Code    12  stm32f10x_rcc.o(.text)
    RCC_RTCCLKCmd                            0x08000a97   Thumb Code     8  stm32f10x_rcc.o(.text)
    RCC_GetClocksFreq                        0x08000a9f   Thumb Code   192  stm32f10x_rcc.o(.text)
    RCC_AHBPeriphClockCmd                    0x08000b5f   Thumb Code    26  stm32f10x_rcc.o(.text)
    RCC_APB2PeriphClockCmd                   0x08000b79   Thumb Code    26  stm32f10x_rcc.o(.text)
    RCC_APB1PeriphClockCmd                   0x08000b93   Thumb Code    26  stm32f10x_rcc.o(.text)
    RCC_APB2PeriphResetCmd                   0x08000bad   Thumb Code    26  stm32f10x_rcc.o(.text)
    RCC_APB1PeriphResetCmd                   0x08000bc7   Thumb Code    26  stm32f10x_rcc.o(.text)
    RCC_BackupResetCmd                       0x08000be1   Thumb Code     8  stm32f10x_rcc.o(.text)
    RCC_ClockSecuritySystemCmd               0x08000be9   Thumb Code     6  stm32f10x_rcc.o(.text)
    RCC_MCOConfig                            0x08000bef   Thumb Code     6  stm32f10x_rcc.o(.text)
    RCC_ClearFlag                            0x08000bf5   Thumb Code    14  stm32f10x_rcc.o(.text)
    RCC_GetITStatus                          0x08000c03   Thumb Code    20  stm32f10x_rcc.o(.text)
    RCC_ClearITPendingBit                    0x08000c17   Thumb Code     6  stm32f10x_rcc.o(.text)
    TIM_DeInit                               0x08000c41   Thumb Code   424  stm32f10x_tim.o(.text)
    TIM_TimeBaseInit                         0x08000de9   Thumb Code   122  stm32f10x_tim.o(.text)
    TIM_OC1Init                              0x08000e63   Thumb Code   132  stm32f10x_tim.o(.text)
    TIM_OC2Init                              0x08000ee7   Thumb Code   154  stm32f10x_tim.o(.text)
    TIM_OC3Init                              0x08000f81   Thumb Code   150  stm32f10x_tim.o(.text)
    TIM_OC4Init                              0x08001017   Thumb Code   182  stm32f10x_tim.o(.text)
    TIM_SetIC4Prescaler                      0x080010cd   Thumb Code    26  stm32f10x_tim.o(.text)
    TIM_SetIC3Prescaler                      0x08001169   Thumb Code    18  stm32f10x_tim.o(.text)
    TIM_SetIC2Prescaler                      0x080011f5   Thumb Code    26  stm32f10x_tim.o(.text)
    TIM_SetIC1Prescaler                      0x08001291   Thumb Code    18  stm32f10x_tim.o(.text)
    TIM_ICInit                               0x0800130f   Thumb Code   150  stm32f10x_tim.o(.text)
    TIM_PWMIConfig                           0x080013a5   Thumb Code   124  stm32f10x_tim.o(.text)
    TIM_BDTRConfig                           0x08001421   Thumb Code    32  stm32f10x_tim.o(.text)
    TIM_TimeBaseStructInit                   0x08001441   Thumb Code    18  stm32f10x_tim.o(.text)
    TIM_OCStructInit                         0x08001453   Thumb Code    20  stm32f10x_tim.o(.text)
    TIM_ICStructInit                         0x08001467   Thumb Code    18  stm32f10x_tim.o(.text)
    TIM_BDTRStructInit                       0x08001479   Thumb Code    40  stm32f10x_tim.o(.text)
    TIM_Cmd                                  0x080014a1   Thumb Code    24  stm32f10x_tim.o(.text)
    TIM_CtrlPWMOutputs                       0x080014b9   Thumb Code    30  stm32f10x_tim.o(.text)
    TIM_ITConfig                             0x080014d7   Thumb Code    18  stm32f10x_tim.o(.text)
    TIM_GenerateEvent                        0x080014e9   Thumb Code     4  stm32f10x_tim.o(.text)
    TIM_DMAConfig                            0x080014ed   Thumb Code    10  stm32f10x_tim.o(.text)
    TIM_DMACmd                               0x080014f7   Thumb Code    18  stm32f10x_tim.o(.text)
    TIM_InternalClockConfig                  0x08001509   Thumb Code    12  stm32f10x_tim.o(.text)
    TIM_SelectInputTrigger                   0x08001515   Thumb Code    18  stm32f10x_tim.o(.text)
    TIM_ITRxExternalClockConfig              0x08001527   Thumb Code    24  stm32f10x_tim.o(.text)
    TIM_TIxExternalClockConfig               0x0800153f   Thumb Code    62  stm32f10x_tim.o(.text)
    TIM_ETRConfig                            0x0800157d   Thumb Code    28  stm32f10x_tim.o(.text)
    TIM_ETRClockMode1Config                  0x08001599   Thumb Code    54  stm32f10x_tim.o(.text)
    TIM_ETRClockMode2Config                  0x080015cf   Thumb Code    32  stm32f10x_tim.o(.text)
    TIM_PrescalerConfig                      0x080015ef   Thumb Code     6  stm32f10x_tim.o(.text)
    TIM_CounterModeConfig                    0x080015f5   Thumb Code    18  stm32f10x_tim.o(.text)
    TIM_EncoderInterfaceConfig               0x08001607   Thumb Code    66  stm32f10x_tim.o(.text)
    TIM_ForcedOC1Config                      0x08001649   Thumb Code    18  stm32f10x_tim.o(.text)
    TIM_ForcedOC2Config                      0x0800165b   Thumb Code    26  stm32f10x_tim.o(.text)
    TIM_ForcedOC3Config                      0x08001675   Thumb Code    18  stm32f10x_tim.o(.text)
    TIM_ForcedOC4Config                      0x08001687   Thumb Code    26  stm32f10x_tim.o(.text)
    TIM_ARRPreloadConfig                     0x080016a1   Thumb Code    24  stm32f10x_tim.o(.text)
    TIM_SelectCOM                            0x080016b9   Thumb Code    24  stm32f10x_tim.o(.text)
    TIM_SelectCCDMA                          0x080016d1   Thumb Code    24  stm32f10x_tim.o(.text)
    TIM_CCPreloadControl                     0x080016e9   Thumb Code    24  stm32f10x_tim.o(.text)
    TIM_OC1PreloadConfig                     0x08001701   Thumb Code    18  stm32f10x_tim.o(.text)
    TIM_OC2PreloadConfig                     0x08001713   Thumb Code    26  stm32f10x_tim.o(.text)
    TIM_OC3PreloadConfig                     0x0800172d   Thumb Code    18  stm32f10x_tim.o(.text)
    TIM_OC4PreloadConfig                     0x0800173f   Thumb Code    26  stm32f10x_tim.o(.text)
    TIM_OC1FastConfig                        0x08001759   Thumb Code    18  stm32f10x_tim.o(.text)
    TIM_OC2FastConfig                        0x0800176b   Thumb Code    26  stm32f10x_tim.o(.text)
    TIM_OC3FastConfig                        0x08001785   Thumb Code    18  stm32f10x_tim.o(.text)
    TIM_OC4FastConfig                        0x08001797   Thumb Code    26  stm32f10x_tim.o(.text)
    TIM_ClearOC1Ref                          0x080017b1   Thumb Code    18  stm32f10x_tim.o(.text)
    TIM_ClearOC2Ref                          0x080017c3   Thumb Code    24  stm32f10x_tim.o(.text)
    TIM_ClearOC3Ref                          0x080017db   Thumb Code    18  stm32f10x_tim.o(.text)
    TIM_ClearOC4Ref                          0x080017ed   Thumb Code    24  stm32f10x_tim.o(.text)
    TIM_OC1PolarityConfig                    0x08001805   Thumb Code    18  stm32f10x_tim.o(.text)
    TIM_OC1NPolarityConfig                   0x08001817   Thumb Code    18  stm32f10x_tim.o(.text)
    TIM_OC2PolarityConfig                    0x08001829   Thumb Code    26  stm32f10x_tim.o(.text)
    TIM_OC2NPolarityConfig                   0x08001843   Thumb Code    26  stm32f10x_tim.o(.text)
    TIM_OC3PolarityConfig                    0x0800185d   Thumb Code    26  stm32f10x_tim.o(.text)
    TIM_OC3NPolarityConfig                   0x08001877   Thumb Code    26  stm32f10x_tim.o(.text)
    TIM_OC4PolarityConfig                    0x08001891   Thumb Code    26  stm32f10x_tim.o(.text)
    TIM_CCxCmd                               0x080018ab   Thumb Code    30  stm32f10x_tim.o(.text)
    TIM_CCxNCmd                              0x080018c9   Thumb Code    30  stm32f10x_tim.o(.text)
    TIM_SelectOCxM                           0x080018e7   Thumb Code    82  stm32f10x_tim.o(.text)
    TIM_UpdateDisableConfig                  0x08001939   Thumb Code    24  stm32f10x_tim.o(.text)
    TIM_UpdateRequestConfig                  0x08001951   Thumb Code    24  stm32f10x_tim.o(.text)
    TIM_SelectHallSensor                     0x08001969   Thumb Code    24  stm32f10x_tim.o(.text)
    TIM_SelectOnePulseMode                   0x08001981   Thumb Code    18  stm32f10x_tim.o(.text)
    TIM_SelectOutputTrigger                  0x08001993   Thumb Code    18  stm32f10x_tim.o(.text)
    TIM_SelectSlaveMode                      0x080019a5   Thumb Code    18  stm32f10x_tim.o(.text)
    TIM_SelectMasterSlaveMode                0x080019b7   Thumb Code    18  stm32f10x_tim.o(.text)
    TIM_SetCounter                           0x080019c9   Thumb Code     4  stm32f10x_tim.o(.text)
    TIM_SetAutoreload                        0x080019cd   Thumb Code     4  stm32f10x_tim.o(.text)
    TIM_SetCompare1                          0x080019d1   Thumb Code     4  stm32f10x_tim.o(.text)
    TIM_SetCompare2                          0x080019d5   Thumb Code     4  stm32f10x_tim.o(.text)
    TIM_SetCompare3                          0x080019d9   Thumb Code     4  stm32f10x_tim.o(.text)
    TIM_SetCompare4                          0x080019dd   Thumb Code     6  stm32f10x_tim.o(.text)
    TIM_SetClockDivision                     0x080019e3   Thumb Code    18  stm32f10x_tim.o(.text)
    TIM_GetCapture1                          0x080019f5   Thumb Code     6  stm32f10x_tim.o(.text)
    TIM_GetCapture2                          0x080019fb   Thumb Code     6  stm32f10x_tim.o(.text)
    TIM_GetCapture3                          0x08001a01   Thumb Code     6  stm32f10x_tim.o(.text)
    TIM_GetCapture4                          0x08001a07   Thumb Code     8  stm32f10x_tim.o(.text)
    TIM_GetCounter                           0x08001a0f   Thumb Code     6  stm32f10x_tim.o(.text)
    TIM_GetPrescaler                         0x08001a15   Thumb Code     6  stm32f10x_tim.o(.text)
    TIM_GetFlagStatus                        0x08001a1b   Thumb Code    18  stm32f10x_tim.o(.text)
    TIM_ClearFlag                            0x08001a2d   Thumb Code     6  stm32f10x_tim.o(.text)
    TIM_GetITStatus                          0x08001a33   Thumb Code    34  stm32f10x_tim.o(.text)
    TIM_ClearITPendingBit                    0x08001a55   Thumb Code     6  stm32f10x_tim.o(.text)
    USART_DeInit                             0x08001a5d   Thumb Code   134  stm32f10x_usart.o(.text)
    USART_Init                               0x08001ae3   Thumb Code   210  stm32f10x_usart.o(.text)
    USART_StructInit                         0x08001bb5   Thumb Code    24  stm32f10x_usart.o(.text)
    USART_ClockInit                          0x08001bcd   Thumb Code    34  stm32f10x_usart.o(.text)
    USART_ClockStructInit                    0x08001bef   Thumb Code    12  stm32f10x_usart.o(.text)
    USART_Cmd                                0x08001bfb   Thumb Code    24  stm32f10x_usart.o(.text)
    USART_ITConfig                           0x08001c13   Thumb Code    74  stm32f10x_usart.o(.text)
    USART_DMACmd                             0x08001c5d   Thumb Code    18  stm32f10x_usart.o(.text)
    USART_SetAddress                         0x08001c6f   Thumb Code    18  stm32f10x_usart.o(.text)
    USART_WakeUpConfig                       0x08001c81   Thumb Code    18  stm32f10x_usart.o(.text)
    USART_ReceiverWakeUpCmd                  0x08001c93   Thumb Code    24  stm32f10x_usart.o(.text)
    USART_LINBreakDetectLengthConfig         0x08001cab   Thumb Code    18  stm32f10x_usart.o(.text)
    USART_LINCmd                             0x08001cbd   Thumb Code    24  stm32f10x_usart.o(.text)
    USART_SendData                           0x08001cd5   Thumb Code     8  stm32f10x_usart.o(.text)
    USART_ReceiveData                        0x08001cdd   Thumb Code    10  stm32f10x_usart.o(.text)
    USART_SendBreak                          0x08001ce7   Thumb Code    10  stm32f10x_usart.o(.text)
    USART_SetGuardTime                       0x08001cf1   Thumb Code    16  stm32f10x_usart.o(.text)
    USART_SetPrescaler                       0x08001d01   Thumb Code    16  stm32f10x_usart.o(.text)
    USART_SmartCardCmd                       0x08001d11   Thumb Code    24  stm32f10x_usart.o(.text)
    USART_SmartCardNACKCmd                   0x08001d29   Thumb Code    24  stm32f10x_usart.o(.text)
    USART_HalfDuplexCmd                      0x08001d41   Thumb Code    24  stm32f10x_usart.o(.text)
    USART_OverSampling8Cmd                   0x08001d59   Thumb Code    22  stm32f10x_usart.o(.text)
    USART_OneBitMethodCmd                    0x08001d6f   Thumb Code    24  stm32f10x_usart.o(.text)
    USART_IrDAConfig                         0x08001d87   Thumb Code    18  stm32f10x_usart.o(.text)
    USART_IrDACmd                            0x08001d99   Thumb Code    24  stm32f10x_usart.o(.text)
    USART_GetFlagStatus                      0x08001db1   Thumb Code    26  stm32f10x_usart.o(.text)
    USART_ClearFlag                          0x08001dcb   Thumb Code    18  stm32f10x_usart.o(.text)
    USART_GetITStatus                        0x08001ddd   Thumb Code    84  stm32f10x_usart.o(.text)
    USART_ClearITPendingBit                  0x08001e31   Thumb Code    52  stm32f10x_usart.o(.text)
    main                                     0x08001e65   Thumb Code   172  main.o(.text)
    NMI_Handler                              0x08001f29   Thumb Code     2  stm32f10x_it.o(.text)
    HardFault_Handler                        0x08001f2b   Thumb Code     4  stm32f10x_it.o(.text)
    MemManage_Handler                        0x08001f2f   Thumb Code     4  stm32f10x_it.o(.text)
    BusFault_Handler                         0x08001f33   Thumb Code     4  stm32f10x_it.o(.text)
    UsageFault_Handler                       0x08001f37   Thumb Code     4  stm32f10x_it.o(.text)
    SVC_Handler                              0x08001f3b   Thumb Code     2  stm32f10x_it.o(.text)
    DebugMon_Handler                         0x08001f3d   Thumb Code     2  stm32f10x_it.o(.text)
    PendSV_Handler                           0x08001f3f   Thumb Code     2  stm32f10x_it.o(.text)
    SysTick_Handler                          0x08001f41   Thumb Code     8  stm32f10x_it.o(.text)
    USART1_IRQHandler                        0x08001f49   Thumb Code   194  stm32f10x_it.o(.text)
    USART3_IRQHandler                        0x0800200b   Thumb Code   330  stm32f10x_it.o(.text)
    UART4_IRQHandler                         0x08002155   Thumb Code   146  stm32f10x_it.o(.text)
    TIM4_IRQHandler                          0x080021e7   Thumb Code    22  stm32f10x_it.o(.text)
    TIM2_IRQHandler                          0x080021fd   Thumb Code   504  stm32f10x_it.o(.text)
    TIM6_IRQHandler                          0x080023f5   Thumb Code   386  stm32f10x_it.o(.text)
    TIM3_IRQHandler                          0x08002577   Thumb Code   124  stm32f10x_it.o(.text)
    TIM1_UP_IRQHandler                       0x080025f3   Thumb Code    54  stm32f10x_it.o(.text)
    LED_GPIO_Config                          0x0800266d   Thumb Code    68  bsp_led.o(.text)
    assert_failed                            0x080026b1   Thumb Code     2  bsp_led.o(.text)
    USART_Config                             0x080026e3   Thumb Code   136  bsp_usart.o(.text)
    Usart_SendByte                           0x0800276b   Thumb Code    30  bsp_usart.o(.text)
    Usart_SendArray                          0x08002789   Thumb Code    48  bsp_usart.o(.text)
    Usart_SendString                         0x080027b9   Thumb Code    42  bsp_usart.o(.text)
    Usart_SendHalfWord                       0x080027e3   Thumb Code    60  bsp_usart.o(.text)
    uart_FlushRxBuffer                       0x0800281f   Thumb Code    16  bsp_usart.o(.text)
    fputc                                    0x0800282f   Thumb Code    32  bsp_usart.o(.text)
    fgetc                                    0x0800284f   Thumb Code    26  bsp_usart.o(.text)
    USART_Config3                            0x0800289f   Thumb Code   136  bsp_usart3.o(.text)
    Usart_SendByte3                          0x08002927   Thumb Code    30  bsp_usart3.o(.text)
    Usart_SendArray3                         0x08002945   Thumb Code    48  bsp_usart3.o(.text)
    Usart_SendString3                        0x08002975   Thumb Code    42  bsp_usart3.o(.text)
    Usart_SendHalfWord3                      0x0800299f   Thumb Code    60  bsp_usart3.o(.text)
    uart_FlushRxBuffer3                      0x080029db   Thumb Code    16  bsp_usart3.o(.text)
    openmvData                               0x080029fd   Thumb Code    80  openmv.o(.text)
    SysTick_Init                             0x08002a5d   Thumb Code    90  bsp_systick.o(.text)
    Delay_us                                 0x08002ab7   Thumb Code    20  bsp_systick.o(.text)
    TimingDelay_Decrement                    0x08002acb   Thumb Code    18  bsp_systick.o(.text)
    delay_us                                 0x08002add   Thumb Code   158  bsp_systick.o(.text)
    delay_msmoni                             0x08002b7b   Thumb Code    20  bsp_systick.o(.text)
    TIM6_Init                                0x08002c07   Thumb Code    12  tim6.o(.text)
    TIM3_DCmotor_ENCODER_Init                0x08002d49   Thumb Code    12  encodertim3.o(.text)
    IncPIDInit                               0x08002d61   Thumb Code   324  tim4.o(.text)
    TIM4_SetPWM_Num                          0x08002ea5   Thumb Code    56  tim4.o(.text)
    pid_calculation                          0x08002edd   Thumb Code   178  tim4.o(.text)
    IncPIDCalc1                              0x08002f8f   Thumb Code   170  tim4.o(.text)
    TIM4_NVIC_Config                         0x08003039   Thumb Code    44  tim4.o(.text)
    TIM4_Mode_Config                         0x08003065   Thumb Code   362  tim4.o(.text)
    TIM4_Init                                0x080031cf   Thumb Code    12  tim4.o(.text)
    Stop_it                                  0x080031db   Thumb Code    36  tim4.o(.text)
    forward                                  0x080031ff   Thumb Code   104  tim4.o(.text)
    backward                                 0x08003267   Thumb Code   104  tim4.o(.text)
    leftward                                 0x080032cf   Thumb Code   100  tim4.o(.text)
    rightward                                0x08003333   Thumb Code   100  tim4.o(.text)
    KEY_Init                                 0x080033c5   Thumb Code    60  key.o(.text)
    KEY_Scan                                 0x08003401   Thumb Code   190  key.o(.text)
    TIM1_NVIC_Config                         0x080035ab   Thumb Code    42  tim1.o(.text)
    TIM1_Init                                0x080035d5   Thumb Code    12  tim1.o(.text)
    TIM1Control                              0x080035e1   Thumb Code   200  tim1.o(.text)
    EXTI_Key_Config                          0x08003755   Thumb Code   148  exti.o(.text)
    EXTIX_Init                               0x080037e9   Thumb Code    12  exti.o(.text)
    EXTI0_IRQHandler                         0x080037f5   Thumb Code   154  exti.o(.text)
    EXTI2_IRQHandler                         0x0800388f   Thumb Code    60  exti.o(.text)
    EXTI3_IRQHandler                         0x080038cb   Thumb Code    58  exti.o(.text)
    EXTI4_IRQHandler                         0x08003905   Thumb Code    78  exti.o(.text)
    BJDJT_GPIO_Config                        0x08003979   Thumb Code    68  bjdjt.o(.text)
    PD_init                                  0x080039c1   Thumb Code    32  tim8.o(.text)
    PD_cal                                   0x080039e1   Thumb Code   100  tim8.o(.text)
    TIM8_NVIC_Config                         0x08003b49   Thumb Code    40  tim8.o(.text)
    TIM8_Init                                0x08003b71   Thumb Code    12  tim8.o(.text)
    Steeringtest                             0x08003b7d   Thumb Code    82  tim8.o(.text)
    TIM8Comtrol                              0x08003bcf   Thumb Code   112  tim8.o(.text)
    BJDJ_GPIO_Config                         0x08003c5d   Thumb Code    68  bjdj.o(.text)
    Clockwise                                0x08003ca1   Thumb Code    16  bjdj.o(.text)
    Anticlockwise                            0x08003cb1   Thumb Code    14  bjdj.o(.text)
    BJDJ_STOP                                0x08003cbf   Thumb Code    14  bjdj.o(.text)
    UART_Config4                             0x08003cff   Thumb Code   136  uart4.o(.text)
    Usart_SendByte4                          0x08003d87   Thumb Code    30  uart4.o(.text)
    Usart_SendArray4                         0x08003da5   Thumb Code    48  uart4.o(.text)
    Usart_SendString4                        0x08003dd5   Thumb Code    42  uart4.o(.text)
    Usart_SendHalfWord4                      0x08003dff   Thumb Code    60  uart4.o(.text)
    uart_FlushRxBuffer4                      0x08003e3b   Thumb Code    16  uart4.o(.text)
    __aeabi_fadd                             0x08003e5d   Thumb Code   164  fadd.o(.text)
    __aeabi_fsub                             0x08003f01   Thumb Code     6  fadd.o(.text)
    __aeabi_frsub                            0x08003f07   Thumb Code     6  fadd.o(.text)
    __aeabi_fmul                             0x08003f0d   Thumb Code   100  fmul.o(.text)
    __aeabi_dadd                             0x08003f71   Thumb Code   322  dadd.o(.text)
    __aeabi_dsub                             0x080040b3   Thumb Code     6  dadd.o(.text)
    __aeabi_drsub                            0x080040b9   Thumb Code     6  dadd.o(.text)
    __aeabi_dmul                             0x080040bf   Thumb Code   228  dmul.o(.text)
    __aeabi_ddiv                             0x080041a3   Thumb Code   222  ddiv.o(.text)
    __aeabi_i2f                              0x08004281   Thumb Code    18  fflti.o(.text)
    __aeabi_i2d                              0x08004293   Thumb Code    34  dflti.o(.text)
    __aeabi_f2iz                             0x080042b5   Thumb Code    50  ffixi.o(.text)
    __aeabi_d2iz                             0x080042e7   Thumb Code    62  dfixi.o(.text)
    __aeabi_uidiv                            0x08004325   Thumb Code     0  uidiv.o(.text)
    __aeabi_uidivmod                         0x08004325   Thumb Code    44  uidiv.o(.text)
    __aeabi_uldivmod                         0x08004351   Thumb Code    98  uldiv.o(.text)
    __aeabi_llsl                             0x080043b3   Thumb Code    30  llshl.o(.text)
    _ll_shift_l                              0x080043b3   Thumb Code     0  llshl.o(.text)
    __aeabi_llsr                             0x080043d1   Thumb Code    32  llushr.o(.text)
    _ll_ushift_r                             0x080043d1   Thumb Code     0  llushr.o(.text)
    __aeabi_lasr                             0x080043f1   Thumb Code    36  llsshr.o(.text)
    _ll_sshift_r                             0x080043f1   Thumb Code     0  llsshr.o(.text)
    __I$use$fp                               0x08004415   Thumb Code     0  iusefp.o(.text)
    _float_round                             0x08004415   Thumb Code    18  fepilogue.o(.text)
    _float_epilogue                          0x08004427   Thumb Code    92  fepilogue.o(.text)
    _double_round                            0x08004483   Thumb Code    30  depilogue.o(.text)
    _double_epilogue                         0x080044a1   Thumb Code   156  depilogue.o(.text)
    __aeabi_d2ulz                            0x0800453d   Thumb Code    48  dfixul.o(.text)
    __aeabi_cdrcmple                         0x0800456d   Thumb Code    48  cdrcmple.o(.text)
    __scatterload                            0x0800459d   Thumb Code    28  init.o(.text)
    __scatterload_rt2                        0x0800459d   Thumb Code     0  init.o(.text)
    __0printf                                0x080045c1   Thumb Code    22  printfa.o(i.__0printf)
    __1printf                                0x080045c1   Thumb Code     0  printfa.o(i.__0printf)
    __2printf                                0x080045c1   Thumb Code     0  printfa.o(i.__0printf)
    __c89printf                              0x080045c1   Thumb Code     0  printfa.o(i.__0printf)
    printf                                   0x080045c1   Thumb Code     0  printfa.o(i.__0printf)
    __scatterload_copy                       0x080045e1   Thumb Code    14  handlers.o(i.__scatterload_copy)
    __scatterload_null                       0x080045ef   Thumb Code     2  handlers.o(i.__scatterload_null)
    __scatterload_zeroinit                   0x080045f1   Thumb Code    14  handlers.o(i.__scatterload_zeroinit)
    Region$$Table$$Base                      0x08004e94   Number         0  anon$$obj.o(Region$$Table)
    Region$$Table$$Limit                     0x08004eb4   Number         0  anon$$obj.o(Region$$Table)
    SystemCoreClock                          0x20000000   Data           4  system_stm32f10x.o(.data)
    AHBPrescTable                            0x20000004   Data          16  system_stm32f10x.o(.data)
    timer_mode                               0x20000028   Data           4  stm32f10x_it.o(.data)
    tim1_step                                0x2000002c   Data           4  stm32f10x_it.o(.data)
    tim1_mode                                0x20000030   Data           1  stm32f10x_it.o(.data)
    i                                        0x20000034   Data           4  stm32f10x_it.o(.data)
    j                                        0x20000038   Data           4  stm32f10x_it.o(.data)
    x                                        0x2000003c   Data           4  stm32f10x_it.o(.data)
    y                                        0x20000040   Data           4  stm32f10x_it.o(.data)
    rxtx_mode                                0x20000044   Data           4  stm32f10x_it.o(.data)
    time6                                    0x20000048   Data           4  stm32f10x_it.o(.data)
    flag_5ms                                 0x2000004c   Data           4  stm32f10x_it.o(.data)
    UART_RxPtr                               0x20000050   Data           1  bsp_usart.o(.data)
    UART_RxPtr3                              0x20000051   Data           1  bsp_usart3.o(.data)
    stepPosition                             0x20000058   Data           4  microstepdriver.o(.data)
    status                                   0x2000005c   Data           6  microstepdriver.o(.data)
    CaptureNumberA1                          0x20000064   Data           4  encodertim3.o(.data)
    CaptureNumberA2                          0x20000068   Data           4  encodertim3.o(.data)
    CaptureNumberB1                          0x2000006c   Data           4  encodertim3.o(.data)
    CaptureNumberB2                          0x20000070   Data           4  encodertim3.o(.data)
    steerduty                                0x20000088   Data           4  tim8.o(.data)
    UART_RxPtr4                              0x2000008c   Data           1  uart4.o(.data)
    __stdout                                 0x20000090   Data           4  stdout.o(.data)
    UART_RxBuffer                            0x20000094   Data         256  bsp_usart.o(.bss)
    UART_RxBuffer3                           0x20000194   Data         256  bsp_usart3.o(.bss)
    ultrasonic1                              0x20000294   Data          16  ultrasonic.o(.bss)
    ultrasonic2                              0x200002a4   Data          16  ultrasonic.o(.bss)
    ultrasonic3                              0x200002b4   Data          16  ultrasonic.o(.bss)
    ultrasonic4                              0x200002c4   Data          16  ultrasonic.o(.bss)
    sPID1                                    0x200002d8   Data          56  tim4.o(.bss)
    sPID2                                    0x20000310   Data          56  tim4.o(.bss)
    sPID3                                    0x20000348   Data          56  tim4.o(.bss)
    sPID4                                    0x20000380   Data          56  tim4.o(.bss)
    Steer                                    0x200003b8   Data          32  tim8.o(.bss)
    UART_RxBuffer4                           0x200003d8   Data         256  uart4.o(.bss)
    __initial_sp                             0x200008d8   Data           0  startup_stm32f10x_hd.o(STACK)



==============================================================================

Memory Map of the image

  Image Entry point : 0x08000131

  Load Region LR_IROM1 (Base: 0x08000000, Size: 0x00004f48, Max: 0x00080000, ABSOLUTE)

    Execution Region ER_IROM1 (Base: 0x08000000, Size: 0x00004eb4, Max: 0x00080000, ABSOLUTE)

    Base Addr    Size         Type   Attr      Idx    E Section Name        Object

    0x08000000   0x00000130   Data   RO            3    RESET               startup_stm32f10x_hd.o
    0x08000130   0x00000000   Code   RO          907  * .ARM.Collect$$$$00000000  mc_w.l(entry.o)
    0x08000130   0x00000004   Code   RO         1195    .ARM.Collect$$$$00000001  mc_w.l(entry2.o)
    0x08000134   0x00000004   Code   RO         1198    .ARM.Collect$$$$00000004  mc_w.l(entry5.o)
    0x08000138   0x00000000   Code   RO         1200    .ARM.Collect$$$$00000008  mc_w.l(entry7b.o)
    0x08000138   0x00000000   Code   RO         1202    .ARM.Collect$$$$0000000A  mc_w.l(entry8b.o)
    0x08000138   0x00000008   Code   RO         1203    .ARM.Collect$$$$0000000B  mc_w.l(entry9a.o)
    0x08000140   0x00000000   Code   RO         1205    .ARM.Collect$$$$0000000D  mc_w.l(entry10a.o)
    0x08000140   0x00000000   Code   RO         1207    .ARM.Collect$$$$0000000F  mc_w.l(entry11a.o)
    0x08000140   0x00000004   Code   RO         1196    .ARM.Collect$$$$00002712  mc_w.l(entry2.o)
    0x08000144   0x00000024   Code   RO            4    .text               startup_stm32f10x_hd.o
    0x08000168   0x000001e0   Code   RO           24    .text               system_stm32f10x.o
    0x08000348   0x000000dc   Code   RO          121    .text               misc.o
    0x08000424   0x0000011c   Code   RO          233    .text               stm32f10x_exti.o
    0x08000540   0x0000035c   Code   RO          269    .text               stm32f10x_gpio.o
    0x0800089c   0x000003a4   Code   RO          317    .text               stm32f10x_rcc.o
    0x08000c40   0x00000e1a   Code   RO          367    .text               stm32f10x_tim.o
    0x08001a5a   0x00000002   PAD
    0x08001a5c   0x00000408   Code   RO          379    .text               stm32f10x_usart.o
    0x08001e64   0x000000c4   Code   RO          403    .text               main.o
    0x08001f28   0x00000744   Code   RO          498    .text               stm32f10x_it.o
    0x0800266c   0x00000050   Code   RO          520    .text               bsp_led.o
    0x080026bc   0x000001bc   Code   RO          535    .text               bsp_usart.o
    0x08002878   0x00000184   Code   RO          554    .text               bsp_usart3.o
    0x080029fc   0x00000060   Code   RO          585    .text               openmv.o
    0x08002a5c   0x00000148   Code   RO          618    .text               bsp_systick.o
    0x08002ba4   0x00000074   Code   RO          705    .text               tim6.o
    0x08002c18   0x00000148   Code   RO          717    .text               encodertim3.o
    0x08002d60   0x00000664   Code   RO          732    .text               tim4.o
    0x080033c4   0x00000108   Code   RO          749    .text               key.o
    0x080034cc   0x00000200   Code   RO          815    .text               tim1.o
    0x080036cc   0x000002ac   Code   RO          827    .text               exti.o
    0x08003978   0x00000048   Code   RO          840    .text               bjdjt.o
    0x080039c0   0x0000029c   Code   RO          852    .text               tim8.o
    0x08003c5c   0x0000007c   Code   RO          868    .text               bjdj.o
    0x08003cd8   0x00000184   Code   RO          880    .text               uart4.o
    0x08003e5c   0x000000b0   Code   RO         1173    .text               mf_w.l(fadd.o)
    0x08003f0c   0x00000064   Code   RO         1175    .text               mf_w.l(fmul.o)
    0x08003f70   0x0000014e   Code   RO         1177    .text               mf_w.l(dadd.o)
    0x080040be   0x000000e4   Code   RO         1179    .text               mf_w.l(dmul.o)
    0x080041a2   0x000000de   Code   RO         1181    .text               mf_w.l(ddiv.o)
    0x08004280   0x00000012   Code   RO         1183    .text               mf_w.l(fflti.o)
    0x08004292   0x00000022   Code   RO         1185    .text               mf_w.l(dflti.o)
    0x080042b4   0x00000032   Code   RO         1189    .text               mf_w.l(ffixi.o)
    0x080042e6   0x0000003e   Code   RO         1191    .text               mf_w.l(dfixi.o)
    0x08004324   0x0000002c   Code   RO         1210    .text               mc_w.l(uidiv.o)
    0x08004350   0x00000062   Code   RO         1212    .text               mc_w.l(uldiv.o)
    0x080043b2   0x0000001e   Code   RO         1214    .text               mc_w.l(llshl.o)
    0x080043d0   0x00000020   Code   RO         1216    .text               mc_w.l(llushr.o)
    0x080043f0   0x00000024   Code   RO         1218    .text               mc_w.l(llsshr.o)
    0x08004414   0x00000000   Code   RO         1229    .text               mc_w.l(iusefp.o)
    0x08004414   0x0000006e   Code   RO         1230    .text               mf_w.l(fepilogue.o)
    0x08004482   0x000000ba   Code   RO         1232    .text               mf_w.l(depilogue.o)
    0x0800453c   0x00000030   Code   RO         1236    .text               mf_w.l(dfixul.o)
    0x0800456c   0x00000030   Code   RO         1240    .text               mf_w.l(cdrcmple.o)
    0x0800459c   0x00000024   Code   RO         1242    .text               mc_w.l(init.o)
    0x080045c0   0x00000020   Code   RO         1143    i.__0printf         mc_w.l(printfa.o)
    0x080045e0   0x0000000e   Code   RO         1278    i.__scatterload_copy  mc_w.l(handlers.o)
    0x080045ee   0x00000002   Code   RO         1279    i.__scatterload_null  mc_w.l(handlers.o)
    0x080045f0   0x0000000e   Code   RO         1280    i.__scatterload_zeroinit  mc_w.l(handlers.o)
    0x080045fe   0x00000002   PAD
    0x08004600   0x00000164   Code   RO         1150    i._fp_digits        mc_w.l(printfa.o)
    0x08004764   0x000006dc   Code   RO         1151    i._printf_core      mc_w.l(printfa.o)
    0x08004e40   0x00000024   Code   RO         1152    i._printf_post_padding  mc_w.l(printfa.o)
    0x08004e64   0x0000002e   Code   RO         1153    i._printf_pre_padding  mc_w.l(printfa.o)
    0x08004e92   0x00000002   PAD
    0x08004e94   0x00000020   Data   RO         1276    Region$$Table       anon$$obj.o


    Execution Region RW_IRAM1 (Base: 0x20000000, Size: 0x000008d8, Max: 0x00010000, ABSOLUTE)

    Base Addr    Size         Type   Attr      Idx    E Section Name        Object

    0x20000000   0x00000014   Data   RW           25    .data               system_stm32f10x.o
    0x20000014   0x00000014   Data   RW          318    .data               stm32f10x_rcc.o
    0x20000028   0x00000028   Data   RW          499    .data               stm32f10x_it.o
    0x20000050   0x00000001   Data   RW          537    .data               bsp_usart.o
    0x20000051   0x00000001   Data   RW          556    .data               bsp_usart3.o
    0x20000052   0x00000002   PAD
    0x20000054   0x00000004   Data   RW          619    .data               bsp_systick.o
    0x20000058   0x0000000a   Data   RW          670    .data               microstepdriver.o
    0x20000062   0x00000002   PAD
    0x20000064   0x00000010   Data   RW          718    .data               encodertim3.o
    0x20000074   0x00000010   Data   RW          734    .data               tim4.o
    0x20000084   0x00000001   Data   RW          750    .data               key.o
    0x20000085   0x00000003   PAD
    0x20000088   0x00000004   Data   RW          854    .data               tim8.o
    0x2000008c   0x00000001   Data   RW          882    .data               uart4.o
    0x2000008d   0x00000003   PAD
    0x20000090   0x00000004   Data   RW         1209    .data               mc_w.l(stdout.o)
    0x20000094   0x00000100   Zero   RW          536    .bss                bsp_usart.o
    0x20000194   0x00000100   Zero   RW          555    .bss                bsp_usart3.o
    0x20000294   0x00000040   Zero   RW          649    .bss                ultrasonic.o
    0x200002d4   0x00000004   PAD
    0x200002d8   0x000000e0   Zero   RW          733    .bss                tim4.o
    0x200003b8   0x00000020   Zero   RW          853    .bss                tim8.o
    0x200003d8   0x00000100   Zero   RW          881    .bss                uart4.o
    0x200004d8   0x00000400   Zero   RW            1    STACK               startup_stm32f10x_hd.o


==============================================================================

Image component sizes


      Code (inc. data)   RO Data    RW Data    ZI Data      Debug   Object Name

       124         12          0          0          0        873   bjdj.o
        72          4          0          0          0        540   bjdjt.o
        80         10          0          0          0       1088   bsp_led.o
       328         22          0          4          0      17351   bsp_systick.o
       444         16          0          1        256       3088   bsp_usart.o
       388         18          0          1        256       2724   bsp_usart3.o
         0          0          0          0          0       4496   core_cm3.o
       328         12          0         16          0       1606   encodertim3.o
       684         38          0          0          0       1577   exti.o
       264         14          0          1          0        860   key.o
       196         24          0          0          0       4223   main.o
         0          0          0         10          0       2066   microstepdriver.o
       220         22          0          0          0       1885   misc.o
        96         16          0          0          0        525   openmv.o
        36          8        304          0       1024        880   startup_stm32f10x_hd.o
       284         10          0          0          0       2315   stm32f10x_exti.o
       860         38          0          0          0       5725   stm32f10x_gpio.o
      1860        152          0         40          0       4012   stm32f10x_it.o
       932         36          0         20          0       8928   stm32f10x_rcc.o
      3610         88          0          0          0      22212   stm32f10x_tim.o
      1032         22          0          0          0       8452   stm32f10x_usart.o
       480         38          0         20          0     252807   system_stm32f10x.o
       512         36          0          0          0       1309   tim1.o
      1636         92          0         16        224       3949   tim4.o
       116          6          0          0          0        784   tim6.o
       668         30          0          4         32       2619   tim8.o
       388         18          0          1        256       2659   uart4.o
         0          0          0          0         64       2825   ultrasonic.o

    ----------------------------------------------------------------------
     15640        782        336        144       2116     362378   Object Totals
         0          0         32          0          0          0   (incl. Generated)
         2          0          0         10          4          0   (incl. Padding)

    ----------------------------------------------------------------------

      Code (inc. data)   RO Data    RW Data    ZI Data      Debug   Library Member Name

         0          0          0          0          0          0   entry.o
         0          0          0          0          0          0   entry10a.o
         0          0          0          0          0          0   entry11a.o
         8          4          0          0          0          0   entry2.o
         4          0          0          0          0          0   entry5.o
         0          0          0          0          0          0   entry7b.o
         0          0          0          0          0          0   entry8b.o
         8          4          0          0          0          0   entry9a.o
        30          0          0          0          0          0   handlers.o
        36          8          0          0          0         68   init.o
         0          0          0          0          0          0   iusefp.o
        30          0          0          0          0         68   llshl.o
        36          0          0          0          0         68   llsshr.o
        32          0          0          0          0         68   llushr.o
      2226         90          0          0          0        444   printfa.o
         0          0          0          4          0          0   stdout.o
        44          0          0          0          0         80   uidiv.o
        98          0          0          0          0         92   uldiv.o
        48          0          0          0          0         68   cdrcmple.o
       334          0          0          0          0        148   dadd.o
       222          0          0          0          0        100   ddiv.o
       186          0          0          0          0        176   depilogue.o
        62          0          0          0          0         80   dfixi.o
        48          0          0          0          0         68   dfixul.o
        34          0          0          0          0         76   dflti.o
       228          0          0          0          0         96   dmul.o
       176          0          0          0          0        140   fadd.o
       110          0          0          0          0        168   fepilogue.o
        50          0          0          0          0         68   ffixi.o
        18          0          0          0          0         68   fflti.o
       100          0          0          0          0         76   fmul.o

    ----------------------------------------------------------------------
      4172        106          0          4          0       2220   Library Totals
         4          0          0          0          0          0   (incl. Padding)

    ----------------------------------------------------------------------

      Code (inc. data)   RO Data    RW Data    ZI Data      Debug   Library Name

      2552        106          0          4          0        888   mc_w.l
      1616          0          0          0          0       1332   mf_w.l

    ----------------------------------------------------------------------
      4172        106          0          4          0       2220   Library Totals

    ----------------------------------------------------------------------

==============================================================================


      Code (inc. data)   RO Data    RW Data    ZI Data      Debug   

     19812        888        336        148       2116     361422   Grand Totals
     19812        888        336        148       2116     361422   ELF Image Totals
     19812        888        336        148          0          0   ROM Totals

==============================================================================

    Total RO  Size (Code + RO Data)                20148 (  19.68kB)
    Total RW  Size (RW Data + ZI Data)              2264 (   2.21kB)
    Total ROM Size (Code + RO Data + RW Data)      20296 (  19.82kB)

==============================================================================

