Component: ARM Compiler 5.05 update 2 (build 169) Tool: armlink [4d0f33]

==============================================================================

Section Cross References

    main.o(i.main) refers to usart.o(i.USART_Config) for USART_Config
    main.o(i.main) refers to printf1.o(i.__0printf$1) for __2printf
    main.o(i.main) refers to systick.o(i.SysTick_Init) for SysTick_Init
    main.o(i.main) refers to oled.o(i.OLED_Init) for OLED_Init
    main.o(i.main) refers to oled.o(i.OLED_Clear) for OLED_Clear
    main.o(i.main) refers to nvic.o(i.NVIC_Config) for NVIC_Config
    main.o(i.main) refers to button.o(i.BUTTON_Config) for BUTTON_Config
    main.o(i.main) refers to led.o(i.LED_Config) for LED_Config
    main.o(i.main) refers to led.o(i.LED_On) for LED_On
    main.o(i.main) refers to bsp_nrf.o(i.SPI_GPIO_Init) for SPI_GPIO_Init
    main.o(i.main) refers to bsp_nrf.o(i.NRF24L01_WT_Init) for NRF24L01_WT_Init
    main.o(i.main) refers to stm32f10x_gpio.o(i.GPIO_SetBits) for GPIO_SetBits
    main.o(i.main) refers to tim_octigr.o(i.TIM_OCTigrConfig) for TIM_OCTigrConfig
    main.o(i.main) refers to adc_dma.o(i.ADC_DmaConfig) for ADC_DmaConfig
    main.o(i.main) refers to oled.o(i.OLED_ShowString) for OLED_ShowString
    main.o(i.main) refers to bsp_nrf.o(i.NRF24L01_Check) for NRF24L01_Check
    main.o(i.main) refers to systick.o(i.delay_ms) for delay_ms
    main.o(i.main) refers to stm32f10x_gpio.o(i.GPIO_ResetBits) for GPIO_ResetBits
    main.o(i.main) refers to oled.o(i.OLED_ShowNum) for OLED_ShowNum
    main.o(i.main) refers to oled.o(i.OLED_ShowChar) for OLED_ShowChar
    main.o(i.main) refers to bsp_nrf.o(i.SEND_BUF) for SEND_BUF
    main.o(i.main) refers to main.o(.data) for NRF24L01_TX_Data
    main.o(i.main) refers to adc_dma.o(.data) for ADC_ConvertedValue
    main.o(i.main) refers to deal_datapacket.o(.data) for ADC_Value
    nvic.o(i.NVIC_Config) refers to nvic.o(i.NVIC_EncodePriority) for NVIC_EncodePriority
    nvic.o(i.NVIC_Config) refers to nvic.o(i.__NVIC_SetPriority) for __NVIC_SetPriority
    systick.o(i.SysTick_Handler) refers to systick.o(.data) for count
    systick.o(i.SysTick_Init) refers to system_stm32f10x.o(.data) for SystemCoreClock
    systick.o(i.delay_ms) refers to systick.o(.data) for count
    systick.o(i.delay_us) refers to systick.o(.data) for count
    led.o(i.LED_Config) refers to stm32f10x_rcc.o(i.RCC_APB2PeriphClockCmd) for RCC_APB2PeriphClockCmd
    led.o(i.LED_Config) refers to stm32f10x_gpio.o(i.GPIO_Init) for GPIO_Init
    led.o(i.LED_Config) refers to led.o(i.LED_Off) for LED_Off
    led.o(i.LED_Off) refers to stm32f10x_gpio.o(i.GPIO_SetBits) for GPIO_SetBits
    led.o(i.LED_On) refers to stm32f10x_gpio.o(i.GPIO_ResetBits) for GPIO_ResetBits
    usart.o(i.USART_Config) refers to stm32f10x_rcc.o(i.RCC_APB2PeriphClockCmd) for RCC_APB2PeriphClockCmd
    usart.o(i.USART_Config) refers to stm32f10x_gpio.o(i.GPIO_Init) for GPIO_Init
    usart.o(i.USART_Config) refers to stm32f10x_usart.o(i.USART_Init) for USART_Init
    usart.o(i.USART_Config) refers to stm32f10x_usart.o(i.USART_Cmd) for USART_Cmd
    usart.o(i.fputc) refers to stm32f10x_usart.o(i.USART_SendData) for USART_SendData
    usart.o(i.fputc) refers to stm32f10x_usart.o(i.USART_GetFlagStatus) for USART_GetFlagStatus
    tim_octigr.o(i.TIM_OCTigrConfig) refers to stm32f10x_rcc.o(i.RCC_APB1PeriphClockCmd) for RCC_APB1PeriphClockCmd
    tim_octigr.o(i.TIM_OCTigrConfig) refers to stm32f10x_tim.o(i.TIM_TimeBaseInit) for TIM_TimeBaseInit
    tim_octigr.o(i.TIM_OCTigrConfig) refers to stm32f10x_tim.o(i.TIM_OC4Init) for TIM_OC4Init
    tim_octigr.o(i.TIM_OCTigrConfig) refers to stm32f10x_tim.o(i.TIM_ARRPreloadConfig) for TIM_ARRPreloadConfig
    tim_octigr.o(i.TIM_OCTigrConfig) refers to stm32f10x_tim.o(i.TIM_OC4PreloadConfig) for TIM_OC4PreloadConfig
    tim_octigr.o(i.TIM_OCTigrConfig) refers to stm32f10x_tim.o(i.TIM_Cmd) for TIM_Cmd
    adc_dma.o(i.ADC_Calibration) refers to adc.o(i.Get_Adc) for Get_Adc
    adc_dma.o(i.ADC_Calibration) refers to adc_dma.o(.data) for cnt
    adc_dma.o(i.ADC_DmaConfig) refers to stm32f10x_rcc.o(i.RCC_AHBPeriphClockCmd) for RCC_AHBPeriphClockCmd
    adc_dma.o(i.ADC_DmaConfig) refers to stm32f10x_dma.o(i.DMA_Init) for DMA_Init
    adc_dma.o(i.ADC_DmaConfig) refers to stm32f10x_dma.o(i.DMA_ITConfig) for DMA_ITConfig
    adc_dma.o(i.ADC_DmaConfig) refers to stm32f10x_dma.o(i.DMA_Cmd) for DMA_Cmd
    adc_dma.o(i.ADC_DmaConfig) refers to stm32f10x_rcc.o(i.RCC_APB2PeriphClockCmd) for RCC_APB2PeriphClockCmd
    adc_dma.o(i.ADC_DmaConfig) refers to stm32f10x_gpio.o(i.GPIO_Init) for GPIO_Init
    adc_dma.o(i.ADC_DmaConfig) refers to stm32f10x_adc.o(i.ADC_Init) for ADC_Init
    adc_dma.o(i.ADC_DmaConfig) refers to stm32f10x_adc.o(i.ADC_Cmd) for ADC_Cmd
    adc_dma.o(i.ADC_DmaConfig) refers to stm32f10x_adc.o(i.ADC_DMACmd) for ADC_DMACmd
    adc_dma.o(i.ADC_DmaConfig) refers to stm32f10x_rcc.o(i.RCC_ADCCLKConfig) for RCC_ADCCLKConfig
[...]
    printfa.o(i.__0vsprintf) refers (Special) to iusefp.o(.text) for __I$use$fp
    printfa.o(i.__0vsprintf) refers to printfa.o(i._printf_core) for _printf_core
    printfa.o(i.__0vsprintf) refers to printfa.o(i._sputc) for _sputc
    printfa.o(i._fp_digits) refers (Special) to iusefp.o(.text) for __I$use$fp
    printfa.o(i._fp_digits) refers to dmul.o(.text) for __aeabi_dmul
    printfa.o(i._fp_digits) refers to ddiv.o(.text) for __aeabi_ddiv
    printfa.o(i._fp_digits) refers to cdrcmple.o(.text) for __aeabi_cdrcmple
    printfa.o(i._fp_digits) refers to dadd.o(.text) for __aeabi_dadd
    printfa.o(i._fp_digits) refers to dfixul.o(.text) for __aeabi_d2ulz
    printfa.o(i._fp_digits) refers to uldiv.o(.text) for __aeabi_uldivmod
    printfa.o(i._printf_core) refers (Special) to iusefp.o(.text) for __I$use$fp
    printfa.o(i._printf_core) refers to printfa.o(i._printf_pre_padding) for _printf_pre_padding
    printfa.o(i._printf_core) refers to uldiv.o(.text) for __aeabi_uldivmod
    printfa.o(i._printf_core) refers to printfa.o(i._printf_post_padding) for _printf_post_padding
    printfa.o(i._printf_core) refers to printfa.o(i._fp_digits) for _fp_digits
    printfa.o(i._printf_core) refers to uidiv.o(.text) for __aeabi_uidivmod
    printfa.o(i._printf_post_padding) refers (Special) to iusefp.o(.text) for __I$use$fp
    printfa.o(i._printf_pre_padding) refers (Special) to iusefp.o(.text) for __I$use$fp
    printfa.o(i._snputc) refers (Special) to iusefp.o(.text) for __I$use$fp
    printfa.o(i._sputc) refers (Special) to iusefp.o(.text) for __I$use$fp
    fadd.o(.text) refers (Special) to iusefp.o(.text) for __I$use$fp
    fadd.o(.text) refers to fepilogue.o(.text) for _float_epilogue
    fmul.o(.text) refers (Special) to iusefp.o(.text) for __I$use$fp
    fdiv.o(.text) refers (Special) to iusefp.o(.text) for __I$use$fp
    fdiv.o(.text) refers to fepilogue.o(.text) for _float_round
    fflti.o(.text) refers (Special) to iusefp.o(.text) for __I$use$fp
    fflti.o(.text) refers to fepilogue.o(.text) for _float_epilogue
    ffltui.o(.text) refers (Special) to iusefp.o(.text) for __I$use$fp
    ffltui.o(.text) refers to fepilogue.o(.text) for _float_epilogue
    ffixui.o(.text) refers (Special) to iusefp.o(.text) for __I$use$fp
    cfcmple.o(.text) refers (Special) to iusefp.o(.text) for __I$use$fp
    entry2.o(.ARM.Collect$$$$00000001) refers to entry2.o(.ARM.Collect$$$$00002712) for __lit__00000000
    entry2.o(.ARM.Collect$$$$00002712) refers to startup_stm32f10x_md.o(STACK) for __initial_sp
    entry2.o(__vectab_stack_and_reset_area) refers to startup_stm32f10x_md.o(STACK) for __initial_sp
    entry2.o(__vectab_stack_and_reset_area) refers to entry.o(.ARM.Collect$$$$00000000) for __main
    entry5.o(.ARM.Collect$$$$00000004) refers to init.o(.text) for __scatterload
    entry9a.o(.ARM.Collect$$$$0000000B) refers to main.o(i.main) for main
    entry9b.o(.ARM.Collect$$$$0000000C) refers to main.o(i.main) for main
    uldiv.o(.text) refers to llushr.o(.text) for __aeabi_llsr
    uldiv.o(.text) refers to llshl.o(.text) for __aeabi_llsl
    dadd.o(.text) refers to llshl.o(.text) for __aeabi_llsl
    dadd.o(.text) refers to llsshr.o(.text) for __aeabi_lasr
    dadd.o(.text) refers to depilogue.o(.text) for _double_epilogue
    dmul.o(.text) refers to depilogue.o(.text) for _double_epilogue
    ddiv.o(.text) refers to depilogue.o(.text) for _double_round
    dfixul.o(.text) refers to llushr.o(.text) for __aeabi_llsr
    dfixul.o(.text) refers to llshl.o(.text) for __aeabi_llsl
    init.o(.text) refers to entry5.o(.ARM.Collect$$$$00000004) for __main_after_scatterload
    depilogue.o(.text) refers to llshl.o(.text) for __aeabi_llsl
    depilogue.o(.text) refers to llushr.o(.text) for __aeabi_llsr


==============================================================================

Removing Unused input sections from the image.

    Removing main.o(.rev16_text), (4 bytes).
    Removing main.o(.revsh_text), (4 bytes).
    Removing main.o(.rrx_text), (6 bytes).
    Removing nvic.o(.rev16_text), (4 bytes).
    Removing nvic.o(.revsh_text), (4 bytes).
    Removing nvic.o(.rrx_text), (6 bytes).
    Removing systick.o(.rev16_text), (4 bytes).
    Removing systick.o(.revsh_text), (4 bytes).
    Removing systick.o(.rrx_text), (6 bytes).
    Removing systick.o(i.delay_us), (60 bytes).
    Removing led.o(.rev16_text), (4 bytes).
    Removing led.o(.revsh_text), (4 bytes).
    Removing led.o(.rrx_text), (6 bytes).
    Removing usart.o(.rev16_text), (4 bytes).
    Removing usart.o(.revsh_text), (4 bytes).
    Removing usart.o(.rrx_text), (6 bytes).
    Removing tim_octigr.o(.rev16_text), (4 bytes).
    Removing tim_octigr.o(.revsh_text), (4 bytes).
    Removing tim_octigr.o(.rrx_text), (6 bytes).
    Removing adc_dma.o(.rev16_text), (4 bytes).
    Removing adc_dma.o(.revsh_text), (4 bytes).
    Removing adc_dma.o(.rrx_text), (6 bytes).
    Removing button.o(.rev16_text), (4 bytes).
    Removing button.o(.revsh_text), (4 bytes).
    Removing button.o(.rrx_text), (6 bytes).
    Removing deal_datapacket.o(.rev16_text), (4 bytes).
    Removing deal_datapacket.o(.revsh_text), (4 bytes).
    Removing deal_datapacket.o(.rrx_text), (6 bytes).
    Removing deal_datapacket.o(i.ADC_ValueLimit), (160 bytes).
    Removing deal_datapacket.o(i.PackData), (400 bytes).
    Removing deal_datapacket.o(i.ReceiveDataAnalysis), (168 bytes).
    Removing deal_datapacket.o(.bss), (24 bytes).
    Removing senddata.o(.rev16_text), (4 bytes).
    Removing senddata.o(.revsh_text), (4 bytes).
    Removing senddata.o(.rrx_text), (6 bytes).
    Removing senddata.o(i.Get_TxErrorPercent), (108 bytes).
    Removing oled.o(.rev16_text), (4 bytes).
    Removing oled.o(.revsh_text), (4 bytes).
    Removing oled.o(.rrx_text), (6 bytes).
    Removing oled.o(i.Delay_1ms), (26 bytes).
    Removing oled.o(i.Delay_50ms), (22 bytes).
    Removing oled.o(i.OLED_ClearBlue), (62 bytes).
    Removing oled.o(i.OLED_ClearLine), (52 bytes).
    Removing oled.o(i.OLED_Display_Off), (28 bytes).
    Removing oled.o(i.OLED_Display_On), (28 bytes).
    Removing oled.o(i.OLED_DrawBMP), (118 bytes).
    Removing oled.o(i.OLED_On), (62 bytes).
    Removing oled.o(i.OLED_ShowCHinese), (86 bytes).
    Removing oled.o(i.OLED_ShowCHinese7x7), (86 bytes).
    Removing oled.o(i.OLED_ShowCHineseString), (44 bytes).
    Removing oled.o(i.fill_picture), (64 bytes).
    Removing flash.o(.rev16_text), (4 bytes).
    Removing flash.o(.revsh_text), (4 bytes).
    Removing flash.o(.rrx_text), (6 bytes).
    Removing flash.o(i.STMFLASH_Read), (34 bytes).
    Removing flash.o(i.STMFLASH_ReadHalfWord), (6 bytes).
    Removing flash.o(i.STMFLASH_Write), (232 bytes).
    Removing flash.o(i.STMFLASH_Write_NoCheck), (38 bytes).
    Removing flash.o(i.Test_Write), (16 bytes).
    Removing flash.o(.bss), (1024 bytes).
    Removing paramsave.o(.rev16_text), (4 bytes).
    Removing paramsave.o(.revsh_text), (4 bytes).
    Removing paramsave.o(.rrx_text), (6 bytes).
    Removing paramsave.o(i.Flash_DataRead), (68 bytes).
    Removing paramsave.o(i.PID_ClearFlash), (28 bytes).
    Removing paramsave.o(i.PID_ReadFlash), (28 bytes).
    Removing paramsave.o(i.PID_WriteFlash), (28 bytes).
    Removing paramsave.o(i.ParamsClearAll), (24 bytes).
    Removing paramsave.o(i.ParamsToTable), (56 bytes).
    Removing paramsave.o(i.TableToParams), (60 bytes).
    Removing paramsave.o(.bss), (12 bytes).
    Removing oleddispaly.o(.rev16_text), (4 bytes).
    Removing oleddispaly.o(.revsh_text), (4 bytes).
    Removing oleddispaly.o(.rrx_text), (6 bytes).
    Removing oleddispaly.o(i.ButtonCMDDisplay), (72 bytes).
    Removing oleddispaly.o(i.ConnectingDisplay), (124 bytes).
    Removing oleddispaly.o(i.Display_Update), (408 bytes).
    Removing oleddispaly.o(i.Display_init), (216 bytes).
    Removing oleddispaly.o(i.ModeSelectDisplay), (136 bytes).
    Removing oleddispaly.o(i.SenserOffsetDisplay), (204 bytes).
    Removing oleddispaly.o(i.SignalIntensityDisplay), (172 bytes).
    Removing oleddispaly.o(i.WiFiOnOffDisplay), (168 bytes).
    Removing oleddispaly.o(.constdata), (1184 bytes).
    Removing oleddispaly.o(.data), (2 bytes).
    Removing adc.o(.rev16_text), (4 bytes).
    Removing adc.o(.revsh_text), (4 bytes).
    Removing adc.o(.rrx_text), (6 bytes).
    Removing adc.o(i.Adc_Init), (200 bytes).
    Removing adc.o(i.Get_Adc_Average), (46 bytes).
    Removing bsp_nrf.o(.rev16_text), (4 bytes).
    Removing bsp_nrf.o(.revsh_text), (4 bytes).
    Removing bsp_nrf.o(.rrx_text), (6 bytes).
    Removing bsp_nrf.o(i.NRF24L01_RxPacket), (80 bytes).
    Removing bsp_nrf.o(i.delay_150us), (14 bytes).
    Removing nrf.o(.rev16_text), (4 bytes).
    Removing nrf.o(.revsh_text), (4 bytes).
    Removing nrf.o(.rrx_text), (6 bytes).
    Removing nrf.o(i.NRF_Config), (260 bytes).
    Removing nrf.o(i.NRF_SendPacket), (72 bytes).
    Removing nrf.o(i.ReconnectionFly), (48 bytes).
    Removing nrf.o(i.WaitFlY_Connection), (236 bytes).
    Removing spi.o(.rev16_text), (4 bytes).
    Removing spi.o(.revsh_text), (4 bytes).
    Removing spi.o(.rrx_text), (6 bytes).
    Removing spi.o(i.SPI_Config), (152 bytes).
    Removing spi.o(i.SPI_Write_Buf), (80 bytes).
    Removing misc.o(.rev16_text), (4 bytes).
    Removing misc.o(.revsh_text), (4 bytes).
    Removing misc.o(.rrx_text), (6 bytes).
    Removing misc.o(i.NVIC_Init), (112 bytes).
    Removing misc.o(i.NVIC_PriorityGroupConfig), (20 bytes).
    Removing misc.o(i.NVIC_SetVectorTable), (20 bytes).
    Removing misc.o(i.NVIC_SystemLPConfig), (32 bytes).
    Removing misc.o(i.SysTick_CLKSourceConfig), (40 bytes).
    Removing stm32f10x_adc.o(.rev16_text), (4 bytes).
    Removing stm32f10x_adc.o(.revsh_text), (4 bytes).
    Removing stm32f10x_adc.o(.rrx_text), (6 bytes).
    Removing stm32f10x_adc.o(i.ADC_AnalogWatchdogCmd), (20 bytes).
    Removing stm32f10x_adc.o(i.ADC_AnalogWatchdogSingleChannelConfig), (16 bytes).
    Removing stm32f10x_adc.o(i.ADC_AnalogWatchdogThresholdsConfig), (6 bytes).
    Removing stm32f10x_adc.o(i.ADC_AutoInjectedConvCmd), (22 bytes).
    Removing stm32f10x_adc.o(i.ADC_ClearFlag), (6 bytes).
    Removing stm32f10x_adc.o(i.ADC_ClearITPendingBit), (10 bytes).
    Removing stm32f10x_adc.o(i.ADC_DeInit), (92 bytes).
    Removing stm32f10x_adc.o(i.ADC_DiscModeChannelCountConfig), (24 bytes).
    Removing stm32f10x_adc.o(i.ADC_DiscModeCmd), (22 bytes).
    Removing stm32f10x_adc.o(i.ADC_ExternalTrigInjectedConvCmd), (22 bytes).
    Removing stm32f10x_adc.o(i.ADC_ExternalTrigInjectedConvConfig), (16 bytes).
    Removing stm32f10x_adc.o(i.ADC_GetDualModeConversionValue), (12 bytes).
    Removing stm32f10x_adc.o(i.ADC_GetITStatus), (36 bytes).
    Removing stm32f10x_adc.o(i.ADC_GetInjectedConversionValue), (28 bytes).
    Removing stm32f10x_adc.o(i.ADC_GetResetCalibrationStatus), (20 bytes).
    Removing stm32f10x_adc.o(i.ADC_GetSoftwareStartConvStatus), (20 bytes).
    Removing stm32f10x_adc.o(i.ADC_GetSoftwareStartInjectedConvCmdStatus), (20 bytes).
    Removing stm32f10x_adc.o(i.ADC_ITConfig), (24 bytes).
    Removing stm32f10x_adc.o(i.ADC_InjectedChannelConfig), (130 bytes).
    Removing stm32f10x_adc.o(i.ADC_InjectedDiscModeCmd), (22 bytes).
    Removing stm32f10x_adc.o(i.ADC_InjectedSequencerLengthConfig), (24 bytes).
    Removing stm32f10x_adc.o(i.ADC_SetInjectedOffset), (20 bytes).
    Removing stm32f10x_adc.o(i.ADC_SoftwareStartInjectedConvCmd), (22 bytes).
    Removing stm32f10x_adc.o(i.ADC_StructInit), (18 bytes).
    Removing stm32f10x_adc.o(i.ADC_TempSensorVrefintCmd), (36 bytes).
    Removing stm32f10x_dma.o(.rev16_text), (4 bytes).
    Removing stm32f10x_dma.o(.revsh_text), (4 bytes).
    Removing stm32f10x_dma.o(.rrx_text), (6 bytes).
    Removing stm32f10x_dma.o(i.DMA_ClearFlag), (28 bytes).
    Removing stm32f10x_dma.o(i.DMA_DeInit), (332 bytes).
    Removing stm32f10x_dma.o(i.DMA_GetCurrDataCounter), (8 bytes).
    Removing stm32f10x_dma.o(i.DMA_GetFlagStatus), (44 bytes).
    Removing stm32f10x_dma.o(i.DMA_SetCurrDataCounter), (4 bytes).
    Removing stm32f10x_dma.o(i.DMA_StructInit), (26 bytes).
    Removing stm32f10x_exti.o(.rev16_text), (4 bytes).
    Removing stm32f10x_exti.o(.revsh_text), (4 bytes).
    Removing stm32f10x_exti.o(.rrx_text), (6 bytes).
    Removing stm32f10x_exti.o(i.EXTI_ClearFlag), (12 bytes).
    Removing stm32f10x_exti.o(i.EXTI_DeInit), (36 bytes).
    Removing stm32f10x_exti.o(i.EXTI_GenerateSWInterrupt), (16 bytes).
    Removing stm32f10x_exti.o(i.EXTI_GetFlagStatus), (24 bytes).
    Removing stm32f10x_exti.o(i.EXTI_StructInit), (16 bytes).
    Removing stm32f10x_flash.o(.rev16_text), (4 bytes).
    Removing stm32f10x_flash.o(.revsh_text), (4 bytes).
    Removing stm32f10x_flash.o(.rrx_text), (6 bytes).
    Removing stm32f10x_flash.o(i.FLASH_ClearFlag), (12 bytes).
    Removing stm32f10x_flash.o(i.FLASH_EnableWriteProtection), (196 bytes).
    Removing stm32f10x_flash.o(i.FLASH_EraseAllBank1Pages), (72 bytes).
    Removing stm32f10x_flash.o(i.FLASH_EraseAllPages), (72 bytes).
    Removing stm32f10x_flash.o(i.FLASH_EraseOptionBytes), (168 bytes).
    Removing stm32f10x_flash.o(i.FLASH_ErasePage), (76 bytes).
    Removing stm32f10x_flash.o(i.FLASH_GetBank1Status), (52 bytes).
    Removing stm32f10x_flash.o(i.FLASH_GetFlagStatus), (48 bytes).
    Removing stm32f10x_flash.o(i.FLASH_GetPrefetchBufferStatus), (24 bytes).
    Removing stm32f10x_flash.o(i.FLASH_GetReadOutProtectionStatus), (24 bytes).
    Removing stm32f10x_flash.o(i.FLASH_GetStatus), (52 bytes).
    Removing stm32f10x_flash.o(i.FLASH_GetUserOptionByte), (12 bytes).
    Removing stm32f10x_flash.o(i.FLASH_GetWriteProtectionOptionByte), (12 bytes).
    Removing stm32f10x_flash.o(i.FLASH_HalfCycleAccessCmd), (28 bytes).
    Removing stm32f10x_flash.o(i.FLASH_ITConfig), (32 bytes).
    Removing stm32f10x_flash.o(i.FLASH_Lock), (20 bytes).
    Removing stm32f10x_flash.o(i.FLASH_LockBank1), (20 bytes).
    Removing stm32f10x_flash.o(i.FLASH_PrefetchBufferCmd), (28 bytes).
    Removing stm32f10x_flash.o(i.FLASH_ProgramHalfWord), (64 bytes).
    Removing stm32f10x_flash.o(i.FLASH_ProgramOptionByteData), (84 bytes).
    Removing stm32f10x_flash.o(i.FLASH_ProgramWord), (108 bytes).
    Removing stm32f10x_flash.o(i.FLASH_ReadOutProtection), (172 bytes).
    Removing stm32f10x_flash.o(i.FLASH_SetLatency), (24 bytes).
    Removing stm32f10x_flash.o(i.FLASH_Unlock), (24 bytes).
    Removing stm32f10x_flash.o(i.FLASH_UnlockBank1), (24 bytes).
    Removing stm32f10x_flash.o(i.FLASH_UserOptionByteConfig), (104 bytes).
    Removing stm32f10x_flash.o(i.FLASH_WaitForLastBank1Operation), (38 bytes).
    Removing stm32f10x_flash.o(i.FLASH_WaitForLastOperation), (38 bytes).
    Removing stm32f10x_gpio.o(.rev16_text), (4 bytes).
    Removing stm32f10x_gpio.o(.revsh_text), (4 bytes).
    Removing stm32f10x_gpio.o(.rrx_text), (6 bytes).
    Removing stm32f10x_gpio.o(i.GPIO_AFIODeInit), (20 bytes).
    Removing stm32f10x_gpio.o(i.GPIO_DeInit), (200 bytes).
    Removing stm32f10x_gpio.o(i.GPIO_ETH_MediaInterfaceConfig), (12 bytes).
    Removing stm32f10x_gpio.o(i.GPIO_EventOutputCmd), (12 bytes).
    Removing stm32f10x_gpio.o(i.GPIO_EventOutputConfig), (32 bytes).
    Removing stm32f10x_gpio.o(i.GPIO_PinLockConfig), (18 bytes).
    Removing stm32f10x_gpio.o(i.GPIO_PinRemapConfig), (144 bytes).
    Removing stm32f10x_gpio.o(i.GPIO_ReadInputData), (8 bytes).
    Removing stm32f10x_gpio.o(i.GPIO_ReadInputDataBit), (18 bytes).
    Removing stm32f10x_gpio.o(i.GPIO_ReadOutputData), (8 bytes).
    Removing stm32f10x_gpio.o(i.GPIO_ReadOutputDataBit), (18 bytes).
    Removing stm32f10x_gpio.o(i.GPIO_StructInit), (16 bytes).
    Removing stm32f10x_gpio.o(i.GPIO_Write), (4 bytes).
    Removing stm32f10x_gpio.o(i.GPIO_WriteBit), (10 bytes).
    Removing stm32f10x_rcc.o(.rev16_text), (4 bytes).
    Removing stm32f10x_rcc.o(.revsh_text), (4 bytes).
    Removing stm32f10x_rcc.o(.rrx_text), (6 bytes).
    Removing stm32f10x_rcc.o(i.RCC_APB1PeriphResetCmd), (32 bytes).
    Removing stm32f10x_rcc.o(i.RCC_APB2PeriphResetCmd), (32 bytes).
    Removing stm32f10x_rcc.o(i.RCC_AdjustHSICalibrationValue), (24 bytes).
    Removing stm32f10x_rcc.o(i.RCC_BackupResetCmd), (12 bytes).
    Removing stm32f10x_rcc.o(i.RCC_ClearFlag), (20 bytes).
    Removing stm32f10x_rcc.o(i.RCC_ClearITPendingBit), (12 bytes).
    Removing stm32f10x_rcc.o(i.RCC_ClockSecuritySystemCmd), (12 bytes).
    Removing stm32f10x_rcc.o(i.RCC_DeInit), (76 bytes).
    Removing stm32f10x_rcc.o(i.RCC_GetFlagStatus), (60 bytes).
    Removing stm32f10x_rcc.o(i.RCC_GetITStatus), (24 bytes).
    Removing stm32f10x_rcc.o(i.RCC_GetSYSCLKSource), (16 bytes).
    Removing stm32f10x_rcc.o(i.RCC_HCLKConfig), (24 bytes).
    Removing stm32f10x_rcc.o(i.RCC_HSEConfig), (76 bytes).
    Removing stm32f10x_rcc.o(i.RCC_HSICmd), (12 bytes).
    Removing stm32f10x_rcc.o(i.RCC_ITConfig), (32 bytes).
    Removing stm32f10x_rcc.o(i.RCC_LSEConfig), (52 bytes).
    Removing stm32f10x_rcc.o(i.RCC_LSICmd), (12 bytes).
    Removing stm32f10x_rcc.o(i.RCC_MCOConfig), (12 bytes).
    Removing stm32f10x_rcc.o(i.RCC_PCLK1Config), (24 bytes).
    Removing stm32f10x_rcc.o(i.RCC_PCLK2Config), (24 bytes).
    Removing stm32f10x_rcc.o(i.RCC_PLLCmd), (12 bytes).
    Removing stm32f10x_rcc.o(i.RCC_PLLConfig), (28 bytes).
    Removing stm32f10x_rcc.o(i.RCC_RTCCLKCmd), (12 bytes).
    Removing stm32f10x_rcc.o(i.RCC_RTCCLKConfig), (16 bytes).
    Removing stm32f10x_rcc.o(i.RCC_SYSCLKConfig), (24 bytes).
    Removing stm32f10x_rcc.o(i.RCC_USBCLKConfig), (12 bytes).
    Removing stm32f10x_rcc.o(i.RCC_WaitForHSEStartUp), (56 bytes).
    Removing stm32f10x_spi.o(.rev16_text), (4 bytes).
    Removing stm32f10x_spi.o(.revsh_text), (4 bytes).
    Removing stm32f10x_spi.o(.rrx_text), (6 bytes).
    Removing stm32f10x_spi.o(i.I2S_Cmd), (24 bytes).
    Removing stm32f10x_spi.o(i.I2S_Init), (232 bytes).
    Removing stm32f10x_spi.o(i.I2S_StructInit), (20 bytes).
    Removing stm32f10x_spi.o(i.SPI_BiDirectionalLineConfig), (28 bytes).
    Removing stm32f10x_spi.o(i.SPI_CalculateCRC), (24 bytes).
    Removing stm32f10x_spi.o(i.SPI_Cmd), (24 bytes).
    Removing stm32f10x_spi.o(i.SPI_DataSizeConfig), (18 bytes).
    Removing stm32f10x_spi.o(i.SPI_GetCRC), (16 bytes).
    Removing stm32f10x_spi.o(i.SPI_GetCRCPolynomial), (6 bytes).
    Removing stm32f10x_spi.o(i.SPI_I2S_ClearFlag), (6 bytes).
    Removing stm32f10x_spi.o(i.SPI_I2S_ClearITPendingBit), (20 bytes).
    Removing stm32f10x_spi.o(i.SPI_I2S_DMACmd), (18 bytes).
    Removing stm32f10x_spi.o(i.SPI_I2S_DeInit), (88 bytes).
    Removing stm32f10x_spi.o(i.SPI_I2S_GetFlagStatus), (18 bytes).
    Removing stm32f10x_spi.o(i.SPI_I2S_GetITStatus), (52 bytes).
    Removing stm32f10x_spi.o(i.SPI_I2S_ITConfig), (32 bytes).
    Removing stm32f10x_spi.o(i.SPI_I2S_ReceiveData), (6 bytes).
    Removing stm32f10x_spi.o(i.SPI_I2S_SendData), (4 bytes).
    Removing stm32f10x_spi.o(i.SPI_Init), (60 bytes).
    Removing stm32f10x_spi.o(i.SPI_NSSInternalSoftwareConfig), (30 bytes).
    Removing stm32f10x_spi.o(i.SPI_SSOutputCmd), (24 bytes).
    Removing stm32f10x_spi.o(i.SPI_StructInit), (24 bytes).
    Removing stm32f10x_spi.o(i.SPI_TransmitCRC), (10 bytes).
    Removing stm32f10x_tim.o(.rev16_text), (4 bytes).
    Removing stm32f10x_tim.o(.revsh_text), (4 bytes).
    Removing stm32f10x_tim.o(.rrx_text), (6 bytes).
    Removing stm32f10x_tim.o(i.TI1_Config), (128 bytes).
    Removing stm32f10x_tim.o(i.TI2_Config), (152 bytes).
    Removing stm32f10x_tim.o(i.TI3_Config), (144 bytes).
    Removing stm32f10x_tim.o(i.TI4_Config), (152 bytes).
    Removing stm32f10x_tim.o(i.TIM_BDTRConfig), (32 bytes).
    Removing stm32f10x_tim.o(i.TIM_BDTRStructInit), (18 bytes).
    Removing stm32f10x_tim.o(i.TIM_CCPreloadControl), (24 bytes).
    Removing stm32f10x_tim.o(i.TIM_CCxCmd), (30 bytes).
    Removing stm32f10x_tim.o(i.TIM_CCxNCmd), (30 bytes).
    Removing stm32f10x_tim.o(i.TIM_ClearFlag), (6 bytes).
    Removing stm32f10x_tim.o(i.TIM_ClearITPendingBit), (6 bytes).
    Removing stm32f10x_tim.o(i.TIM_ClearOC1Ref), (18 bytes).
    Removing stm32f10x_tim.o(i.TIM_ClearOC2Ref), (24 bytes).
    Removing stm32f10x_tim.o(i.TIM_ClearOC3Ref), (18 bytes).
    Removing stm32f10x_tim.o(i.TIM_ClearOC4Ref), (24 bytes).
    Removing stm32f10x_tim.o(i.TIM_CounterModeConfig), (18 bytes).
    Removing stm32f10x_tim.o(i.TIM_CtrlPWMOutputs), (30 bytes).
    Removing stm32f10x_tim.o(i.TIM_DMACmd), (18 bytes).
    Removing stm32f10x_tim.o(i.TIM_DMAConfig), (10 bytes).
    Removing stm32f10x_tim.o(i.TIM_DeInit), (488 bytes).
    Removing stm32f10x_tim.o(i.TIM_ETRClockMode1Config), (54 bytes).
    Removing stm32f10x_tim.o(i.TIM_ETRClockMode2Config), (32 bytes).
    Removing stm32f10x_tim.o(i.TIM_ETRConfig), (28 bytes).
    Removing stm32f10x_tim.o(i.TIM_EncoderInterfaceConfig), (66 bytes).
    Removing stm32f10x_tim.o(i.TIM_ForcedOC1Config), (18 bytes).
    Removing stm32f10x_tim.o(i.TIM_ForcedOC2Config), (26 bytes).
    Removing stm32f10x_tim.o(i.TIM_ForcedOC3Config), (18 bytes).
    Removing stm32f10x_tim.o(i.TIM_ForcedOC4Config), (26 bytes).
    Removing stm32f10x_tim.o(i.TIM_GenerateEvent), (4 bytes).
    Removing stm32f10x_tim.o(i.TIM_GetCapture1), (6 bytes).
    Removing stm32f10x_tim.o(i.TIM_GetCapture2), (6 bytes).
    Removing stm32f10x_tim.o(i.TIM_GetCapture3), (6 bytes).
    Removing stm32f10x_tim.o(i.TIM_GetCapture4), (8 bytes).
    Removing stm32f10x_tim.o(i.TIM_GetCounter), (6 bytes).
    Removing stm32f10x_tim.o(i.TIM_GetFlagStatus), (18 bytes).
    Removing stm32f10x_tim.o(i.TIM_GetITStatus), (34 bytes).
    Removing stm32f10x_tim.o(i.TIM_GetPrescaler), (6 bytes).
    Removing stm32f10x_tim.o(i.TIM_ICInit), (172 bytes).
    Removing stm32f10x_tim.o(i.TIM_ICStructInit), (18 bytes).
    Removing stm32f10x_tim.o(i.TIM_ITConfig), (18 bytes).
    Removing stm32f10x_tim.o(i.TIM_ITRxExternalClockConfig), (24 bytes).
    Removing stm32f10x_tim.o(i.TIM_InternalClockConfig), (12 bytes).
    Removing stm32f10x_tim.o(i.TIM_OC1FastConfig), (18 bytes).
    Removing stm32f10x_tim.o(i.TIM_OC1Init), (152 bytes).
    Removing stm32f10x_tim.o(i.TIM_OC1NPolarityConfig), (18 bytes).
    Removing stm32f10x_tim.o(i.TIM_OC1PolarityConfig), (18 bytes).
    Removing stm32f10x_tim.o(i.TIM_OC1PreloadConfig), (18 bytes).
    Removing stm32f10x_tim.o(i.TIM_OC2FastConfig), (26 bytes).
    Removing stm32f10x_tim.o(i.TIM_OC2Init), (164 bytes).
    Removing stm32f10x_tim.o(i.TIM_OC2NPolarityConfig), (26 bytes).
    Removing stm32f10x_tim.o(i.TIM_OC2PolarityConfig), (26 bytes).
    Removing stm32f10x_tim.o(i.TIM_OC2PreloadConfig), (26 bytes).
    Removing stm32f10x_tim.o(i.TIM_OC3FastConfig), (18 bytes).
    Removing stm32f10x_tim.o(i.TIM_OC3Init), (160 bytes).
    Removing stm32f10x_tim.o(i.TIM_OC3NPolarityConfig), (26 bytes).
    Removing stm32f10x_tim.o(i.TIM_OC3PolarityConfig), (26 bytes).
    Removing stm32f10x_tim.o(i.TIM_OC3PreloadConfig), (18 bytes).
    Removing stm32f10x_tim.o(i.TIM_OC4FastConfig), (26 bytes).
    Removing stm32f10x_tim.o(i.TIM_OC4PolarityConfig), (26 bytes).
    Removing stm32f10x_tim.o(i.TIM_OCStructInit), (20 bytes).
    Removing stm32f10x_tim.o(i.TIM_PWMIConfig), (124 bytes).
    Removing stm32f10x_tim.o(i.TIM_PrescalerConfig), (6 bytes).
    Removing stm32f10x_tim.o(i.TIM_SelectCCDMA), (24 bytes).
    Removing stm32f10x_tim.o(i.TIM_SelectCOM), (24 bytes).
    Removing stm32f10x_tim.o(i.TIM_SelectHallSensor), (24 bytes).
    Removing stm32f10x_tim.o(i.TIM_SelectInputTrigger), (18 bytes).
    Removing stm32f10x_tim.o(i.TIM_SelectMasterSlaveMode), (18 bytes).
    Removing stm32f10x_tim.o(i.TIM_SelectOCxM), (82 bytes).
    Removing stm32f10x_tim.o(i.TIM_SelectOnePulseMode), (18 bytes).
    Removing stm32f10x_tim.o(i.TIM_SelectOutputTrigger), (18 bytes).
    Removing stm32f10x_tim.o(i.TIM_SelectSlaveMode), (18 bytes).
    Removing stm32f10x_tim.o(i.TIM_SetAutoreload), (4 bytes).
    Removing stm32f10x_tim.o(i.TIM_SetClockDivision), (18 bytes).
    Removing stm32f10x_tim.o(i.TIM_SetCompare1), (4 bytes).
    Removing stm32f10x_tim.o(i.TIM_SetCompare2), (4 bytes).
    Removing stm32f10x_tim.o(i.TIM_SetCompare3), (4 bytes).
    Removing stm32f10x_tim.o(i.TIM_SetCompare4), (6 bytes).
    Removing stm32f10x_tim.o(i.TIM_SetCounter), (4 bytes).
    Removing stm32f10x_tim.o(i.TIM_SetIC1Prescaler), (18 bytes).
    Removing stm32f10x_tim.o(i.TIM_SetIC2Prescaler), (26 bytes).
    Removing stm32f10x_tim.o(i.TIM_SetIC3Prescaler), (18 bytes).
    Removing stm32f10x_tim.o(i.TIM_SetIC4Prescaler), (26 bytes).
    Removing stm32f10x_tim.o(i.TIM_TIxExternalClockConfig), (62 bytes).
    Removing stm32f10x_tim.o(i.TIM_TimeBaseStructInit), (18 bytes).
    Removing stm32f10x_tim.o(i.TIM_UpdateDisableConfig), (24 bytes).
    Removing stm32f10x_tim.o(i.TIM_UpdateRequestConfig), (24 bytes).
    Removing stm32f10x_usart.o(.rev16_text), (4 bytes).
    Removing stm32f10x_usart.o(.revsh_text), (4 bytes).
    Removing stm32f10x_usart.o(.rrx_text), (6 bytes).
    Removing stm32f10x_usart.o(i.USART_ClearFlag), (18 bytes).
    Removing stm32f10x_usart.o(i.USART_ClearITPendingBit), (30 bytes).
    Removing stm32f10x_usart.o(i.USART_ClockInit), (34 bytes).
    Removing stm32f10x_usart.o(i.USART_ClockStructInit), (12 bytes).
    Removing stm32f10x_usart.o(i.USART_DMACmd), (18 bytes).
    Removing stm32f10x_usart.o(i.USART_DeInit), (156 bytes).
    Removing stm32f10x_usart.o(i.USART_GetITStatus), (84 bytes).
    Removing stm32f10x_usart.o(i.USART_HalfDuplexCmd), (24 bytes).
    Removing stm32f10x_usart.o(i.USART_ITConfig), (74 bytes).
    Removing stm32f10x_usart.o(i.USART_IrDACmd), (24 bytes).
    Removing stm32f10x_usart.o(i.USART_IrDAConfig), (18 bytes).
    Removing stm32f10x_usart.o(i.USART_LINBreakDetectLengthConfig), (18 bytes).
    Removing stm32f10x_usart.o(i.USART_LINCmd), (24 bytes).
    Removing stm32f10x_usart.o(i.USART_OneBitMethodCmd), (24 bytes).
    Removing stm32f10x_usart.o(i.USART_OverSampling8Cmd), (22 bytes).
    Removing stm32f10x_usart.o(i.USART_ReceiveData), (10 bytes).
    Removing stm32f10x_usart.o(i.USART_ReceiverWakeUpCmd), (24 bytes).
    Removing stm32f10x_usart.o(i.USART_SendBreak), (10 bytes).
    Removing stm32f10x_usart.o(i.USART_SetAddress), (18 bytes).
    Removing stm32f10x_usart.o(i.USART_SetGuardTime), (16 bytes).
    Removing stm32f10x_usart.o(i.USART_SetPrescaler), (16 bytes).
    Removing stm32f10x_usart.o(i.USART_SmartCardCmd), (24 bytes).
    Removing stm32f10x_usart.o(i.USART_SmartCardNACKCmd), (24 bytes).
    Removing stm32f10x_usart.o(i.USART_StructInit), (24 bytes).
    Removing stm32f10x_usart.o(i.USART_WakeUpConfig), (18 bytes).
    Removing startup_stm32f10x_md.o(HEAP), (512 bytes).
    Removing system_stm32f10x.o(.rev16_text), (4 bytes).
    Removing system_stm32f10x.o(.revsh_text), (4 bytes).
    Removing system_stm32f10x.o(.rrx_text), (6 bytes).
    Removing system_stm32f10x.o(i.SystemCoreClockUpdate), (164 bytes).
    Removing fadd.o(.text), (176 bytes).
    Removing fmul.o(.text), (100 bytes).
    Removing fdiv.o(.text), (124 bytes).
    Removing fflti.o(.text), (18 bytes).
    Removing ffltui.o(.text), (10 bytes).
    Removing ffixui.o(.text), (40 bytes).
    Removing cfcmple.o(.text), (20 bytes).
    Removing fepilogue.o(.text), (110 bytes).
    Removing dadd.o(.text), (334 bytes).
    Removing dmul.o(.text), (228 bytes).
    Removing ddiv.o(.text), (222 bytes).
    Removing dfixul.o(.text), (48 bytes).
    Removing cdrcmple.o(.text), (48 bytes).
    Removing depilogue.o(.text), (186 bytes).

399 unused section(s) (total 19196 bytes) removed from the image.

==============================================================================

Image Symbol Table

    Local Symbols

    Symbol Name                              Value     Ov Type        Size  Object(Section)

    ../clib/microlib/division.c              0x00000000   Number         0  uidiv.o ABSOLUTE
    ../clib/microlib/division.c              0x00000000   Number         0  uldiv.o ABSOLUTE
    ../clib/microlib/init/entry.s            0x00000000   Number         0  entry8a.o ABSOLUTE
    ../clib/microlib/init/entry.s            0x00000000   Number         0  entry2.o ABSOLUTE
    ../clib/microlib/init/entry.s            0x00000000   Number         0  entry.o ABSOLUTE
    ../clib/microlib/init/entry.s            0x00000000   Number         0  entry5.o ABSOLUTE
    ../clib/microlib/init/entry.s            0x00000000   Number         0  entry8b.o ABSOLUTE
    ../clib/microlib/init/entry.s            0x00000000   Number         0  entry9a.o ABSOLUTE
    ../clib/microlib/init/entry.s            0x00000000   Number         0  entry7a.o ABSOLUTE
    ../clib/microlib/init/entry.s            0x00000000   Number         0  entry7b.o ABSOLUTE
    ../clib/microlib/init/entry.s            0x00000000   Number         0  entry10a.o ABSOLUTE
    ../clib/microlib/init/entry.s            0x00000000   Number         0  entry10b.o ABSOLUTE
    ../clib/microlib/init/entry.s            0x00000000   Number         0  entry11a.o ABSOLUTE
    ../clib/microlib/init/entry.s            0x00000000   Number         0  entry11b.o ABSOLUTE
    ../clib/microlib/init/entry.s            0x00000000   Number         0  entry9b.o ABSOLUTE
    ../clib/microlib/longlong.c              0x00000000   Number         0  llshl.o ABSOLUTE
    ../clib/microlib/longlong.c              0x00000000   Number         0  llushr.o ABSOLUTE
    ../clib/microlib/longlong.c              0x00000000   Number         0  llsshr.o ABSOLUTE
    ../clib/microlib/printf/printf.c         0x00000000   Number         0  printfa.o ABSOLUTE
    ../clib/microlib/printf/printf.c         0x00000000   Number         0  printf1.o ABSOLUTE
    ../clib/microlib/printf/printf.c         0x00000000   Number         0  printf0.o ABSOLUTE
    ../clib/microlib/printf/printf.c         0x00000000   Number         0  printfb.o ABSOLUTE
    ../clib/microlib/printf/printf.c         0x00000000   Number         0  printf2.o ABSOLUTE
    ../clib/microlib/printf/printf.c         0x00000000   Number         0  printf8.o ABSOLUTE
    ../clib/microlib/printf/printf.c         0x00000000   Number         0  printf7.o ABSOLUTE
    ../clib/microlib/printf/printf.c         0x00000000   Number         0  printf6.o ABSOLUTE
    ../clib/microlib/printf/printf.c         0x00000000   Number         0  printf5.o ABSOLUTE
    ../clib/microlib/printf/printf.c         0x00000000   Number         0  printf4.o ABSOLUTE
    ../clib/microlib/printf/printf.c         0x00000000   Number         0  printf3.o ABSOLUTE
    ../clib/microlib/printf/stubs.s          0x00000000   Number         0  stubs.o ABSOLUTE
    ../clib/microlib/stdio/streams.c         0x00000000   Number         0  stdout.o ABSOLUTE
    ../clib/microlib/stubs.s                 0x00000000   Number         0  iusefp.o ABSOLUTE
    ../fplib/microlib/fpadd.c                0x00000000   Number         0  fadd.o ABSOLUTE
    ../fplib/microlib/fpadd.c                0x00000000   Number         0  dadd.o ABSOLUTE
    ../fplib/microlib/fpdiv.c                0x00000000   Number         0  fdiv.o ABSOLUTE
    ../fplib/microlib/fpdiv.c                0x00000000   Number         0  ddiv.o ABSOLUTE
    ../fplib/microlib/fpepilogue.c           0x00000000   Number         0  depilogue.o ABSOLUTE
    ../fplib/microlib/fpepilogue.c           0x00000000   Number         0  fepilogue.o ABSOLUTE
    ../fplib/microlib/fpfix.c                0x00000000   Number         0  ffixui.o ABSOLUTE
    ../fplib/microlib/fpfix.c                0x00000000   Number         0  dfixul.o ABSOLUTE
    ../fplib/microlib/fpflt.c                0x00000000   Number         0  ffltui.o ABSOLUTE
    ../fplib/microlib/fpflt.c                0x00000000   Number         0  fflti.o ABSOLUTE
    ../fplib/microlib/fpmul.c                0x00000000   Number         0  dmul.o ABSOLUTE
    ../fplib/microlib/fpmul.c                0x00000000   Number         0  fmul.o ABSOLUTE
    D:\\keil5\\ARM\\PACK\\Keil\\STM32F1xx_DFP\\2.2.0\\Device\\StdPeriph_Driver\\src\\misc.c 0x00000000   Number         0  misc.o ABSOLUTE
    D:\\keil5\\ARM\\PACK\\Keil\\STM32F1xx_DFP\\2.2.0\\Device\\StdPeriph_Driver\\src\\stm32f10x_adc.c 0x00000000   Number         0  stm32f10x_adc.o ABSOLUTE
    D:\\keil5\\ARM\\PACK\\Keil\\STM32F1xx_DFP\\2.2.0\\Device\\StdPeriph_Driver\\src\\stm32f10x_dma.c 0x00000000   Number         0  stm32f10x_dma.o ABSOLUTE
    D:\\keil5\\ARM\\PACK\\Keil\\STM32F1xx_DFP\\2.2.0\\Device\\StdPeriph_Driver\\src\\stm32f10x_exti.c 0x00000000   Number         0  stm32f10x_exti.o ABSOLUTE
    D:\\keil5\\ARM\\PACK\\Keil\\STM32F1xx_DFP\\2.2.0\\Device\\StdPeriph_Driver\\src\\stm32f10x_flash.c 0x00000000   Number         0  stm32f10x_flash.o ABSOLUTE
    D:\\keil5\\ARM\\PACK\\Keil\\STM32F1xx_DFP\\2.2.0\\Device\\StdPeriph_Driver\\src\\stm32f10x_gpio.c 0x00000000   Number         0  stm32f10x_gpio.o ABSOLUTE
    D:\\keil5\\ARM\\PACK\\Keil\\STM32F1xx_DFP\\2.2.0\\Device\\StdPeriph_Driver\\src\\stm32f10x_rcc.c 0x00000000   Number         0  stm32f10x_rcc.o ABSOLUTE
    D:\\keil5\\ARM\\PACK\\Keil\\STM32F1xx_DFP\\2.2.0\\Device\\StdPeriph_Driver\\src\\stm32f10x_spi.c 0x00000000   Number         0  stm32f10x_spi.o ABSOLUTE
    D:\\keil5\\ARM\\PACK\\Keil\\STM32F1xx_DFP\\2.2.0\\Device\\StdPeriph_Driver\\src\\stm32f10x_tim.c 0x00000000   Number         0  stm32f10x_tim.o ABSOLUTE
    D:\\keil5\\ARM\\PACK\\Keil\\STM32F1xx_DFP\\2.2.0\\Device\\StdPeriph_Driver\\src\\stm32f10x_usart.c 0x00000000   Number         0  stm32f10x_usart.o ABSOLUTE
    D:\keil5\ARM\PACK\Keil\STM32F1xx_DFP\2.2.0\Device\StdPeriph_Driver\src\misc.c 0x00000000   Number         0  misc.o ABSOLUTE
    D:\keil5\ARM\PACK\Keil\STM32F1xx_DFP\2.2.0\Device\StdPeriph_Driver\src\stm32f10x_adc.c 0x00000000   Number         0  stm32f10x_adc.o ABSOLUTE
    D:\keil5\ARM\PACK\Keil\STM32F1xx_DFP\2.2.0\Device\StdPeriph_Driver\src\stm32f10x_dma.c 0x00000000   Number         0  stm32f10x_dma.o ABSOLUTE
    D:\keil5\ARM\PACK\Keil\STM32F1xx_DFP\2.2.0\Device\StdPeriph_Driver\src\stm32f10x_exti.c 0x00000000   Number         0  stm32f10x_exti.o ABSOLUTE
    D:\keil5\ARM\PACK\Keil\STM32F1xx_DFP\2.2.0\Device\StdPeriph_Driver\src\stm32f10x_flash.c 0x00000000   Number         0  stm32f10x_flash.o ABSOLUTE
    D:\keil5\ARM\PACK\Keil\STM32F1xx_DFP\2.2.0\Device\StdPeriph_Driver\src\stm32f10x_gpio.c 0x00000000   Number         0  stm32f10x_gpio.o ABSOLUTE
    D:\keil5\ARM\PACK\Keil\STM32F1xx_DFP\2.2.0\Device\StdPeriph_Driver\src\stm32f10x_rcc.c 0x00000000   Number         0  stm32f10x_rcc.o ABSOLUTE
    D:\keil5\ARM\PACK\Keil\STM32F1xx_DFP\2.2.0\Device\StdPeriph_Driver\src\stm32f10x_spi.c 0x00000000   Number         0  stm32f10x_spi.o ABSOLUTE
    D:\keil5\ARM\PACK\Keil\STM32F1xx_DFP\2.2.0\Device\StdPeriph_Driver\src\stm32f10x_tim.c 0x00000000   Number         0  stm32f10x_tim.o ABSOLUTE
    D:\keil5\ARM\PACK\Keil\STM32F1xx_DFP\2.2.0\Device\StdPeriph_Driver\src\stm32f10x_usart.c 0x00000000   Number         0  stm32f10x_usart.o ABSOLUTE
    RTE\Device\STM32F103C8\startup_stm32f10x_md.s 0x00000000   Number         0  startup_stm32f10x_md.o ABSOLUTE
    RTE\Device\STM32F103C8\system_stm32f10x.c 0x00000000   Number         0  system_stm32f10x.o ABSOLUTE
    RTE\\Device\\STM32F103C8\\system_stm32f10x.c 0x00000000   Number         0  system_stm32f10x.o ABSOLUTE
    cdrcmple.s                               0x00000000   Number         0  cdrcmple.o ABSOLUTE
    cfcmple.s                                0x00000000   Number         0  cfcmple.o ABSOLUTE
    dc.s                                     0x00000000   Number         0  dc.o ABSOLUTE
    handlers.s                               0x00000000   Number         0  handlers.o ABSOLUTE
    init.s                                   0x00000000   Number         0  init.o ABSOLUTE
    user\\adc.c                              0x00000000   Number         0  adc.o ABSOLUTE
    user\\adc_dma.c                          0x00000000   Number         0  adc_dma.o ABSOLUTE
    user\\bsp_nrf.c                          0x00000000   Number         0  bsp_nrf.o ABSOLUTE
    user\\button.c                           0x00000000   Number         0  button.o ABSOLUTE
    user\\deal_datapacket.c                  0x00000000   Number         0  deal_datapacket.o ABSOLUTE
    user\\flash.c                            0x00000000   Number         0  flash.o ABSOLUTE
    user\\led.c                              0x00000000   Number         0  led.o ABSOLUTE
    user\\main.c                             0x00000000   Number         0  main.o ABSOLUTE
    user\\nRF.c                              0x00000000   Number         0  nrf.o ABSOLUTE
    user\\nvic.c                             0x00000000   Number         0  nvic.o ABSOLUTE
    user\\oled.c                             0x00000000   Number         0  oled.o ABSOLUTE
    user\\oleddispaly.c                      0x00000000   Number         0  oleddispaly.o ABSOLUTE
    user\\paramsave.c                        0x00000000   Number         0  paramsave.o ABSOLUTE
    user\\senddata.c                         0x00000000   Number         0  senddata.o ABSOLUTE
    user\\spi.c                              0x00000000   Number         0  spi.o ABSOLUTE
    user\\systick.c                          0x00000000   Number         0  systick.o ABSOLUTE
    user\\tim_octigr.c                       0x00000000   Number         0  tim_octigr.o ABSOLUTE
    user\\usart.c                            0x00000000   Number         0  usart.o ABSOLUTE
    user\adc.c                               0x00000000   Number         0  adc.o ABSOLUTE
    user\adc_dma.c                           0x00000000   Number         0  adc_dma.o ABSOLUTE
    user\bsp_nrf.c                           0x00000000   Number         0  bsp_nrf.o ABSOLUTE
    user\button.c                            0x00000000   Number         0  button.o ABSOLUTE
    user\deal_datapacket.c                   0x00000000   Number         0  deal_datapacket.o ABSOLUTE
    user\flash.c                             0x00000000   Number         0  flash.o ABSOLUTE
    user\led.c                               0x00000000   Number         0  led.o ABSOLUTE
    user\main.c                              0x00000000   Number         0  main.o ABSOLUTE
    user\nRF.c                               0x00000000   Number         0  nrf.o ABSOLUTE
    user\nvic.c                              0x00000000   Number         0  nvic.o ABSOLUTE
    user\oled.c                              0x00000000   Number         0  oled.o ABSOLUTE
    user\oleddispaly.c                       0x00000000   Number         0  oleddispaly.o ABSOLUTE
    user\paramsave.c                         0x00000000   Number         0  paramsave.o ABSOLUTE
    user\senddata.c                          0x00000000   Number         0  senddata.o ABSOLUTE
    user\spi.c                               0x00000000   Number         0  spi.o ABSOLUTE
    user\systick.c                           0x00000000   Number         0  systick.o ABSOLUTE
    user\tim_octigr.c                        0x00000000   Number         0  tim_octigr.o ABSOLUTE
    user\usart.c                             0x00000000   Number         0  usart.o ABSOLUTE
    RESET                                    0x08000000   Section      236  startup_stm32f10x_md.o(RESET)
    .ARM.Collect$$$$00000000                 0x080000ec   Section        0  entry.o(.ARM.Collect$$$$00000000)
    .ARM.Collect$$$$00000001                 0x080000ec   Section        4  entry2.o(.ARM.Collect$$$$00000001)
    .ARM.Collect$$$$00000004                 0x080000f0   Section        4  entry5.o(.ARM.Collect$$$$00000004)
    .ARM.Collect$$$$00000008                 0x080000f4   Section        0  entry7b.o(.ARM.Collect$$$$00000008)
    .ARM.Collect$$$$0000000A                 0x080000f4   Section        0  entry8b.o(.ARM.Collect$$$$0000000A)
    .ARM.Collect$$$$0000000B                 0x080000f4   Section        8  entry9a.o(.ARM.Collect$$$$0000000B)
    .ARM.Collect$$$$0000000D                 0x080000fc   Section        0  entry10a.o(.ARM.Collect$$$$0000000D)
    .ARM.Collect$$$$0000000F                 0x080000fc   Section        0  entry11a.o(.ARM.Collect$$$$0000000F)
    .ARM.Collect$$$$00002712                 0x080000fc   Section        4  entry2.o(.ARM.Collect$$$$00002712)
    __lit__00000000                          0x080000fc   Data           4  entry2.o(.ARM.Collect$$$$00002712)
    .text                                    0x08000100   Section       36  startup_stm32f10x_md.o(.text)
    .text                                    0x08000124   Section        0  uidiv.o(.text)
    .text                                    0x08000150   Section       36  init.o(.text)
    i.ADC_Calibration                        0x08000174   Section        0  adc_dma.o(i.ADC_Calibration)
    i.ADC_Cmd                                0x0800029c   Section        0  stm32f10x_adc.o(i.ADC_Cmd)
    i.ADC_DMACmd                             0x080002b2   Section        0  stm32f10x_adc.o(i.ADC_DMACmd)
    i.ADC_DmaConfig                          0x080002c8   Section        0  adc_dma.o(i.ADC_DmaConfig)
    i.ADC_ExternalTrigConvCmd                0x0800041c   Section        0  stm32f10x_adc.o(i.ADC_ExternalTrigConvCmd)
    i.ADC_GetCalibrationStatus               0x08000432   Section        0  stm32f10x_adc.o(i.ADC_GetCalibrationStatus)
    i.ADC_GetConversionValue                 0x08000446   Section        0  stm32f10x_adc.o(i.ADC_GetConversionValue)
    i.ADC_GetFlagStatus                      0x0800044e   Section        0  stm32f10x_adc.o(i.ADC_GetFlagStatus)
    i.ADC_Init                               0x08000460   Section        0  stm32f10x_adc.o(i.ADC_Init)
    i.ADC_RegularChannelConfig               0x080004b0   Section        0  stm32f10x_adc.o(i.ADC_RegularChannelConfig)
    i.ADC_ResetCalibration                   0x08000568   Section        0  stm32f10x_adc.o(i.ADC_ResetCalibration)
    i.ADC_SoftwareStartConvCmd               0x08000572   Section        0  stm32f10x_adc.o(i.ADC_SoftwareStartConvCmd)
    i.ADC_StartCalibration                   0x08000588   Section        0  stm32f10x_adc.o(i.ADC_StartCalibration)
    i.BUTTON_Config                          0x08000594   Section        0  button.o(i.BUTTON_Config)
    i.DMA1_Channel1_IRQHandler               0x08000694   Section        0  senddata.o(i.DMA1_Channel1_IRQHandler)
    i.DMA_ClearITPendingBit                  0x080006bc   Section        0  stm32f10x_dma.o(i.DMA_ClearITPendingBit)
    i.DMA_Cmd                                0x080006d8   Section        0  stm32f10x_dma.o(i.DMA_Cmd)
    i.DMA_GetITStatus                        0x080006f0   Section        0  stm32f10x_dma.o(i.DMA_GetITStatus)
    i.DMA_ITConfig                           0x0800071c   Section        0  stm32f10x_dma.o(i.DMA_ITConfig)
    i.DMA_Init                               0x0800072e   Section        0  stm32f10x_dma.o(i.DMA_Init)
    i.EXTI15_10_IRQHandler                   0x0800076c   Section        0  senddata.o(i.EXTI15_10_IRQHandler)
    i.EXTI1_IRQHandler                       0x08000888   Section        0  nrf.o(i.EXTI1_IRQHandler)
    i.EXTI_ClearITPendingBit                 0x0800096c   Section        0  stm32f10x_exti.o(i.EXTI_ClearITPendingBit)
    i.EXTI_GetITStatus                       0x08000978   Section        0  stm32f10x_exti.o(i.EXTI_GetITStatus)
    i.EXTI_Init                              0x080009a0   Section        0  stm32f10x_exti.o(i.EXTI_Init)
    i.GPIO_EXTILineConfig                    0x08000a34   Section        0  stm32f10x_gpio.o(i.GPIO_EXTILineConfig)
    i.GPIO_Init                              0x08000a74   Section        0  stm32f10x_gpio.o(i.GPIO_Init)
    i.GPIO_ResetBits                         0x08000b8a   Section        0  stm32f10x_gpio.o(i.GPIO_ResetBits)
    i.GPIO_SetBits                           0x08000b8e   Section        0  stm32f10x_gpio.o(i.GPIO_SetBits)
    i.Get_Adc                                0x08000b94   Section        0  adc.o(i.Get_Adc)
    i.IIC_Start                              0x08000bc8   Section        0  oled.o(i.IIC_Start)
    i.IIC_Stop                               0x08000bf0   Section        0  oled.o(i.IIC_Stop)
    i.IIC_Wait_Ack                           0x08000c10   Section        0  oled.o(i.IIC_Wait_Ack)
    i.LED_Config                             0x08000c28   Section        0  led.o(i.LED_Config)
    i.LED_Off                                0x08000c5c   Section        0  led.o(i.LED_Off)
    i.LED_On                                 0x08000c70   Section        0  led.o(i.LED_On)
    i.LED_Toggle                             0x08000c84   Section        0  led.o(i.LED_Toggle)
    i.NRF24L01_Check                         0x08000c94   Section        0  bsp_nrf.o(i.NRF24L01_Check)
    i.NRF24L01_Read_Buf                      0x08000d10   Section        0  bsp_nrf.o(i.NRF24L01_Read_Buf)
    i.NRF24L01_Read_Reg                      0x08000d4c   Section        0  bsp_nrf.o(i.NRF24L01_Read_Reg)
    i.NRF24L01_TxPacket                      0x08000d78   Section        0  bsp_nrf.o(i.NRF24L01_TxPacket)
    i.NRF24L01_WT_Init                       0x08000dd8   Section        0  bsp_nrf.o(i.NRF24L01_WT_Init)
    i.NRF24L01_Write_Buf                     0x08000e50   Section        0  bsp_nrf.o(i.NRF24L01_Write_Buf)
    i.NRF24L01_Write_Reg                     0x08000e8c   Section        0  bsp_nrf.o(i.NRF24L01_Write_Reg)
    i.NRF_ReceivePacket                      0x08000ebc   Section        0  nrf.o(i.NRF_ReceivePacket)
    i.NVIC_Config                            0x08000ef4   Section        0  nvic.o(i.NVIC_Config)
    i.NVIC_EncodePriority                    0x08000f4a   Section        0  nvic.o(i.NVIC_EncodePriority)
    NVIC_EncodePriority                      0x08000f4b   Thumb Code    64  nvic.o(i.NVIC_EncodePriority)
    i.OLED_Clear                             0x08000f8a   Section        0  oled.o(i.OLED_Clear)
    i.OLED_Init                              0x08000fc8   Section        0  oled.o(i.OLED_Init)
    i.OLED_Set_Pos                           0x080010d8   Section        0  oled.o(i.OLED_Set_Pos)
    i.OLED_ShowChar                          0x08001100   Section        0  oled.o(i.OLED_ShowChar)
    i.OLED_ShowNum                           0x080011a4   Section        0  oled.o(i.OLED_ShowNum)
    i.OLED_ShowString                        0x0800121e   Section        0  oled.o(i.OLED_ShowString)
    i.OLED_WR_Byte                           0x08001258   Section        0  oled.o(i.OLED_WR_Byte)
    i.RCC_ADCCLKConfig                       0x08001270   Section        0  stm32f10x_rcc.o(i.RCC_ADCCLKConfig)
    i.RCC_AHBPeriphClockCmd                  0x08001288   Section        0  stm32f10x_rcc.o(i.RCC_AHBPeriphClockCmd)
    i.RCC_APB1PeriphClockCmd                 0x080012a8   Section        0  stm32f10x_rcc.o(i.RCC_APB1PeriphClockCmd)
    i.RCC_APB2PeriphClockCmd                 0x080012c8   Section        0  stm32f10x_rcc.o(i.RCC_APB2PeriphClockCmd)
    i.RCC_GetClocksFreq                      0x080012e8   Section        0  stm32f10x_rcc.o(i.RCC_GetClocksFreq)
    i.RX_Mode                                0x080013bc   Section        0  nrf.o(i.RX_Mode)
    i.SEND_BUF                               0x080013f0   Section        0  bsp_nrf.o(i.SEND_BUF)
    i.SPI_GPIO_Init                          0x0800143c   Section        0  bsp_nrf.o(i.SPI_GPIO_Init)
    i.SPI_RW                                 0x080014c8   Section        0  bsp_nrf.o(i.SPI_RW)
    i.SPI_Read_Buf                           0x08001510   Section        0  spi.o(i.SPI_Read_Buf)
    i.SPI_Read_Byte                          0x08001560   Section        0  spi.o(i.SPI_Read_Byte)
    i.SPI_Write_Byte                         0x08001598   Section        0  spi.o(i.SPI_Write_Byte)
    i.SetSysClock                            0x080015d8   Section        0  system_stm32f10x.o(i.SetSysClock)
    SetSysClock                              0x080015d9   Thumb Code     8  system_stm32f10x.o(i.SetSysClock)
    i.SetSysClockTo72                        0x080015e0   Section        0  system_stm32f10x.o(i.SetSysClockTo72)
    SetSysClockTo72                          0x080015e1   Thumb Code   214  system_stm32f10x.o(i.SetSysClockTo72)
    i.SysTick_Handler                        0x080016c0   Section        0  systick.o(i.SysTick_Handler)
    i.SysTick_Init                           0x080016d8   Section        0  systick.o(i.SysTick_Init)
    i.SystemInit                             0x08001708   Section        0  system_stm32f10x.o(i.SystemInit)
    i.TIM_ARRPreloadConfig                   0x08001768   Section        0  stm32f10x_tim.o(i.TIM_ARRPreloadConfig)
    i.TIM_Cmd                                0x08001780   Section        0  stm32f10x_tim.o(i.TIM_Cmd)
    i.TIM_OC4Init                            0x08001798   Section        0  stm32f10x_tim.o(i.TIM_OC4Init)
    i.TIM_OC4PreloadConfig                   0x08001814   Section        0  stm32f10x_tim.o(i.TIM_OC4PreloadConfig)
    i.TIM_OCTigrConfig                       0x08001830   Section        0  tim_octigr.o(i.TIM_OCTigrConfig)
    i.TIM_TimeBaseInit                       0x080018a0   Section        0  stm32f10x_tim.o(i.TIM_TimeBaseInit)
    i.USART_Cmd                              0x08001944   Section        0  stm32f10x_usart.o(i.USART_Cmd)
    i.USART_Config                           0x0800195c   Section        0  usart.o(i.USART_Config)
    i.USART_GetFlagStatus                    0x080019e0   Section        0  stm32f10x_usart.o(i.USART_GetFlagStatus)
    i.USART_Init                             0x080019fc   Section        0  stm32f10x_usart.o(i.USART_Init)
    i.USART_SendData                         0x08001ad4   Section        0  stm32f10x_usart.o(i.USART_SendData)
    i.Write_IIC_Byte                         0x08001adc   Section        0  oled.o(i.Write_IIC_Byte)
    i.Write_IIC_Command                      0x08001b30   Section        0  oled.o(i.Write_IIC_Command)
    i.Write_IIC_Data                         0x08001b5c   Section        0  oled.o(i.Write_IIC_Data)
    i.__0printf$1                            0x08001b88   Section        0  printf1.o(i.__0printf$1)
    i.__NVIC_SetPriority                     0x08001ba8   Section        0  nvic.o(i.__NVIC_SetPriority)
    __NVIC_SetPriority                       0x08001ba9   Thumb Code    32  nvic.o(i.__NVIC_SetPriority)
    i.__scatterload_copy                     0x08001bd0   Section       14  handlers.o(i.__scatterload_copy)
    i.__scatterload_null                     0x08001bde   Section        2  handlers.o(i.__scatterload_null)
    i.__scatterload_zeroinit                 0x08001be0   Section       14  handlers.o(i.__scatterload_zeroinit)
    i._printf_core                           0x08001bf0   Section        0  printf1.o(i._printf_core)
    _printf_core                             0x08001bf1   Thumb Code   336  printf1.o(i._printf_core)
    i.delay_ms                               0x08001d44   Section        0  systick.o(i.delay_ms)
    i.delay_us                               0x08001d88   Section        0  bsp_nrf.o(i.delay_us)
    delay_us                                 0x08001d89   Thumb Code    26  bsp_nrf.o(i.delay_us)
    i.fputc                                  0x08001da4   Section        0  usart.o(i.fputc)
    i.main                                   0x08001dc8   Section        0  main.o(i.main)
    i.oled_pow                               0x080021b0   Section        0  oled.o(i.oled_pow)
    i.qwe                                    0x080021c8   Section        0  deal_datapacket.o(i.qwe)
    .constdata                               0x080021f0   Section     2072  oled.o(.constdata)
    .data                                    0x20000000   Section        6  main.o(.data)
    .data                                    0x20000008   Section        4  systick.o(.data)
    .data                                    0x2000000c   Section       36  adc_dma.o(.data)
    cnt                                      0x2000001e   Data           1  adc_dma.o(.data)
    temp1                                    0x20000020   Data           4  adc_dma.o(.data)
    temp2                                    0x20000024   Data           4  adc_dma.o(.data)
    temp3                                    0x20000028   Data           4  adc_dma.o(.data)
    temp4                                    0x2000002c   Data           4  adc_dma.o(.data)
    .data                                    0x20000030   Section        1  button.o(.data)
    .data                                    0x20000032   Section       12  deal_datapacket.o(.data)
    .data                                    0x20000040   Section        8  senddata.o(.data)
    .data                                    0x20000048   Section       19  nrf.o(.data)
    cnt                                      0x20000059   Data           1  nrf.o(.data)
    preaddr                                  0x2000005a   Data           1  nrf.o(.data)
    .data                                    0x2000005b   Section        1  spi.o(.data)
    .data                                    0x2000005c   Section       20  stm32f10x_rcc.o(.data)
    APBAHBPrescTable                         0x2000005c   Data          16  stm32f10x_rcc.o(.data)
    ADCPrescTable                            0x2000006c   Data           4  stm32f10x_rcc.o(.data)
    .data                                    0x20000070   Section       20  system_stm32f10x.o(.data)
    .data                                    0x20000084   Section        4  stdout.o(.data)
    STACK                                    0x20000088   Section     1024  startup_stm32f10x_md.o(STACK)

    Global Symbols

    Symbol Name                              Value     Ov Type        Size  Object(Section)

    BuildAttributes$$THM_ISAv4$P$D$K$B$S$PE$A:L22UL41UL21$X:L11$S22US41US21$IEEE1$IW$USESV6$~STKCKD$USESV7$~SHL$OTIME$ROPI$EBA8$MICROLIB$REQ8$PRES8$EABIv2 0x00000000   Number         0  anon$$obj.o ABSOLUTE
    __ARM_use_no_argv                        0x00000000   Number         0  main.o ABSOLUTE
    _printf_a                                0x00000000   Number         0  stubs.o ABSOLUTE
    _printf_c                                0x00000000   Number         0  stubs.o ABSOLUTE
    _printf_charcount                        0x00000000   Number         0  stubs.o ABSOLUTE
    _printf_d                                0x00000000   Number         0  stubs.o ABSOLUTE
    _printf_e                                0x00000000   Number         0  stubs.o ABSOLUTE
    _printf_f                                0x00000000   Number         0  stubs.o ABSOLUTE
    _printf_flags                            0x00000000   Number         0  stubs.o ABSOLUTE
    _printf_fp_dec                           0x00000000   Number         0  stubs.o ABSOLUTE
    _printf_fp_hex                           0x00000000   Number         0  stubs.o ABSOLUTE
    _printf_g                                0x00000000   Number         0  stubs.o ABSOLUTE
    _printf_i                                0x00000000   Number         0  stubs.o ABSOLUTE
    _printf_int_dec                          0x00000000   Number         0  stubs.o ABSOLUTE
    _printf_l                                0x00000000   Number         0  stubs.o ABSOLUTE
    _printf_lc                               0x00000000   Number         0  stubs.o ABSOLUTE
    _printf_ll                               0x00000000   Number         0  stubs.o ABSOLUTE
    _printf_lld                              0x00000000   Number         0  stubs.o ABSOLUTE
    _printf_lli                              0x00000000   Number         0  stubs.o ABSOLUTE
    _printf_llo                              0x00000000   Number         0  stubs.o ABSOLUTE
    _printf_llu                              0x00000000   Number         0  stubs.o ABSOLUTE
    _printf_llx                              0x00000000   Number         0  stubs.o ABSOLUTE
    _printf_longlong_dec                     0x00000000   Number         0  stubs.o ABSOLUTE
    _printf_longlong_hex                     0x00000000   Number         0  stubs.o ABSOLUTE
    _printf_longlong_oct                     0x00000000   Number         0  stubs.o ABSOLUTE
    _printf_ls                               0x00000000   Number         0  stubs.o ABSOLUTE
    _printf_mbtowc                           0x00000000   Number         0  stubs.o ABSOLUTE
    _printf_n                                0x00000000   Number         0  stubs.o ABSOLUTE
    _printf_o                                0x00000000   Number         0  stubs.o ABSOLUTE
    _printf_p                                0x00000000   Number         0  stubs.o ABSOLUTE
    _printf_percent                          0x00000000   Number         0  stubs.o ABSOLUTE
    _printf_pre_padding                      0x00000000   Number         0  stubs.o ABSOLUTE
    _printf_return_value                     0x00000000   Number         0  stubs.o ABSOLUTE
    _printf_s                                0x00000000   Number         0  stubs.o ABSOLUTE
    _printf_sizespec                         0x00000000   Number         0  stubs.o ABSOLUTE
    _printf_str                              0x00000000   Number         0  stubs.o ABSOLUTE
    _printf_truncate_signed                  0x00000000   Number         0  stubs.o ABSOLUTE
    _printf_truncate_unsigned                0x00000000   Number         0  stubs.o ABSOLUTE
    _printf_u                                0x00000000   Number         0  stubs.o ABSOLUTE
    _printf_wc                               0x00000000   Number         0  stubs.o ABSOLUTE
    _printf_wctomb                           0x00000000   Number         0  stubs.o ABSOLUTE
    _printf_widthprec                        0x00000000   Number         0  stubs.o ABSOLUTE
    _printf_x                                0x00000000   Number         0  stubs.o ABSOLUTE
    __cpp_initialize__aeabi_                  - Undefined Weak Reference
    __cxa_finalize                            - Undefined Weak Reference
    __decompress                              - Undefined Weak Reference
    _clock_init                               - Undefined Weak Reference
    _microlib_exit                            - Undefined Weak Reference
    __Vectors_Size                           0x000000ec   Number         0  startup_stm32f10x_md.o ABSOLUTE
    __Vectors                                0x08000000   Data           4  startup_stm32f10x_md.o(RESET)
    __Vectors_End                            0x080000ec   Data           0  startup_stm32f10x_md.o(RESET)
    __main                                   0x080000ed   Thumb Code     0  entry.o(.ARM.Collect$$$$00000000)
    _main_stk                                0x080000ed   Thumb Code     0  entry2.o(.ARM.Collect$$$$00000001)
    _main_scatterload                        0x080000f1   Thumb Code     0  entry5.o(.ARM.Collect$$$$00000004)
    __main_after_scatterload                 0x080000f5   Thumb Code     0  entry5.o(.ARM.Collect$$$$00000004)
    _main_clock                              0x080000f5   Thumb Code     0  entry7b.o(.ARM.Collect$$$$00000008)
    _main_cpp_init                           0x080000f5   Thumb Code     0  entry8b.o(.ARM.Collect$$$$0000000A)
    _main_init                               0x080000f5   Thumb Code     0  entry9a.o(.ARM.Collect$$$$0000000B)
    __rt_final_cpp                           0x080000fd   Thumb Code     0  entry10a.o(.ARM.Collect$$$$0000000D)
    __rt_final_exit                          0x080000fd   Thumb Code     0  entry11a.o(.ARM.Collect$$$$0000000F)
    Reset_Handler                            0x08000101   Thumb Code     8  startup_stm32f10x_md.o(.text)
    NMI_Handler                              0x08000109   Thumb Code     2  startup_stm32f10x_md.o(.text)
    HardFault_Handler                        0x0800010b   Thumb Code     2  startup_stm32f10x_md.o(.text)
    MemManage_Handler                        0x0800010d   Thumb Code     2  startup_stm32f10x_md.o(.text)
    BusFault_Handler                         0x0800010f   Thumb Code     2  startup_stm32f10x_md.o(.text)
    UsageFault_Handler                       0x08000111   Thumb Code     2  startup_stm32f10x_md.o(.text)
    SVC_Handler                              0x08000113   Thumb Code     2  startup_stm32f10x_md.o(.text)
    DebugMon_Handler                         0x08000115   Thumb Code     2  startup_stm32f10x_md.o(.text)
    PendSV_Handler                           0x08000117   Thumb Code     2  startup_stm32f10x_md.o(.text)
    ADC1_2_IRQHandler                        0x0800011b   Thumb Code     0  startup_stm32f10x_md.o(.text)
    CAN1_RX1_IRQHandler                      0x0800011b   Thumb Code     0  startup_stm32f10x_md.o(.text)
    CAN1_SCE_IRQHandler                      0x0800011b   Thumb Code     0  startup_stm32f10x_md.o(.text)
    DMA1_Channel2_IRQHandler                 0x0800011b   Thumb Code     0  startup_stm32f10x_md.o(.text)
    DMA1_Channel3_IRQHandler                 0x0800011b   Thumb Code     0  startup_stm32f10x_md.o(.text)
    DMA1_Channel4_IRQHandler                 0x0800011b   Thumb Code     0  startup_stm32f10x_md.o(.text)
    DMA1_Channel5_IRQHandler                 0x0800011b   Thumb Code     0  startup_stm32f10x_md.o(.text)
    DMA1_Channel6_IRQHandler                 0x0800011b   Thumb Code     0  startup_stm32f10x_md.o(.text)
    DMA1_Channel7_IRQHandler                 0x0800011b   Thumb Code     0  startup_stm32f10x_md.o(.text)
    EXTI0_IRQHandler                         0x0800011b   Thumb Code     0  startup_stm32f10x_md.o(.text)
    EXTI2_IRQHandler                         0x0800011b   Thumb Code     0  startup_stm32f10x_md.o(.text)
    EXTI3_IRQHandler                         0x0800011b   Thumb Code     0  startup_stm32f10x_md.o(.text)
    EXTI4_IRQHandler                         0x0800011b   Thumb Code     0  startup_stm32f10x_md.o(.text)
    EXTI9_5_IRQHandler                       0x0800011b   Thumb Code     0  startup_stm32f10x_md.o(.text)
    FLASH_IRQHandler                         0x0800011b   Thumb Code     0  startup_stm32f10x_md.o(.text)
    I2C1_ER_IRQHandler                       0x0800011b   Thumb Code     0  startup_stm32f10x_md.o(.text)
    I2C1_EV_IRQHandler                       0x0800011b   Thumb Code     0  startup_stm32f10x_md.o(.text)
    I2C2_ER_IRQHandler                       0x0800011b   Thumb Code     0  startup_stm32f10x_md.o(.text)
    I2C2_EV_IRQHandler                       0x0800011b   Thumb Code     0  startup_stm32f10x_md.o(.text)
    PVD_IRQHandler                           0x0800011b   Thumb Code     0  startup_stm32f10x_md.o(.text)
    RCC_IRQHandler                           0x0800011b   Thumb Code     0  startup_stm32f10x_md.o(.text)
    RTCAlarm_IRQHandler                      0x0800011b   Thumb Code     0  startup_stm32f10x_md.o(.text)
    RTC_IRQHandler                           0x0800011b   Thumb Code     0  startup_stm32f10x_md.o(.text)
    SPI1_IRQHandler                          0x0800011b   Thumb Code     0  startup_stm32f10x_md.o(.text)
    SPI2_IRQHandler                          0x0800011b   Thumb Code     0  startup_stm32f10x_md.o(.text)
    TAMPER_IRQHandler                        0x0800011b   Thumb Code     0  startup_stm32f10x_md.o(.text)
    TIM1_BRK_IRQHandler                      0x0800011b   Thumb Code     0  startup_stm32f10x_md.o(.text)
    TIM1_CC_IRQHandler                       0x0800011b   Thumb Code     0  startup_stm32f10x_md.o(.text)
    TIM1_TRG_COM_IRQHandler                  0x0800011b   Thumb Code     0  startup_stm32f10x_md.o(.text)
    TIM1_UP_IRQHandler                       0x0800011b   Thumb Code     0  startup_stm32f10x_md.o(.text)
    TIM2_IRQHandler                          0x0800011b   Thumb Code     0  startup_stm32f10x_md.o(.text)
    TIM3_IRQHandler                          0x0800011b   Thumb Code     0  startup_stm32f10x_md.o(.text)
    TIM4_IRQHandler                          0x0800011b   Thumb Code     0  startup_stm32f10x_md.o(.text)
    USART1_IRQHandler                        0x0800011b   Thumb Code     0  startup_stm32f10x_md.o(.text)
    USART2_IRQHandler                        0x0800011b   Thumb Code     0  startup_stm32f10x_md.o(.text)
    USART3_IRQHandler                        0x0800011b   Thumb Code     0  startup_stm32f10x_md.o(.text)
    USBWakeUp_IRQHandler                     0x0800011b   Thumb Code     0  startup_stm32f10x_md.o(.text)
    USB_HP_CAN1_TX_IRQHandler                0x0800011b   Thumb Code     0  startup_stm32f10x_md.o(.text)
    USB_LP_CAN1_RX0_IRQHandler               0x0800011b   Thumb Code     0  startup_stm32f10x_md.o(.text)
    WWDG_IRQHandler                          0x0800011b   Thumb Code     0  startup_stm32f10x_md.o(.text)
    __aeabi_uidiv                            0x08000125   Thumb Code     0  uidiv.o(.text)
    __aeabi_uidivmod                         0x08000125   Thumb Code    44  uidiv.o(.text)
    __scatterload                            0x08000151   Thumb Code    28  init.o(.text)
    __scatterload_rt2                        0x08000151   Thumb Code     0  init.o(.text)
    ADC_Calibration                          0x08000175   Thumb Code   266  adc_dma.o(i.ADC_Calibration)
    ADC_Cmd                                  0x0800029d   Thumb Code    22  stm32f10x_adc.o(i.ADC_Cmd)
    ADC_DMACmd                               0x080002b3   Thumb Code    22  stm32f10x_adc.o(i.ADC_DMACmd)
    ADC_DmaConfig                            0x080002c9   Thumb Code   324  adc_dma.o(i.ADC_DmaConfig)
    ADC_ExternalTrigConvCmd                  0x0800041d   Thumb Code    22  stm32f10x_adc.o(i.ADC_ExternalTrigConvCmd)
    ADC_GetCalibrationStatus                 0x08000433   Thumb Code    20  stm32f10x_adc.o(i.ADC_GetCalibrationStatus)
    ADC_GetConversionValue                   0x08000447   Thumb Code     8  stm32f10x_adc.o(i.ADC_GetConversionValue)
    ADC_GetFlagStatus                        0x0800044f   Thumb Code    18  stm32f10x_adc.o(i.ADC_GetFlagStatus)
    ADC_Init                                 0x08000461   Thumb Code    70  stm32f10x_adc.o(i.ADC_Init)
    ADC_RegularChannelConfig                 0x080004b1   Thumb Code   184  stm32f10x_adc.o(i.ADC_RegularChannelConfig)
    ADC_ResetCalibration                     0x08000569   Thumb Code    10  stm32f10x_adc.o(i.ADC_ResetCalibration)
    ADC_SoftwareStartConvCmd                 0x08000573   Thumb Code    22  stm32f10x_adc.o(i.ADC_SoftwareStartConvCmd)
    ADC_StartCalibration                     0x08000589   Thumb Code    10  stm32f10x_adc.o(i.ADC_StartCalibration)
    BUTTON_Config                            0x08000595   Thumb Code   252  button.o(i.BUTTON_Config)
    DMA1_Channel1_IRQHandler                 0x08000695   Thumb Code    34  senddata.o(i.DMA1_Channel1_IRQHandler)
    DMA_ClearITPendingBit                    0x080006bd   Thumb Code    18  stm32f10x_dma.o(i.DMA_ClearITPendingBit)
    DMA_Cmd                                  0x080006d9   Thumb Code    24  stm32f10x_dma.o(i.DMA_Cmd)
    DMA_GetITStatus                          0x080006f1   Thumb Code    36  stm32f10x_dma.o(i.DMA_GetITStatus)
    DMA_ITConfig                             0x0800071d   Thumb Code    18  stm32f10x_dma.o(i.DMA_ITConfig)
    DMA_Init                                 0x0800072f   Thumb Code    60  stm32f10x_dma.o(i.DMA_Init)
    EXTI15_10_IRQHandler                     0x0800076d   Thumb Code   274  senddata.o(i.EXTI15_10_IRQHandler)
    EXTI1_IRQHandler                         0x08000889   Thumb Code   196  nrf.o(i.EXTI1_IRQHandler)
    EXTI_ClearITPendingBit                   0x0800096d   Thumb Code     6  stm32f10x_exti.o(i.EXTI_ClearITPendingBit)
    EXTI_GetITStatus                         0x08000979   Thumb Code    34  stm32f10x_exti.o(i.EXTI_GetITStatus)
    EXTI_Init                                0x080009a1   Thumb Code   142  stm32f10x_exti.o(i.EXTI_Init)
    GPIO_EXTILineConfig                      0x08000a35   Thumb Code    60  stm32f10x_gpio.o(i.GPIO_EXTILineConfig)
    GPIO_Init                                0x08000a75   Thumb Code   278  stm32f10x_gpio.o(i.GPIO_Init)
    GPIO_ResetBits                           0x08000b8b   Thumb Code     4  stm32f10x_gpio.o(i.GPIO_ResetBits)
    GPIO_SetBits                             0x08000b8f   Thumb Code     4  stm32f10x_gpio.o(i.GPIO_SetBits)
    Get_Adc                                  0x08000b95   Thumb Code    46  adc.o(i.Get_Adc)
    IIC_Start                                0x08000bc9   Thumb Code    36  oled.o(i.IIC_Start)
    IIC_Stop                                 0x08000bf1   Thumb Code    28  oled.o(i.IIC_Stop)
    IIC_Wait_Ack                             0x08000c11   Thumb Code    20  oled.o(i.IIC_Wait_Ack)
    LED_Config                               0x08000c29   Thumb Code    48  led.o(i.LED_Config)
    LED_Off                                  0x08000c5d   Thumb Code    14  led.o(i.LED_Off)
    LED_On                                   0x08000c71   Thumb Code    14  led.o(i.LED_On)
    LED_Toggle                               0x08000c85   Thumb Code    12  led.o(i.LED_Toggle)
    NRF24L01_Check                           0x08000c95   Thumb Code   104  bsp_nrf.o(i.NRF24L01_Check)
    NRF24L01_Read_Buf                        0x08000d11   Thumb Code    56  bsp_nrf.o(i.NRF24L01_Read_Buf)
    NRF24L01_Read_Reg                        0x08000d4d   Thumb Code    36  bsp_nrf.o(i.NRF24L01_Read_Reg)
    NRF24L01_TxPacket                        0x08000d79   Thumb Code    88  bsp_nrf.o(i.NRF24L01_TxPacket)
    NRF24L01_WT_Init                         0x08000dd9   Thumb Code   102  bsp_nrf.o(i.NRF24L01_WT_Init)
    NRF24L01_Write_Buf                       0x08000e51   Thumb Code    56  bsp_nrf.o(i.NRF24L01_Write_Buf)
    NRF24L01_Write_Reg                       0x08000e8d   Thumb Code    38  bsp_nrf.o(i.NRF24L01_Write_Reg)
    NRF_ReceivePacket                        0x08000ebd   Thumb Code    52  nrf.o(i.NRF_ReceivePacket)
    NVIC_Config                              0x08000ef5   Thumb Code    86  nvic.o(i.NVIC_Config)
    OLED_Clear                               0x08000f8b   Thumb Code    62  oled.o(i.OLED_Clear)
    OLED_Init                                0x08000fc9   Thumb Code   268  oled.o(i.OLED_Init)
    OLED_Set_Pos                             0x080010d9   Thumb Code    40  oled.o(i.OLED_Set_Pos)
    OLED_ShowChar                            0x08001101   Thumb Code   154  oled.o(i.OLED_ShowChar)
    OLED_ShowNum                             0x080011a5   Thumb Code   122  oled.o(i.OLED_ShowNum)
    OLED_ShowString                          0x0800121f   Thumb Code    58  oled.o(i.OLED_ShowString)
    OLED_WR_Byte                             0x08001259   Thumb Code    24  oled.o(i.OLED_WR_Byte)
    RCC_ADCCLKConfig                         0x08001271   Thumb Code    18  stm32f10x_rcc.o(i.RCC_ADCCLKConfig)
    RCC_AHBPeriphClockCmd                    0x08001289   Thumb Code    26  stm32f10x_rcc.o(i.RCC_AHBPeriphClockCmd)
    RCC_APB1PeriphClockCmd                   0x080012a9   Thumb Code    26  stm32f10x_rcc.o(i.RCC_APB1PeriphClockCmd)
    RCC_APB2PeriphClockCmd                   0x080012c9   Thumb Code    26  stm32f10x_rcc.o(i.RCC_APB2PeriphClockCmd)
    RCC_GetClocksFreq                        0x080012e9   Thumb Code   192  stm32f10x_rcc.o(i.RCC_GetClocksFreq)
    RX_Mode                                  0x080013bd   Thumb Code    48  nrf.o(i.RX_Mode)
    SEND_BUF                                 0x080013f1   Thumb Code    66  bsp_nrf.o(i.SEND_BUF)
    SPI_GPIO_Init                            0x0800143d   Thumb Code   132  bsp_nrf.o(i.SPI_GPIO_Init)
    SPI_RW                                   0x080014c9   Thumb Code    62  bsp_nrf.o(i.SPI_RW)
    SPI_Read_Buf                             0x08001511   Thumb Code    72  spi.o(i.SPI_Read_Buf)
    SPI_Read_Byte                            0x08001561   Thumb Code    50  spi.o(i.SPI_Read_Byte)
    SPI_Write_Byte                           0x08001599   Thumb Code    56  spi.o(i.SPI_Write_Byte)
    SysTick_Handler                          0x080016c1   Thumb Code    18  systick.o(i.SysTick_Handler)
    SysTick_Init                             0x080016d9   Thumb Code    38  systick.o(i.SysTick_Init)
    SystemInit                               0x08001709   Thumb Code    78  system_stm32f10x.o(i.SystemInit)
    TIM_ARRPreloadConfig                     0x08001769   Thumb Code    24  stm32f10x_tim.o(i.TIM_ARRPreloadConfig)
    TIM_Cmd                                  0x08001781   Thumb Code    24  stm32f10x_tim.o(i.TIM_Cmd)
    TIM_OC4Init                              0x08001799   Thumb Code   114  stm32f10x_tim.o(i.TIM_OC4Init)
    TIM_OC4PreloadConfig                     0x08001815   Thumb Code    26  stm32f10x_tim.o(i.TIM_OC4PreloadConfig)
    TIM_OCTigrConfig                         0x08001831   Thumb Code   108  tim_octigr.o(i.TIM_OCTigrConfig)
    TIM_TimeBaseInit                         0x080018a1   Thumb Code   122  stm32f10x_tim.o(i.TIM_TimeBaseInit)
    USART_Cmd                                0x08001945   Thumb Code    24  stm32f10x_usart.o(i.USART_Cmd)
    USART_Config                             0x0800195d   Thumb Code   122  usart.o(i.USART_Config)
    USART_GetFlagStatus                      0x080019e1   Thumb Code    26  stm32f10x_usart.o(i.USART_GetFlagStatus)
    USART_Init                               0x080019fd   Thumb Code   210  stm32f10x_usart.o(i.USART_Init)
    USART_SendData                           0x08001ad5   Thumb Code     8  stm32f10x_usart.o(i.USART_SendData)
    Write_IIC_Byte                           0x08001add   Thumb Code    80  oled.o(i.Write_IIC_Byte)
    Write_IIC_Command                        0x08001b31   Thumb Code    44  oled.o(i.Write_IIC_Command)
    Write_IIC_Data                           0x08001b5d   Thumb Code    44  oled.o(i.Write_IIC_Data)
    __0printf$1                              0x08001b89   Thumb Code    22  printf1.o(i.__0printf$1)
    __1printf$1                              0x08001b89   Thumb Code     0  printf1.o(i.__0printf$1)
    __2printf                                0x08001b89   Thumb Code     0  printf1.o(i.__0printf$1)
    __scatterload_copy                       0x08001bd1   Thumb Code    14  handlers.o(i.__scatterload_copy)
    __scatterload_null                       0x08001bdf   Thumb Code     2  handlers.o(i.__scatterload_null)
    __scatterload_zeroinit                   0x08001be1   Thumb Code    14  handlers.o(i.__scatterload_zeroinit)
    delay_ms                                 0x08001d45   Thumb Code    62  systick.o(i.delay_ms)
    fputc                                    0x08001da5   Thumb Code    32  usart.o(i.fputc)
    main                                     0x08001dc9   Thumb Code   918  main.o(i.main)
    oled_pow                                 0x080021b1   Thumb Code    22  oled.o(i.oled_pow)
    qwe                                      0x080021c9   Thumb Code    32  deal_datapacket.o(i.qwe)
    F6x8                                     0x080021f0   Data         552  oled.o(.constdata)
    F8X16                                    0x08002418   Data        1520  oled.o(.constdata)
    Region$$Table$$Base                      0x08002a08   Number         0  anon$$obj.o(Region$$Table)
    Region$$Table$$Limit                     0x08002a28   Number         0  anon$$obj.o(Region$$Table)
    NRF24L01_RX_Data                         0x20000000   Data           3  main.o(.data)
    NRF24L01_TX_Data                         0x20000003   Data           3  main.o(.data)
    count                                    0x20000008   Data           4  systick.o(.data)
    ADC_CALIBRATOR_OK                        0x2000000c   Data           1  adc_dma.o(.data)
    ADC_ConvertedValue                       0x2000000e   Data           8  adc_dma.o(.data)
    ADC_Calibrator                           0x20000016   Data           8  adc_dma.o(.data)
    ButtonMask                               0x20000030   Data           1  button.o(.data)
    SENSER_OFFSET_FLAG                       0x20000032   Data           1  deal_datapacket.o(.data)
    dataPID                                  0x20000033   Data           1  deal_datapacket.o(.data)
    accelerator                              0x20000034   Data           2  deal_datapacket.o(.data)
    ADC_Value                                0x20000036   Data           8  deal_datapacket.o(.data)
    TX_CNT                                   0x20000040   Data           2  senddata.o(.data)
    TX_ERROR                                 0x20000042   Data           2  senddata.o(.data)
    TX_ERROR_PERCENT                         0x20000044   Data           4  senddata.o(.data)
    TX_ADDRESS                               0x20000048   Data           5  nrf.o(.data)
    RX_ADDRESS                               0x2000004d   Data           5  nrf.o(.data)
    sta                                      0x20000052   Data           1  nrf.o(.data)
    RxBuf                                    0x20000053   Data           3  nrf.o(.data)
    FLYDataRx_OK                             0x20000056   Data           1  nrf.o(.data)
    FLY_Connect_OK                           0x20000057   Data           1  nrf.o(.data)
    Reconnection_flag                        0x20000058   Data           1  nrf.o(.data)
    status                                   0x2000005b   Data           1  spi.o(.data)
    SystemCoreClock                          0x20000070   Data           4  system_stm32f10x.o(.data)
    AHBPrescTable                            0x20000074   Data          16  system_stm32f10x.o(.data)
    __stdout                                 0x20000084   Data           4  stdout.o(.data)
    __initial_sp                             0x20000488   Data           0  startup_stm32f10x_md.o(STACK)



==============================================================================

Memory Map of the image

  Image Entry point : 0x080000ed

  Load Region LR_IROM1 (Base: 0x08000000, Size: 0x00002ab0, Max: 0x00010000, ABSOLUTE)

    Execution Region ER_IROM1 (Base: 0x08000000, Size: 0x00002a28, Max: 0x00010000, ABSOLUTE)

    Base Addr    Size         Type   Attr      Idx    E Section Name        Object

    0x08000000   0x000000ec   Data   RO         2982    RESET               startup_stm32f10x_md.o
    0x080000ec   0x00000000   Code   RO         3033  * .ARM.Collect$$$$00000000  mc_w.l(entry.o)
    0x080000ec   0x00000004   Code   RO         3311    .ARM.Collect$$$$00000001  mc_w.l(entry2.o)
    0x080000f0   0x00000004   Code   RO         3314    .ARM.Collect$$$$00000004  mc_w.l(entry5.o)
    0x080000f4   0x00000000   Code   RO         3316    .ARM.Collect$$$$00000008  mc_w.l(entry7b.o)
    0x080000f4   0x00000000   Code   RO         3318    .ARM.Collect$$$$0000000A  mc_w.l(entry8b.o)
    0x080000f4   0x00000008   Code   RO         3319    .ARM.Collect$$$$0000000B  mc_w.l(entry9a.o)
    0x080000fc   0x00000000   Code   RO         3321    .ARM.Collect$$$$0000000D  mc_w.l(entry10a.o)
    0x080000fc   0x00000000   Code   RO         3323    .ARM.Collect$$$$0000000F  mc_w.l(entry11a.o)
    0x080000fc   0x00000004   Code   RO         3312    .ARM.Collect$$$$00002712  mc_w.l(entry2.o)
    0x08000100   0x00000024   Code   RO         2983    .text               startup_stm32f10x_md.o
    0x08000124   0x0000002c   Code   RO         3326    .text               mc_w.l(uidiv.o)
    0x08000150   0x00000024   Code   RO         3343    .text               mc_w.l(init.o)
    0x08000174   0x00000128   Code   RO          326    i.ADC_Calibration   adc_dma.o
    0x0800029c   0x00000016   Code   RO         1173    i.ADC_Cmd           stm32f10x_adc.o
    0x080002b2   0x00000016   Code   RO         1174    i.ADC_DMACmd        stm32f10x_adc.o
    0x080002c8   0x00000154   Code   RO          327    i.ADC_DmaConfig     adc_dma.o
    0x0800041c   0x00000016   Code   RO         1178    i.ADC_ExternalTrigConvCmd  stm32f10x_adc.o
    0x08000432   0x00000014   Code   RO         1181    i.ADC_GetCalibrationStatus  stm32f10x_adc.o
    0x08000446   0x00000008   Code   RO         1182    i.ADC_GetConversionValue  stm32f10x_adc.o
    0x0800044e   0x00000012   Code   RO         1184    i.ADC_GetFlagStatus  stm32f10x_adc.o
    0x08000460   0x00000050   Code   RO         1191    i.ADC_Init          stm32f10x_adc.o
    0x080004b0   0x000000b8   Code   RO         1195    i.ADC_RegularChannelConfig  stm32f10x_adc.o
    0x08000568   0x0000000a   Code   RO         1196    i.ADC_ResetCalibration  stm32f10x_adc.o
    0x08000572   0x00000016   Code   RO         1198    i.ADC_SoftwareStartConvCmd  stm32f10x_adc.o
    0x08000588   0x0000000a   Code   RO         1200    i.ADC_StartCalibration  stm32f10x_adc.o
    0x08000592   0x00000002   PAD
    0x08000594   0x00000100   Code   RO          366    i.BUTTON_Config     button.o
    0x08000694   0x00000028   Code   RO          447    i.DMA1_Channel1_IRQHandler  senddata.o
    0x080006bc   0x0000001c   Code   RO         1402    i.DMA_ClearITPendingBit  stm32f10x_dma.o
    0x080006d8   0x00000018   Code   RO         1403    i.DMA_Cmd           stm32f10x_dma.o
    0x080006f0   0x0000002c   Code   RO         1407    i.DMA_GetITStatus   stm32f10x_dma.o
    0x0800071c   0x00000012   Code   RO         1408    i.DMA_ITConfig      stm32f10x_dma.o
    0x0800072e   0x0000003c   Code   RO         1409    i.DMA_Init          stm32f10x_dma.o
    0x0800076a   0x00000002   PAD
    0x0800076c   0x0000011c   Code   RO          448    i.EXTI15_10_IRQHandler  senddata.o
    0x08000888   0x000000e4   Code   RO         1001    i.EXTI1_IRQHandler  nrf.o
    0x0800096c   0x0000000c   Code   RO         1486    i.EXTI_ClearITPendingBit  stm32f10x_exti.o
    0x08000978   0x00000028   Code   RO         1490    i.EXTI_GetITStatus  stm32f10x_exti.o
    0x080009a0   0x00000094   Code   RO         1491    i.EXTI_Init         stm32f10x_exti.o
    0x08000a34   0x00000040   Code   RO         1740    i.GPIO_EXTILineConfig  stm32f10x_gpio.o
    0x08000a74   0x00000116   Code   RO         1743    i.GPIO_Init         stm32f10x_gpio.o
    0x08000b8a   0x00000004   Code   RO         1750    i.GPIO_ResetBits    stm32f10x_gpio.o
    0x08000b8e   0x00000004   Code   RO         1751    i.GPIO_SetBits      stm32f10x_gpio.o
    0x08000b92   0x00000002   PAD
    0x08000b94   0x00000034   Code   RO          870    i.Get_Adc           adc.o
    0x08000bc8   0x00000028   Code   RO          492    i.IIC_Start         oled.o
    0x08000bf0   0x00000020   Code   RO          493    i.IIC_Stop          oled.o
    0x08000c10   0x00000018   Code   RO          494    i.IIC_Wait_Ack      oled.o
    0x08000c28   0x00000034   Code   RO          230    i.LED_Config        led.o
    0x08000c5c   0x00000014   Code   RO          231    i.LED_Off           led.o
    0x08000c70   0x00000014   Code   RO          232    i.LED_On            led.o
    0x08000c84   0x00000010   Code   RO          233    i.LED_Toggle        led.o
    0x08000c94   0x0000007c   Code   RO          906    i.NRF24L01_Check    bsp_nrf.o
    0x08000d10   0x0000003c   Code   RO          907    i.NRF24L01_Read_Buf  bsp_nrf.o
    0x08000d4c   0x0000002c   Code   RO          908    i.NRF24L01_Read_Reg  bsp_nrf.o
    0x08000d78   0x00000060   Code   RO          910    i.NRF24L01_TxPacket  bsp_nrf.o
    0x08000dd8   0x00000078   Code   RO          911    i.NRF24L01_WT_Init  bsp_nrf.o
    0x08000e50   0x0000003c   Code   RO          912    i.NRF24L01_Write_Buf  bsp_nrf.o
    0x08000e8c   0x00000030   Code   RO          913    i.NRF24L01_Write_Reg  bsp_nrf.o
    0x08000ebc   0x00000038   Code   RO         1003    i.NRF_ReceivePacket  nrf.o
    0x08000ef4   0x00000056   Code   RO          147    i.NVIC_Config       nvic.o
    0x08000f4a   0x00000040   Code   RO          148    i.NVIC_EncodePriority  nvic.o
    0x08000f8a   0x0000003e   Code   RO          495    i.OLED_Clear        oled.o
    0x08000fc8   0x00000110   Code   RO          501    i.OLED_Init         oled.o
    0x080010d8   0x00000028   Code   RO          503    i.OLED_Set_Pos      oled.o
    0x08001100   0x000000a4   Code   RO          507    i.OLED_ShowChar     oled.o
    0x080011a4   0x0000007a   Code   RO          508    i.OLED_ShowNum      oled.o
    0x0800121e   0x0000003a   Code   RO          509    i.OLED_ShowString   oled.o
    0x08001258   0x00000018   Code   RO          510    i.OLED_WR_Byte      oled.o
    0x08001270   0x00000018   Code   RO         1863    i.RCC_ADCCLKConfig  stm32f10x_rcc.o
    0x08001288   0x00000020   Code   RO         1864    i.RCC_AHBPeriphClockCmd  stm32f10x_rcc.o
    0x080012a8   0x00000020   Code   RO         1865    i.RCC_APB1PeriphClockCmd  stm32f10x_rcc.o
    0x080012c8   0x00000020   Code   RO         1867    i.RCC_APB2PeriphClockCmd  stm32f10x_rcc.o
    0x080012e8   0x000000d4   Code   RO         1875    i.RCC_GetClocksFreq  stm32f10x_rcc.o
    0x080013bc   0x00000034   Code   RO         1005    i.RX_Mode           nrf.o
    0x080013f0   0x0000004c   Code   RO          914    i.SEND_BUF          bsp_nrf.o
    0x0800143c   0x0000008c   Code   RO          915    i.SPI_GPIO_Init     bsp_nrf.o
    0x080014c8   0x00000048   Code   RO          916    i.SPI_RW            bsp_nrf.o
    0x08001510   0x00000050   Code   RO         1069    i.SPI_Read_Buf      spi.o
    0x08001560   0x00000038   Code   RO         1070    i.SPI_Read_Byte     spi.o
    0x08001598   0x00000040   Code   RO         1072    i.SPI_Write_Byte    spi.o
    0x080015d8   0x00000008   Code   RO         2990    i.SetSysClock       system_stm32f10x.o
    0x080015e0   0x000000e0   Code   RO         2991    i.SetSysClockTo72   system_stm32f10x.o
    0x080016c0   0x00000018   Code   RO          185    i.SysTick_Handler   systick.o
    0x080016d8   0x00000030   Code   RO          186    i.SysTick_Init      systick.o
    0x08001708   0x00000060   Code   RO         2993    i.SystemInit        system_stm32f10x.o
    0x08001768   0x00000018   Code   RO         2235    i.TIM_ARRPreloadConfig  stm32f10x_tim.o
    0x08001780   0x00000018   Code   RO         2247    i.TIM_Cmd           stm32f10x_tim.o
    0x08001798   0x0000007c   Code   RO         2291    i.TIM_OC4Init       stm32f10x_tim.o
    0x08001814   0x0000001a   Code   RO         2293    i.TIM_OC4PreloadConfig  stm32f10x_tim.o
    0x0800182e   0x00000002   PAD
    0x08001830   0x00000070   Code   RO          302    i.TIM_OCTigrConfig  tim_octigr.o
    0x080018a0   0x000000a4   Code   RO         2318    i.TIM_TimeBaseInit  stm32f10x_tim.o
    0x08001944   0x00000018   Code   RO         2795    i.USART_Cmd         stm32f10x_usart.o
    0x0800195c   0x00000084   Code   RO          272    i.USART_Config      usart.o
    0x080019e0   0x0000001a   Code   RO         2798    i.USART_GetFlagStatus  stm32f10x_usart.o
    0x080019fa   0x00000002   PAD
    0x080019fc   0x000000d8   Code   RO         2802    i.USART_Init        stm32f10x_usart.o
    0x08001ad4   0x00000008   Code   RO         2812    i.USART_SendData    stm32f10x_usart.o
    0x08001adc   0x00000054   Code   RO          511    i.Write_IIC_Byte    oled.o
    0x08001b30   0x0000002c   Code   RO          512    i.Write_IIC_Command  oled.o
    0x08001b5c   0x0000002c   Code   RO          513    i.Write_IIC_Data    oled.o
    0x08001b88   0x00000020   Code   RO         3081    i.__0printf$1       mc_w.l(printf1.o)
    0x08001ba8   0x00000028   Code   RO          149    i.__NVIC_SetPriority  nvic.o
    0x08001bd0   0x0000000e   Code   RO         3355    i.__scatterload_copy  mc_w.l(handlers.o)
    0x08001bde   0x00000002   Code   RO         3356    i.__scatterload_null  mc_w.l(handlers.o)
    0x08001be0   0x0000000e   Code   RO         3357    i.__scatterload_zeroinit  mc_w.l(handlers.o)
    0x08001bee   0x00000002   PAD
    0x08001bf0   0x00000154   Code   RO         3088    i._printf_core      mc_w.l(printf1.o)
    0x08001d44   0x00000044   Code   RO          187    i.delay_ms          systick.o
    0x08001d88   0x0000001a   Code   RO          918    i.delay_us          bsp_nrf.o
    0x08001da2   0x00000002   PAD
    0x08001da4   0x00000024   Code   RO          273    i.fputc             usart.o
    0x08001dc8   0x000003e8   Code   RO            4    i.main              main.o
    0x080021b0   0x00000016   Code   RO          515    i.oled_pow          oled.o
    0x080021c6   0x00000002   PAD
    0x080021c8   0x00000028   Code   RO          397    i.qwe               deal_datapacket.o
    0x080021f0   0x00000818   Data   RO          516    .constdata          oled.o
    0x08002a08   0x00000020   Data   RO         3353    Region$$Table       anon$$obj.o


    Execution Region RW_IRAM1 (Base: 0x20000000, Size: 0x00000488, Max: 0x00005000, ABSOLUTE)

    Base Addr    Size         Type   Attr      Idx    E Section Name        Object

    0x20000000   0x00000006   Data   RW            5    .data               main.o
    0x20000006   0x00000002   PAD
    0x20000008   0x00000004   Data   RW          189    .data               systick.o
    0x2000000c   0x00000024   Data   RW          328    .data               adc_dma.o
    0x20000030   0x00000001   Data   RW          367    .data               button.o
    0x20000031   0x00000001   PAD
    0x20000032   0x0000000c   Data   RW          399    .data               deal_datapacket.o
    0x2000003e   0x00000002   PAD
    0x20000040   0x00000008   Data   RW          450    .data               senddata.o
    0x20000048   0x00000013   Data   RW         1008    .data               nrf.o
    0x2000005b   0x00000001   Data   RW         1073    .data               spi.o
    0x2000005c   0x00000014   Data   RW         1895    .data               stm32f10x_rcc.o
    0x20000070   0x00000014   Data   RW         2994    .data               system_stm32f10x.o
    0x20000084   0x00000004   Data   RW         3325    .data               mc_w.l(stdout.o)
    0x20000088   0x00000400   Zero   RW         2980    STACK               startup_stm32f10x_md.o


==============================================================================

Image component sizes


      Code (inc. data)   RO Data    RW Data    ZI Data      Debug   Object Name

        52          6          0          0          0        470   adc.o
       636         46          0         36          0      26959   adc_dma.o
       866        100          0          0          0       6094   bsp_nrf.o
       256          4          0          1          0        937   button.o
        40          8          0         12          0       2019   deal_datapacket.o
       108         20          0          0          0       1717   led.o
      1000         82          0          6          0     274640   main.o
       336         40          0         19          0       2993   nrf.o
       190          8          0          0          0       1646   nvic.o
      1032         30       2072          0          0       8348   oled.o
       324         16          0          8          0       1353   senddata.o
       200         22          0          1          0       2097   spi.o
        36          8        236          0       1024        796   startup_stm32f10x_md.o
       418         10          0          0          0       8876   stm32f10x_adc.o
       174         18          0          0          0       4710   stm32f10x_dma.o
       200         18          0          0          0       2268   stm32f10x_exti.o
       350          4          0          0          0       3838   stm32f10x_gpio.o
       332         44          0         20          0       5749   stm32f10x_rcc.o
       362         52          0          0          0       3793   stm32f10x_tim.o
       274          6          0          0          0       4180   stm32f10x_usart.o
       328         28          0         20          0       2241   system_stm32f10x.o
       140         22          0          4          0       1444   systick.o
       112          4          0          0          0        611   tim_octigr.o
       168         14          0          0          0       1067   usart.o

    ----------------------------------------------------------------------
      7948        610       2340        132       1024     368846   Object Totals
         0          0         32          0          0          0   (incl. Generated)
        14          0          0          5          0          0   (incl. Padding)

    ----------------------------------------------------------------------

      Code (inc. data)   RO Data    RW Data    ZI Data      Debug   Library Member Name

         0          0          0          0          0          0   entry.o
         0          0          0          0          0          0   entry10a.o
         0          0          0          0          0          0   entry11a.o
         8          4          0          0          0          0   entry2.o
         4          0          0          0          0          0   entry5.o
         0          0          0          0          0          0   entry7b.o
         0          0          0          0          0          0   entry8b.o
         8          4          0          0          0          0   entry9a.o
        30          0          0          0          0          0   handlers.o
        36          8          0          0          0         68   init.o
       372         14          0          0          0        184   printf1.o
         0          0          0          4          0          0   stdout.o
        44          0          0          0          0         80   uidiv.o

    ----------------------------------------------------------------------
       504         30          0          4          0        332   Library Totals
         2          0          0          0          0          0   (incl. Padding)

    ----------------------------------------------------------------------

      Code (inc. data)   RO Data    RW Data    ZI Data      Debug   Library Name

       502         30          0          4          0        332   mc_w.l

    ----------------------------------------------------------------------
       504         30          0          4          0        332   Library Totals

    ----------------------------------------------------------------------

==============================================================================


      Code (inc. data)   RO Data    RW Data    ZI Data      Debug   

      8452        640       2340        136       1024     364598   Grand Totals
      8452        640       2340        136       1024     364598   ELF Image Totals
      8452        640       2340        136          0          0   ROM Totals

==============================================================================

    Total RO  Size (Code + RO Data)                10792 (  10.54kB)
    Total RW  Size (RW Data + ZI Data)              1160 (   1.13kB)
    Total ROM Size (Code + RO Data + RW Data)      10928 (  10.67kB)

==============================================================================

